Component: ARM Compiler 5.06 update 6 (build 750) Tool: armlink [4d35ed]

==============================================================================

Section Cross References

    startup_mk66f18.o(RESET) refers to startup_mk66f18.o(STACK) for __initial_sp
    startup_mk66f18.o(RESET) refers to startup_mk66f18.o(.text) for Reset_Handler
    startup_mk66f18.o(RESET) refers to isr.o(i.DMA0_IRQHandler) for DMA0_IRQHandler
    startup_mk66f18.o(RESET) refers to isr.o(i.UART0_RX_TX_IRQHandler) for UART0_RX_TX_IRQHandler
    startup_mk66f18.o(RESET) refers to isr.o(i.UART3_RX_TX_IRQHandler) for UART3_RX_TX_IRQHandler
    startup_mk66f18.o(RESET) refers to isr.o(i.PIT0_IRQHandler) for PIT0_IRQHandler
    startup_mk66f18.o(RESET) refers to isr.o(i.PIT1_IRQHandler) for PIT1_IRQHandler
    startup_mk66f18.o(RESET) refers to isr.o(i.PIT2_IRQHandler) for PIT2_IRQHandler
    startup_mk66f18.o(RESET) refers to isr.o(i.PORTC_IRQHandler) for PORTC_IRQHandler
    startup_mk66f18.o(RESET) refers to isr.o(i.PORTE_IRQHandler) for PORTE_IRQHandler
    startup_mk66f18.o(RESET) refers to isr.o(i.UART4_RX_TX_IRQHandler) for UART4_RX_TX_IRQHandler
    startup_mk66f18.o(.text) refers to system_mk66.o(i.Start) for Start
    startup_mk66f18.o(.text) refers to entry.o(.ARM.Collect$$$$00000000) for __main
    system_mk66.o(i.SYSTEM_CLK) refers to system_mk66.o(i.div_set) for div_set
    system_mk66.o(i.Start) refers to system_mk66.o(i.Disable_Wdog) for Disable_Wdog
    system_mk66.o(i.Start) refers to system_mk66.o(i.SYSTEM_CLK) for SYSTEM_CLK
    system_mk66.o(i.Start) refers to gpio.o(i.gpio_init) for gpio_init
    smartcar_init.o(i.car_communication_init) refers to nrf2401.o(i.NRF2401_Init) for NRF2401_Init
    smartcar_init.o(i.car_communication_init) refers to oled.o(i.OLED_P6x8Str) for OLED_P6x8Str
    smartcar_init.o(i.car_communication_init) refers to nrf2401.o(i.NRF2401_SetRXMode) for NRF2401_SetRXMode
    smartcar_init.o(i.car_init) refers to buzzer.o(i.buzzer_Init) for buzzer_Init
    smartcar_init.o(i.car_init) refers to buzzer.o(i.buzzer_Ring) for buzzer_Ring
    smartcar_init.o(i.car_init) refers to key.o(i.Key_Init) for Key_Init
    smartcar_init.o(i.car_init) refers to smartcar_init.o(i.car_interrupt_init) for car_interrupt_init
    smartcar_init.o(i.car_init) refers to smartcar_init.o(i.car_communication_init) for car_communication_init
    smartcar_init.o(i.car_init) refers to oled.o(i.OLED_P6x8Str) for OLED_P6x8Str
    smartcar_init.o(i.car_interrupt_init) refers to pit.o(i.pit_init) for pit_init
    smartcar_init.o(i.car_interrupt_init) refers to common.o(.data) for bus_clk_mhz
    buzzer.o(i.buzzer_Init) refers to gpio.o(i.gpio_init) for gpio_init
    buzzer.o(i.buzzer_Ring) refers to systick.o(i.systick_delay_ms) for systick_delay_ms
    key.o(i.Key_Check) refers to systick.o(i.systick_delay_ms) for systick_delay_ms
    key.o(i.Key_Init) refers to gpio.o(i.gpio_init) for gpio_init
    nrf2401.o(i.NRF2401_Init) refers to gpio.o(i.gpio_init) for gpio_init
    nrf2401.o(i.NRF2401_Init) refers to nrf2401.o(i.NVIC_DisableIRQ) for NVIC_DisableIRQ
    nrf2401.o(i.NRF2401_Init) refers to port.o(i.port_init) for port_init
    nrf2401.o(i.NRF2401_Init) refers to nrf2401.o(i.NRF24L01_Check) for NRF24L01_Check
    nrf2401.o(i.NRF2401_ReadBuffer) refers to nrf2401.o(i.NRF2401_ReadWriteByte) for NRF2401_ReadWriteByte
    nrf2401.o(i.NRF2401_ReadWriteReg) refers to nrf2401.o(i.NRF2401_ReadWriteByte) for NRF2401_ReadWriteByte
    nrf2401.o(i.NRF2401_RecData) refers to nrf2401.o(i.NRF2401_ReadWriteReg) for NRF2401_ReadWriteReg
    nrf2401.o(i.NRF2401_RecData) refers to nrf2401.o(i.NRF2401_ReadBuffer) for NRF2401_ReadBuffer
    nrf2401.o(i.NRF2401_SendData) refers to nrf2401.o(i.NRF2401_WriteBuffer) for NRF2401_WriteBuffer
    nrf2401.o(i.NRF2401_SendData) refers to nrf2401.o(i.NRF2401_ReadWriteReg) for NRF2401_ReadWriteReg
    nrf2401.o(i.NRF2401_SendData_Duplex) refers to nrf2401.o(i.NRF2401_SetTXMode) for NRF2401_SetTXMode
    nrf2401.o(i.NRF2401_SendData_Duplex) refers to nrf2401.o(i.NRF2401_SendData) for NRF2401_SendData
    nrf2401.o(i.NRF2401_SendData_Duplex) refers to nrf2401.o(i.NRF2401_SetRXMode) for NRF2401_SetRXMode
    nrf2401.o(i.NRF2401_SetRXMode) refers to nrf2401.o(i.NRF2401_WriteBuffer) for NRF2401_WriteBuffer
    nrf2401.o(i.NRF2401_SetRXMode) refers to nrf2401.o(i.NRF2401_ReadWriteReg) for NRF2401_ReadWriteReg
    nrf2401.o(i.NRF2401_SetRXMode) refers to nrf2401.o(.constdata) for RX_ADDRESS
    nrf2401.o(i.NRF2401_SetRXMode) refers to nrf2401.o(.data) for NRF2401Channel
    nrf2401.o(i.NRF2401_SetTXMode) refers to nrf2401.o(i.NVIC_DisableIRQ) for NVIC_DisableIRQ
    nrf2401.o(i.NRF2401_SetTXMode) refers to nrf2401.o(i.NRF2401_WriteBuffer) for NRF2401_WriteBuffer
    nrf2401.o(i.NRF2401_SetTXMode) refers to nrf2401.o(i.NRF2401_ReadWriteReg) for NRF2401_ReadWriteReg
    nrf2401.o(i.NRF2401_SetTXMode) refers to nrf2401.o(.constdata) for TX_ADDRESS
    nrf2401.o(i.NRF2401_SetTXMode) refers to nrf2401.o(.data) for NRF2401Channel
    nrf2401.o(i.NRF2401_WriteBuffer) refers to nrf2401.o(i.NRF2401_ReadWriteByte) for NRF2401_ReadWriteByte
    nrf2401.o(i.NRF24L01_Check) refers to nrf2401.o(i.NRF2401_WriteBuffer) for NRF2401_WriteBuffer
    nrf2401.o(i.NRF24L01_Check) refers to nrf2401.o(i.NRF2401_ReadBuffer) for NRF2401_ReadBuffer
    oled.o(i.OLED_ClrPixel) refers to oled.o(i.OLED_Set_Pos) for OLED_Set_Pos
    oled.o(i.OLED_ClrPixel) refers to oled.o(i.OLED_WrCmd) for OLED_WrCmd
    oled.o(i.OLED_ClrPixel) refers to oled.o(i.OLED_WrDat) for OLED_WrDat
    oled.o(i.OLED_Fill) refers to oled.o(i.OLED_WrCmd) for OLED_WrCmd
    oled.o(i.OLED_Fill) refers to oled.o(i.OLED_WrDat) for OLED_WrDat
    oled.o(i.OLED_Init) refers to gpio.o(i.gpio_init) for gpio_init
    oled.o(i.OLED_Init) refers to port.o(i.port_init_NoAlt) for port_init_NoAlt
    oled.o(i.OLED_Init) refers to gpio.o(i.gpio_set) for gpio_set
    oled.o(i.OLED_Init) refers to oled.o(i.OLED_DLY_ms) for OLED_DLY_ms
    oled.o(i.OLED_Init) refers to oled.o(i.OLED_WrCmd) for OLED_WrCmd
    oled.o(i.OLED_Init) refers to oled.o(i.OLED_Fill) for OLED_Fill
    oled.o(i.OLED_Init) refers to oled.o(i.OLED_Set_Pos) for OLED_Set_Pos
    oled.o(i.OLED_P6x8Str) refers to oled.o(i.OLED_Set_Pos) for OLED_Set_Pos
    oled.o(i.OLED_P6x8Str) refers to oled.o(i.OLED_WrDat) for OLED_WrDat
    oled.o(i.OLED_P6x8Str) refers to oled.o(.constdata) for F6x8
    oled.o(i.OLED_P8x16Str) refers to oled.o(i.OLED_Set_Pos) for OLED_Set_Pos
    oled.o(i.OLED_P8x16Str) refers to oled.o(i.OLED_WrDat) for OLED_WrDat
    oled.o(i.OLED_P8x16Str) refers to oled.o(.constdata) for F8X16
    oled.o(i.OLED_Print_Num) refers to oled.o(i.OLED_HEXACSII) for OLED_HEXACSII
    oled.o(i.OLED_Print_Num) refers to oled.o(i.OLED_P8x16Str) for OLED_P8x16Str
    oled.o(i.OLED_Print_Num1) refers to oled.o(i.OLED_P6x8Str) for OLED_P6x8Str
    oled.o(i.OLED_Print_Num1) refers to oled.o(i.OLED_HEXACSII) for OLED_HEXACSII
    oled.o(i.OLED_PutPixel) refers to oled.o(i.OLED_Set_Pos) for OLED_Set_Pos
    oled.o(i.OLED_PutPixel) refers to oled.o(i.OLED_WrCmd) for OLED_WrCmd
    oled.o(i.OLED_PutPixel) refers to oled.o(i.OLED_WrDat) for OLED_WrDat
    oled.o(i.OLED_Set_Pos) refers to oled.o(i.OLED_WrCmd) for OLED_WrCmd
    oled.o(i.OLED_Wr6Dat) refers to gpio.o(i.gpio_set) for gpio_set
    oled.o(i.OLED_WrCmd) refers to gpio.o(i.gpio_set) for gpio_set
    oled.o(i.OLED_WrDat) refers to gpio.o(i.gpio_set) for gpio_set
    oled.o(i.dis_bmp) refers to oled.o(i.OLED_Set_Pos) for OLED_Set_Pos
    oled.o(i.dis_bmp) refers to oled.o(i.OLED_WrDat) for OLED_WrDat
    oled.o(i.dis_mybmp) refers to oled.o(i.OLED_Set_Pos) for OLED_Set_Pos
    oled.o(i.dis_mybmp) refers to oled.o(i.OLED_WrDat) for OLED_WrDat
    isr.o(i.PORTC_IRQHandler) refers to nrf2401.o(i.NRF2401_RecData) for NRF2401_RecData
    isr.o(i.PORTC_IRQHandler) refers to printf1.o(i.__0printf$1) for __2printf
    isr.o(i.PORTC_IRQHandler) refers to nrf2401.o(.bss) for NRF2401RXBuffer
    main.o(i.main) refers to common.o(i.get_clk) for get_clk
    main.o(i.main) refers to smartcar_init.o(i.car_init) for car_init
    main.o(i.main) refers to key.o(i.Key_Check) for Key_Check
    main.o(i.main) refers to main.o(i.sendToSlaveCar) for sendToSlaveCar
    main.o(i.main) refers to main.o(.data) for keydown
    main.o(i.main) refers to nrf2401.o(.bss) for NRF2401TXBuffer
    main.o(i.sendToSlaveCar) refers to nrf2401.o(i.NRF2401_SetTXMode) for NRF2401_SetTXMode
    main.o(i.sendToSlaveCar) refers to nrf2401.o(i.NRF2401_SendData) for NRF2401_SendData
    main.o(i.sendToSlaveCar) refers to printf1.o(i.__0printf$1) for __2printf
    main.o(i.sendToSlaveCar) refers to nrf2401.o(i.NRF2401_SetRXMode) for NRF2401_SetRXMode
    main.o(i.sendToSlaveCar) refers to nrf2401.o(.data) for NRF2401Channel
    main.o(i.sendToSlaveCar) refers to nrf2401.o(.bss) for NRF2401TXBuffer
    common.o(i.get_clk) refers to uart.o(i.uart_init) for uart_init
    common.o(i.get_clk) refers to common.o(.data) for mcgout_clk_mhz
    dma.o(i.dma_portx2buff_init) refers to port.o(i.port_init) for port_init
    dma.o(i.dma_portx2buff_init) refers to gpio.o(i.gpio_init) for gpio_init
    dma.o(i.dma_portx2buff_init_new) refers to gpio.o(i.gpio_init) for gpio_init
    dma.o(i.dma_portx2buff_init_new) refers to port.o(i.port_init) for port_init
    dma.o(i.dma_portx2buff_init_new2) refers to port.o(i.port_init) for port_init
    dmacnt.o(i.DMACNT_GetValue) refers to dmacnt.o(i.DMA_GetCurrDataCounter) for DMA_GetCurrDataCounter
    dmacnt.o(i.DMACNT_GetValue) refers to dmacnt.o(i.DMA_SetCurrDataCounter) for DMA_SetCurrDataCounter
    dmacnt.o(i.DMACNT_Init) refers to dma.o(i.dma_portx2buff_init_new2) for dma_portx2buff_init_new2
    dmacnt.o(i.DMACNT_Init) refers to port.o(i.port_init) for port_init
    dmacnt.o(i.DMACNT_Init) refers to dmacnt.o(.data) for Dummy
    ftm.o(i.FTM_port_mux) refers to port.o(i.port_init) for port_init
    ftm.o(i.ftm_input_clean) refers to ftm.o(.constdata) for FTMX
    ftm.o(i.ftm_input_get) refers to ftm.o(.constdata) for FTMX
    ftm.o(i.ftm_input_init) refers to ftm.o(i.FTM_port_mux) for FTM_port_mux
    ftm.o(i.ftm_input_init) refers to ftm.o(.constdata) for FTMX
    ftm.o(i.ftm_input_init) refers to common.o(.data) for bus_clk_mhz
    ftm.o(i.ftm_pwm_duty) refers to ftm.o(.data) for period
    ftm.o(i.ftm_pwm_duty) refers to ftm.o(.constdata) for FTMX
    ftm.o(i.ftm_pwm_freq) refers to common.o(.data) for bus_clk_mhz
    ftm.o(i.ftm_pwm_freq) refers to ftm.o(.data) for period
    ftm.o(i.ftm_pwm_freq) refers to ftm.o(.constdata) for FTMX
    ftm.o(i.ftm_pwm_init) refers to ftm.o(i.FTM_port_mux) for FTM_port_mux
    ftm.o(i.ftm_pwm_init) refers to common.o(.data) for bus_clk_mhz
    ftm.o(i.ftm_pwm_init) refers to ftm.o(.data) for period
    ftm.o(i.ftm_pwm_init) refers to ftm.o(.constdata) for FTMX
    ftm.o(i.ftm_quad_clean) refers to ftm.o(.constdata) for FTMX
    ftm.o(i.ftm_quad_get) refers to ftm.o(.constdata) for FTMX
    ftm.o(i.ftm_quad_init) refers to port.o(i.port_init) for port_init
    ftm.o(i.ftm_quad_init) refers to ftm.o(.constdata) for FTMX
    gpio.o(i.gpio_ddr) refers to gpio.o(.constdata) for GPIOX
    gpio.o(i.gpio_get) refers to gpio.o(.constdata) for GPIOX
    gpio.o(i.gpio_init) refers to gpio.o(.constdata) for PORTX
    gpio.o(i.gpio_set) refers to gpio.o(.constdata) for GPIOX
    gpio.o(i.gpio_turn) refers to gpio.o(.constdata) for GPIOX
    port.o(i.port_init) refers to port.o(.constdata) for PORTX
    port.o(i.port_init_NoAlt) refers to port.o(.constdata) for PORTX
    systick.o(i.systick_delay_ms) refers to systick.o(i.systick_delay) for systick_delay
    systick.o(i.systick_delay_ms) refers to common.o(.data) for core_clk_mhz
    uart.o(i.fputc) refers to uart.o(i.uart_putchar) for uart_putchar
    uart.o(i.uart_getchar) refers to uart.o(.data) for uart
    uart.o(i.uart_init) refers to port.o(i.port_init) for port_init
    uart.o(i.uart_init) refers to uart.o(.data) for uart
    uart.o(i.uart_init) refers to common.o(.data) for core_clk_mhz
    uart.o(i.uart_putbuff) refers to uart.o(i.uart_putchar) for uart_putchar
    uart.o(i.uart_putchar) refers to uart.o(.data) for uart
    uart.o(i.uart_putstr) refers to uart.o(i.uart_putchar) for uart_putchar
    uart.o(i.uart_querychar) refers to uart.o(.data) for uart
    uart.o(i.uart_rx_irq_dis) refers to uart.o(i.NVIC_DisableIRQ) for NVIC_DisableIRQ
    uart.o(i.uart_rx_irq_dis) refers to uart.o(.data) for uart
    uart.o(i.uart_rx_irq_en) refers to uart.o(i.NVIC_EnableIRQ) for NVIC_EnableIRQ
    uart.o(i.uart_rx_irq_en) refers to uart.o(.data) for uart
    uart.o(i.uart_txc_irq_dis) refers to uart.o(i.NVIC_DisableIRQ) for NVIC_DisableIRQ
    uart.o(i.uart_txc_irq_dis) refers to uart.o(.data) for uart
    uart.o(i.uart_txc_irq_en) refers to uart.o(i.NVIC_EnableIRQ) for NVIC_EnableIRQ
    uart.o(i.uart_txc_irq_en) refers to uart.o(.data) for uart
    entry.o(.ARM.Collect$$$$00000000) refers (Special) to entry10a.o(.ARM.Collect$$$$0000000D) for __rt_final_cpp
    entry.o(.ARM.Collect$$$$00000000) refers (Special) to entry11a.o(.ARM.Collect$$$$0000000F) for __rt_final_exit
    entry.o(.ARM.Collect$$$$00000000) refers (Special) to entry7b.o(.ARM.Collect$$$$00000008) for _main_clock
    entry.o(.ARM.Collect$$$$00000000) refers (Special) to entry8b.o(.ARM.Collect$$$$0000000A) for _main_cpp_init
    entry.o(.ARM.Collect$$$$00000000) refers (Special) to entry9a.o(.ARM.Collect$$$$0000000B) for _main_init
    entry.o(.ARM.Collect$$$$00000000) refers (Special) to entry5.o(.ARM.Collect$$$$00000004) for _main_scatterload
    entry.o(.ARM.Collect$$$$00000000) refers (Special) to entry2.o(.ARM.Collect$$$$00000001) for _main_stk
    printfb.o(i.__0fprintf$bare) refers to printfb.o(i._printf_core) for _printf_core
    printfb.o(i.__0fprintf$bare) refers to uart.o(i.fputc) for fputc
    printfb.o(i.__0printf$bare) refers to printfb.o(i._printf_core) for _printf_core
    printfb.o(i.__0printf$bare) refers to uart.o(i.fputc) for fputc
    printfb.o(i.__0printf$bare) refers to stdout.o(.data) for __stdout
    printfb.o(i.__0snprintf$bare) refers to printfb.o(i._printf_core) for _printf_core
    printfb.o(i.__0snprintf$bare) refers to printfb.o(i._snputc) for _snputc
    printfb.o(i.__0sprintf$bare) refers to printfb.o(i._printf_core) for _printf_core
    printfb.o(i.__0sprintf$bare) refers to printfb.o(i._sputc) for _sputc
    printfb.o(i.__0vfprintf$bare) refers to printfb.o(i._printf_core) for _printf_core
    printfb.o(i.__0vfprintf$bare) refers to uart.o(i.fputc) for fputc
    printfb.o(i.__0vprintf$bare) refers to printfb.o(i._printf_core) for _printf_core
    printfb.o(i.__0vprintf$bare) refers to uart.o(i.fputc) for fputc
    printfb.o(i.__0vprintf$bare) refers to stdout.o(.data) for __stdout
    printfb.o(i.__0vsnprintf$bare) refers to printfb.o(i._printf_core) for _printf_core
    printfb.o(i.__0vsnprintf$bare) refers to printfb.o(i._snputc) for _snputc
    printfb.o(i.__0vsprintf$bare) refers to printfb.o(i._printf_core) for _printf_core
    printfb.o(i.__0vsprintf$bare) refers to printfb.o(i._sputc) for _sputc
    printf0.o(i.__0fprintf$0) refers to printf0.o(i._printf_core) for _printf_core
    printf0.o(i.__0fprintf$0) refers to uart.o(i.fputc) for fputc
    printf0.o(i.__0printf$0) refers to printf0.o(i._printf_core) for _printf_core
    printf0.o(i.__0printf$0) refers to uart.o(i.fputc) for fputc
    printf0.o(i.__0printf$0) refers to stdout.o(.data) for __stdout
    printf0.o(i.__0snprintf$0) refers to printf0.o(i._printf_core) for _printf_core
    printf0.o(i.__0snprintf$0) refers to printf0.o(i._snputc) for _snputc
    printf0.o(i.__0sprintf$0) refers to printf0.o(i._printf_core) for _printf_core
    printf0.o(i.__0sprintf$0) refers to printf0.o(i._sputc) for _sputc
    printf0.o(i.__0vfprintf$0) refers to printf0.o(i._printf_core) for _printf_core
    printf0.o(i.__0vfprintf$0) refers to uart.o(i.fputc) for fputc
    printf0.o(i.__0vprintf$0) refers to printf0.o(i._printf_core) for _printf_core
    printf0.o(i.__0vprintf$0) refers to uart.o(i.fputc) for fputc
    printf0.o(i.__0vprintf$0) refers to stdout.o(.data) for __stdout
    printf0.o(i.__0vsnprintf$0) refers to printf0.o(i._printf_core) for _printf_core
    printf0.o(i.__0vsnprintf$0) refers to printf0.o(i._snputc) for _snputc
    printf0.o(i.__0vsprintf$0) refers to printf0.o(i._printf_core) for _printf_core
    printf0.o(i.__0vsprintf$0) refers to printf0.o(i._sputc) for _sputc
    printf1.o(i.__0fprintf$1) refers to printf1.o(i._printf_core) for _printf_core
    printf1.o(i.__0fprintf$1) refers to uart.o(i.fputc) for fputc
    printf1.o(i.__0printf$1) refers to printf1.o(i._printf_core) for _printf_core
    printf1.o(i.__0printf$1) refers to uart.o(i.fputc) for fputc
    printf1.o(i.__0printf$1) refers to stdout.o(.data) for __stdout
    printf1.o(i.__0snprintf$1) refers to printf1.o(i._printf_core) for _printf_core
    printf1.o(i.__0snprintf$1) refers to printf1.o(i._snputc) for _snputc
    printf1.o(i.__0sprintf$1) refers to printf1.o(i._printf_core) for _printf_core
    printf1.o(i.__0sprintf$1) refers to printf1.o(i._sputc) for _sputc
    printf1.o(i.__0vfprintf$1) refers to printf1.o(i._printf_core) for _printf_core
    printf1.o(i.__0vfprintf$1) refers to uart.o(i.fputc) for fputc
    printf1.o(i.__0vprintf$1) refers to printf1.o(i._printf_core) for _printf_core
    printf1.o(i.__0vprintf$1) refers to uart.o(i.fputc) for fputc
    printf1.o(i.__0vprintf$1) refers to stdout.o(.data) for __stdout
    printf1.o(i.__0vsnprintf$1) refers to printf1.o(i._printf_core) for _printf_core
    printf1.o(i.__0vsnprintf$1) refers to printf1.o(i._snputc) for _snputc
    printf1.o(i.__0vsprintf$1) refers to printf1.o(i._printf_core) for _printf_core
    printf1.o(i.__0vsprintf$1) refers to printf1.o(i._sputc) for _sputc
    printf1.o(i._printf_core) refers to uidiv.o(.text) for __aeabi_uidivmod
    printf2.o(i.__0fprintf$2) refers to printf2.o(i._printf_core) for _printf_core
    printf2.o(i.__0fprintf$2) refers to uart.o(i.fputc) for fputc
    printf2.o(i.__0printf$2) refers to printf2.o(i._printf_core) for _printf_core
    printf2.o(i.__0printf$2) refers to uart.o(i.fputc) for fputc
    printf2.o(i.__0printf$2) refers to stdout.o(.data) for __stdout
    printf2.o(i.__0snprintf$2) refers to printf2.o(i._printf_core) for _printf_core
    printf2.o(i.__0snprintf$2) refers to printf2.o(i._snputc) for _snputc
    printf2.o(i.__0sprintf$2) refers to printf2.o(i._printf_core) for _printf_core
    printf2.o(i.__0sprintf$2) refers to printf2.o(i._sputc) for _sputc
    printf2.o(i.__0vfprintf$2) refers to printf2.o(i._printf_core) for _printf_core
    printf2.o(i.__0vfprintf$2) refers to uart.o(i.fputc) for fputc
    printf2.o(i.__0vprintf$2) refers to printf2.o(i._printf_core) for _printf_core
    printf2.o(i.__0vprintf$2) refers to uart.o(i.fputc) for fputc
    printf2.o(i.__0vprintf$2) refers to stdout.o(.data) for __stdout
    printf2.o(i.__0vsnprintf$2) refers to printf2.o(i._printf_core) for _printf_core
    printf2.o(i.__0vsnprintf$2) refers to printf2.o(i._snputc) for _snputc
    printf2.o(i.__0vsprintf$2) refers to printf2.o(i._printf_core) for _printf_core
    printf2.o(i.__0vsprintf$2) refers to printf2.o(i._sputc) for _sputc
    printf3.o(i.__0fprintf$3) refers to printf3.o(i._printf_core) for _printf_core
    printf3.o(i.__0fprintf$3) refers to uart.o(i.fputc) for fputc
    printf3.o(i.__0printf$3) refers to printf3.o(i._printf_core) for _printf_core
    printf3.o(i.__0printf$3) refers to uart.o(i.fputc) for fputc
    printf3.o(i.__0printf$3) refers to stdout.o(.data) for __stdout
    printf3.o(i.__0snprintf$3) refers to printf3.o(i._printf_core) for _printf_core
    printf3.o(i.__0snprintf$3) refers to printf3.o(i._snputc) for _snputc
    printf3.o(i.__0sprintf$3) refers to printf3.o(i._printf_core) for _printf_core
    printf3.o(i.__0sprintf$3) refers to printf3.o(i._sputc) for _sputc
    printf3.o(i.__0vfprintf$3) refers to printf3.o(i._printf_core) for _printf_core
    printf3.o(i.__0vfprintf$3) refers to uart.o(i.fputc) for fputc
    printf3.o(i.__0vprintf$3) refers to printf3.o(i._printf_core) for _printf_core
    printf3.o(i.__0vprintf$3) refers to uart.o(i.fputc) for fputc
    printf3.o(i.__0vprintf$3) refers to stdout.o(.data) for __stdout
    printf3.o(i.__0vsnprintf$3) refers to printf3.o(i._printf_core) for _printf_core
    printf3.o(i.__0vsnprintf$3) refers to printf3.o(i._snputc) for _snputc
    printf3.o(i.__0vsprintf$3) refers to printf3.o(i._printf_core) for _printf_core
    printf3.o(i.__0vsprintf$3) refers to printf3.o(i._sputc) for _sputc
    printf3.o(i._printf_core) refers to uidiv.o(.text) for __aeabi_uidivmod
    printf4.o(i.__0fprintf$4) refers to printf4.o(i._printf_core) for _printf_core
    printf4.o(i.__0fprintf$4) refers to uart.o(i.fputc) for fputc
    printf4.o(i.__0printf$4) refers to printf4.o(i._printf_core) for _printf_core
    printf4.o(i.__0printf$4) refers to uart.o(i.fputc) for fputc
    printf4.o(i.__0printf$4) refers to stdout.o(.data) for __stdout
    printf4.o(i.__0snprintf$4) refers to printf4.o(i._printf_core) for _printf_core
    printf4.o(i.__0snprintf$4) refers to printf4.o(i._snputc) for _snputc
    printf4.o(i.__0sprintf$4) refers to printf4.o(i._printf_core) for _printf_core
    printf4.o(i.__0sprintf$4) refers to printf4.o(i._sputc) for _sputc
    printf4.o(i.__0vfprintf$4) refers to printf4.o(i._printf_core) for _printf_core
    printf4.o(i.__0vfprintf$4) refers to uart.o(i.fputc) for fputc
    printf4.o(i.__0vprintf$4) refers to printf4.o(i._printf_core) for _printf_core
    printf4.o(i.__0vprintf$4) refers to uart.o(i.fputc) for fputc
    printf4.o(i.__0vprintf$4) refers to stdout.o(.data) for __stdout
    printf4.o(i.__0vsnprintf$4) refers to printf4.o(i._printf_core) for _printf_core
    printf4.o(i.__0vsnprintf$4) refers to printf4.o(i._snputc) for _snputc
    printf4.o(i.__0vsprintf$4) refers to printf4.o(i._printf_core) for _printf_core
    printf4.o(i.__0vsprintf$4) refers to printf4.o(i._sputc) for _sputc
    printf4.o(i._printf_core) refers to uldiv.o(.text) for __aeabi_uldivmod
    printf5.o(i.__0fprintf$5) refers to printf5.o(i._printf_core) for _printf_core
    printf5.o(i.__0fprintf$5) refers to uart.o(i.fputc) for fputc
    printf5.o(i.__0printf$5) refers to printf5.o(i._printf_core) for _printf_core
    printf5.o(i.__0printf$5) refers to uart.o(i.fputc) for fputc
    printf5.o(i.__0printf$5) refers to stdout.o(.data) for __stdout
    printf5.o(i.__0snprintf$5) refers to printf5.o(i._printf_core) for _printf_core
    printf5.o(i.__0snprintf$5) refers to printf5.o(i._snputc) for _snputc
    printf5.o(i.__0sprintf$5) refers to printf5.o(i._printf_core) for _printf_core
    printf5.o(i.__0sprintf$5) refers to printf5.o(i._sputc) for _sputc
    printf5.o(i.__0vfprintf$5) refers to printf5.o(i._printf_core) for _printf_core
    printf5.o(i.__0vfprintf$5) refers to uart.o(i.fputc) for fputc
    printf5.o(i.__0vprintf$5) refers to printf5.o(i._printf_core) for _printf_core
    printf5.o(i.__0vprintf$5) refers to uart.o(i.fputc) for fputc
    printf5.o(i.__0vprintf$5) refers to stdout.o(.data) for __stdout
    printf5.o(i.__0vsnprintf$5) refers to printf5.o(i._printf_core) for _printf_core
    printf5.o(i.__0vsnprintf$5) refers to printf5.o(i._snputc) for _snputc
    printf5.o(i.__0vsprintf$5) refers to printf5.o(i._printf_core) for _printf_core
    printf5.o(i.__0vsprintf$5) refers to printf5.o(i._sputc) for _sputc
    printf5.o(i._printf_core) refers to uldiv.o(.text) for __aeabi_uldivmod
    printf6.o(i.__0fprintf$6) refers to printf6.o(i._printf_core) for _printf_core
    printf6.o(i.__0fprintf$6) refers to uart.o(i.fputc) for fputc
    printf6.o(i.__0printf$6) refers to printf6.o(i._printf_core) for _printf_core
    printf6.o(i.__0printf$6) refers to uart.o(i.fputc) for fputc
    printf6.o(i.__0printf$6) refers to stdout.o(.data) for __stdout
    printf6.o(i.__0snprintf$6) refers to printf6.o(i._printf_core) for _printf_core
    printf6.o(i.__0snprintf$6) refers to printf6.o(i._snputc) for _snputc
    printf6.o(i.__0sprintf$6) refers to printf6.o(i._printf_core) for _printf_core
    printf6.o(i.__0sprintf$6) refers to printf6.o(i._sputc) for _sputc
    printf6.o(i.__0vfprintf$6) refers to printf6.o(i._printf_core) for _printf_core
    printf6.o(i.__0vfprintf$6) refers to uart.o(i.fputc) for fputc
    printf6.o(i.__0vprintf$6) refers to printf6.o(i._printf_core) for _printf_core
    printf6.o(i.__0vprintf$6) refers to uart.o(i.fputc) for fputc
    printf6.o(i.__0vprintf$6) refers to stdout.o(.data) for __stdout
    printf6.o(i.__0vsnprintf$6) refers to printf6.o(i._printf_core) for _printf_core
    printf6.o(i.__0vsnprintf$6) refers to printf6.o(i._snputc) for _snputc
    printf6.o(i.__0vsprintf$6) refers to printf6.o(i._printf_core) for _printf_core
    printf6.o(i.__0vsprintf$6) refers to printf6.o(i._sputc) for _sputc
    printf6.o(i._printf_core) refers to printf6.o(i._printf_pre_padding) for _printf_pre_padding
    printf6.o(i._printf_core) refers to uidiv.o(.text) for __aeabi_uidivmod
    printf6.o(i._printf_core) refers to printf6.o(i._printf_post_padding) for _printf_post_padding
    printf7.o(i.__0fprintf$7) refers to printf7.o(i._printf_core) for _printf_core
    printf7.o(i.__0fprintf$7) refers to uart.o(i.fputc) for fputc
    printf7.o(i.__0printf$7) refers to printf7.o(i._printf_core) for _printf_core
    printf7.o(i.__0printf$7) refers to uart.o(i.fputc) for fputc
    printf7.o(i.__0printf$7) refers to stdout.o(.data) for __stdout
    printf7.o(i.__0snprintf$7) refers to printf7.o(i._printf_core) for _printf_core
    printf7.o(i.__0snprintf$7) refers to printf7.o(i._snputc) for _snputc
    printf7.o(i.__0sprintf$7) refers to printf7.o(i._printf_core) for _printf_core
    printf7.o(i.__0sprintf$7) refers to printf7.o(i._sputc) for _sputc
    printf7.o(i.__0vfprintf$7) refers to printf7.o(i._printf_core) for _printf_core
    printf7.o(i.__0vfprintf$7) refers to uart.o(i.fputc) for fputc
    printf7.o(i.__0vprintf$7) refers to printf7.o(i._printf_core) for _printf_core
    printf7.o(i.__0vprintf$7) refers to uart.o(i.fputc) for fputc
    printf7.o(i.__0vprintf$7) refers to stdout.o(.data) for __stdout
    printf7.o(i.__0vsnprintf$7) refers to printf7.o(i._printf_core) for _printf_core
    printf7.o(i.__0vsnprintf$7) refers to printf7.o(i._snputc) for _snputc
    printf7.o(i.__0vsprintf$7) refers to printf7.o(i._printf_core) for _printf_core
    printf7.o(i.__0vsprintf$7) refers to printf7.o(i._sputc) for _sputc
    printf7.o(i._printf_core) refers to printf7.o(i._printf_pre_padding) for _printf_pre_padding
    printf7.o(i._printf_core) refers to uldiv.o(.text) for __aeabi_uldivmod
    printf7.o(i._printf_core) refers to printf7.o(i._printf_post_padding) for _printf_post_padding
    printf8.o(i.__0fprintf$8) refers to printf8.o(i._printf_core) for _printf_core
    printf8.o(i.__0fprintf$8) refers to uart.o(i.fputc) for fputc
    printf8.o(i.__0printf$8) refers to printf8.o(i._printf_core) for _printf_core
    printf8.o(i.__0printf$8) refers to uart.o(i.fputc) for fputc
    printf8.o(i.__0printf$8) refers to stdout.o(.data) for __stdout
    printf8.o(i.__0snprintf$8) refers to printf8.o(i._printf_core) for _printf_core
    printf8.o(i.__0snprintf$8) refers to printf8.o(i._snputc) for _snputc
    printf8.o(i.__0sprintf$8) refers to printf8.o(i._printf_core) for _printf_core
    printf8.o(i.__0sprintf$8) refers to printf8.o(i._sputc) for _sputc
    printf8.o(i.__0vfprintf$8) refers to printf8.o(i._printf_core) for _printf_core
    printf8.o(i.__0vfprintf$8) refers to uart.o(i.fputc) for fputc
    printf8.o(i.__0vprintf$8) refers to printf8.o(i._printf_core) for _printf_core
    printf8.o(i.__0vprintf$8) refers to uart.o(i.fputc) for fputc
    printf8.o(i.__0vprintf$8) refers to stdout.o(.data) for __stdout
    printf8.o(i.__0vsnprintf$8) refers to printf8.o(i._printf_core) for _printf_core
    printf8.o(i.__0vsnprintf$8) refers to printf8.o(i._snputc) for _snputc
    printf8.o(i.__0vsprintf$8) refers to printf8.o(i._printf_core) for _printf_core
    printf8.o(i.__0vsprintf$8) refers to printf8.o(i._sputc) for _sputc
    printf8.o(i._printf_core) refers to printf8.o(i._printf_pre_padding) for _printf_pre_padding
    printf8.o(i._printf_core) refers to uldiv.o(.text) for __aeabi_uldivmod
    printf8.o(i._printf_core) refers to printf8.o(i._printf_post_padding) for _printf_post_padding
    printfa.o(i.__0fprintf) refers (Special) to iusefp.o(.text) for __I$use$fp
    printfa.o(i.__0fprintf) refers to printfa.o(i._printf_core) for _printf_core
    printfa.o(i.__0fprintf) refers to uart.o(i.fputc) for fputc
    printfa.o(i.__0printf) refers (Special) to iusefp.o(.text) for __I$use$fp
    printfa.o(i.__0printf) refers to printfa.o(i._printf_core) for _printf_core
    printfa.o(i.__0printf) refers to uart.o(i.fputc) for fputc
    printfa.o(i.__0printf) refers to stdout.o(.data) for __stdout
    printfa.o(i.__0snprintf) refers (Special) to iusefp.o(.text) for __I$use$fp
    printfa.o(i.__0snprintf) refers to printfa.o(i._printf_core) for _printf_core
    printfa.o(i.__0snprintf) refers to printfa.o(i._snputc) for _snputc
    printfa.o(i.__0sprintf) refers (Special) to iusefp.o(.text) for __I$use$fp
    printfa.o(i.__0sprintf) refers to printfa.o(i._printf_core) for _printf_core
    printfa.o(i.__0sprintf) refers to printfa.o(i._sputc) for _sputc
    printfa.o(i.__0vfprintf) refers (Special) to iusefp.o(.text) for __I$use$fp
    printfa.o(i.__0vfprintf) refers to printfa.o(i._printf_core) for _printf_core
    printfa.o(i.__0vfprintf) refers to uart.o(i.fputc) for fputc
    printfa.o(i.__0vprintf) refers (Special) to iusefp.o(.text) for __I$use$fp
    printfa.o(i.__0vprintf) refers to printfa.o(i._printf_core) for _printf_core
    printfa.o(i.__0vprintf) refers to uart.o(i.fputc) for fputc
    printfa.o(i.__0vprintf) refers to stdout.o(.data) for __stdout
    printfa.o(i.__0vsnprintf) refers (Special) to iusefp.o(.text) for __I$use$fp
    printfa.o(i.__0vsnprintf) refers to printfa.o(i._printf_core) for _printf_core
    printfa.o(i.__0vsnprintf) refers to printfa.o(i._snputc) for _snputc
    printfa.o(i.__0vsprintf) refers (Special) to iusefp.o(.text) for __I$use$fp
    printfa.o(i.__0vsprintf) refers to printfa.o(i._printf_core) for _printf_core
    printfa.o(i.__0vsprintf) refers to printfa.o(i._sputc) for _sputc
    printfa.o(i._fp_digits) refers (Special) to iusefp.o(.text) for __I$use$fp
    printfa.o(i._fp_digits) refers to dmul.o(.text) for __aeabi_dmul
    printfa.o(i._fp_digits) refers to ddiv.o(.text) for __aeabi_ddiv
    printfa.o(i._fp_digits) refers to cdrcmple.o(.text) for __aeabi_cdrcmple
    printfa.o(i._fp_digits) refers to dadd.o(.text) for __aeabi_dadd
    printfa.o(i._fp_digits) refers to dfixul.o(.text) for __aeabi_d2ulz
    printfa.o(i._fp_digits) refers to uldiv.o(.text) for __aeabi_uldivmod
    printfa.o(i._printf_core) refers (Special) to iusefp.o(.text) for __I$use$fp
    printfa.o(i._printf_core) refers to printfa.o(i._printf_pre_padding) for _printf_pre_padding
    printfa.o(i._printf_core) refers to uldiv.o(.text) for __aeabi_uldivmod
    printfa.o(i._printf_core) refers to printfa.o(i._printf_post_padding) for _printf_post_padding
    printfa.o(i._printf_core) refers to printfa.o(i._fp_digits) for _fp_digits
    printfa.o(i._printf_core) refers to uidiv.o(.text) for __aeabi_uidivmod
    printfa.o(i._printf_post_padding) refers (Special) to iusefp.o(.text) for __I$use$fp
    printfa.o(i._printf_pre_padding) refers (Special) to iusefp.o(.text) for __I$use$fp
    printfa.o(i._snputc) refers (Special) to iusefp.o(.text) for __I$use$fp
    printfa.o(i._sputc) refers (Special) to iusefp.o(.text) for __I$use$fp
    entry2.o(.ARM.Collect$$$$00000001) refers to entry2.o(.ARM.Collect$$$$00002712) for __lit__00000000
    entry2.o(.ARM.Collect$$$$00002712) refers to startup_mk66f18.o(STACK) for __initial_sp
    entry2.o(__vectab_stack_and_reset_area) refers to startup_mk66f18.o(STACK) for __initial_sp
    entry2.o(__vectab_stack_and_reset_area) refers to entry.o(.ARM.Collect$$$$00000000) for __main
    entry5.o(.ARM.Collect$$$$00000004) refers to init.o(.text) for __scatterload
    entry9a.o(.ARM.Collect$$$$0000000B) refers to main.o(i.main) for main
    entry9b.o(.ARM.Collect$$$$0000000C) refers to main.o(i.main) for main
    uldiv.o(.text) refers to llushr.o(.text) for __aeabi_llsr
    uldiv.o(.text) refers to llshl.o(.text) for __aeabi_llsl
    dadd.o(.text) refers to llshl.o(.text) for __aeabi_llsl
    dadd.o(.text) refers to llsshr.o(.text) for __aeabi_lasr
    dadd.o(.text) refers to depilogue.o(.text) for _double_epilogue
    dmul.o(.text) refers to depilogue.o(.text) for _double_epilogue
    ddiv.o(.text) refers to depilogue.o(.text) for _double_round
    dfixul.o(.text) refers to llushr.o(.text) for __aeabi_llsr
    dfixul.o(.text) refers to llshl.o(.text) for __aeabi_llsl
    init.o(.text) refers to entry5.o(.ARM.Collect$$$$00000004) for __main_after_scatterload
    depilogue.o(.text) refers to llshl.o(.text) for __aeabi_llsl
    depilogue.o(.text) refers to llushr.o(.text) for __aeabi_llsr


==============================================================================

Removing Unused input sections from the image.

    Removing startup_mk66f18.o(HEAP), (0 bytes).
    Removing system_mk66.o(.rev16_text), (4 bytes).
    Removing system_mk66.o(.revsh_text), (4 bytes).
    Removing smartcar_init.o(.rev16_text), (4 bytes).
    Removing smartcar_init.o(.revsh_text), (4 bytes).
    Removing buzzer.o(.rev16_text), (4 bytes).
    Removing buzzer.o(.revsh_text), (4 bytes).
    Removing key.o(.rev16_text), (4 bytes).
    Removing key.o(.revsh_text), (4 bytes).
    Removing nrf2401.o(.rev16_text), (4 bytes).
    Removing nrf2401.o(.revsh_text), (4 bytes).
    Removing nrf2401.o(i.NRF2401_SendData_Duplex), (26 bytes).
    Removing oled.o(.rev16_text), (4 bytes).
    Removing oled.o(.revsh_text), (4 bytes).
    Removing oled.o(i.OLED_ClrPixel), (72 bytes).
    Removing oled.o(i.OLED_DLY_ms), (28 bytes).
    Removing oled.o(i.OLED_Fill), (58 bytes).
    Removing oled.o(i.OLED_HEXACSII), (48 bytes).
    Removing oled.o(i.OLED_Init), (314 bytes).
    Removing oled.o(i.OLED_P8x16Str), (136 bytes).
    Removing oled.o(i.OLED_Print_Num), (52 bytes).
    Removing oled.o(i.OLED_Print_Num1), (92 bytes).
    Removing oled.o(i.OLED_PutPixel), (72 bytes).
    Removing oled.o(i.OLED_Wr6Dat), (80 bytes).
    Removing oled.o(i.dis_bmp), (472 bytes).
    Removing oled.o(i.dis_mybmp), (388 bytes).
    Removing isr.o(.rev16_text), (4 bytes).
    Removing isr.o(.revsh_text), (4 bytes).
    Removing main.o(.rev16_text), (4 bytes).
    Removing main.o(.revsh_text), (4 bytes).
    Removing common.o(.rev16_text), (4 bytes).
    Removing common.o(.revsh_text), (4 bytes).
    Removing dma.o(.rev16_text), (4 bytes).
    Removing dma.o(.revsh_text), (4 bytes).
    Removing dma.o(i.dma_portx2buff_init), (420 bytes).
    Removing dma.o(i.dma_portx2buff_init_new), (392 bytes).
    Removing dma.o(i.dma_portx2buff_init_new2), (352 bytes).
    Removing dmacnt.o(.rev16_text), (4 bytes).
    Removing dmacnt.o(.revsh_text), (4 bytes).
    Removing dmacnt.o(i.DMACNT_GetValue), (34 bytes).
    Removing dmacnt.o(i.DMACNT_Init), (92 bytes).
    Removing dmacnt.o(i.DMA_GetCurrDataCounter), (20 bytes).
    Removing dmacnt.o(i.DMA_SetCurrDataCounter), (20 bytes).
    Removing dmacnt.o(.data), (1 bytes).
    Removing ftm.o(.rev16_text), (4 bytes).
    Removing ftm.o(.revsh_text), (4 bytes).
    Removing ftm.o(i.FTM_port_mux), (268 bytes).
    Removing ftm.o(i.ftm_input_clean), (16 bytes).
    Removing ftm.o(i.ftm_input_get), (24 bytes).
    Removing ftm.o(i.ftm_input_init), (260 bytes).
    Removing ftm.o(i.ftm_pwm_duty), (104 bytes).
    Removing ftm.o(i.ftm_pwm_freq), (120 bytes).
    Removing ftm.o(i.ftm_pwm_init), (284 bytes).
    Removing ftm.o(i.ftm_quad_clean), (16 bytes).
    Removing ftm.o(i.ftm_quad_get), (20 bytes).
    Removing ftm.o(i.ftm_quad_init), (228 bytes).
    Removing ftm.o(.constdata), (16 bytes).
    Removing ftm.o(.data), (6 bytes).
    Removing gpio.o(.rev16_text), (4 bytes).
    Removing gpio.o(.revsh_text), (4 bytes).
    Removing gpio.o(i.gpio_ddr), (80 bytes).
    Removing gpio.o(i.gpio_get), (44 bytes).
    Removing gpio.o(i.gpio_turn), (40 bytes).
    Removing pit.o(.rev16_text), (4 bytes).
    Removing pit.o(.revsh_text), (4 bytes).
    Removing pit.o(i.pit_close), (48 bytes).
    Removing pit.o(i.pit_delay), (128 bytes).
    Removing pit.o(i.pit_time_get), (84 bytes).
    Removing pit.o(i.pit_time_start), (92 bytes).
    Removing port.o(.rev16_text), (4 bytes).
    Removing port.o(.revsh_text), (4 bytes).
    Removing port.o(i.port_init_NoAlt), (84 bytes).
    Removing systick.o(.rev16_text), (4 bytes).
    Removing systick.o(.revsh_text), (4 bytes).
    Removing systick.o(i.systick_getval), (8 bytes).
    Removing systick.o(i.systick_timing), (24 bytes).
    Removing uart.o(.rev16_text), (4 bytes).
    Removing uart.o(.revsh_text), (4 bytes).
    Removing uart.o(i.NVIC_DisableIRQ), (24 bytes).
    Removing uart.o(i.NVIC_EnableIRQ), (22 bytes).
    Removing uart.o(i.uart_getchar), (36 bytes).
    Removing uart.o(i.uart_putbuff), (30 bytes).
    Removing uart.o(i.uart_putstr), (26 bytes).
    Removing uart.o(i.uart_querychar), (36 bytes).
    Removing uart.o(i.uart_rx_irq_dis), (56 bytes).
    Removing uart.o(i.uart_rx_irq_en), (44 bytes).
    Removing uart.o(i.uart_txc_irq_dis), (56 bytes).
    Removing uart.o(i.uart_txc_irq_en), (44 bytes).
    Removing misc.o(.rev16_text), (4 bytes).
    Removing misc.o(.revsh_text), (4 bytes).
    Removing misc.o(i.write_vtor), (12 bytes).
    Removing dadd.o(.text), (334 bytes).
    Removing dmul.o(.text), (228 bytes).
    Removing ddiv.o(.text), (222 bytes).
    Removing dfixul.o(.text), (48 bytes).
    Removing cdrcmple.o(.text), (48 bytes).
    Removing depilogue.o(.text), (186 bytes).

97 unused section(s) (total 6759 bytes) removed from the image.

==============================================================================

Image Symbol Table

    Local Symbols

    Symbol Name                              Value     Ov Type        Size  Object(Section)

    RESET                                    0x00000000   Section     1024  startup_mk66f18.o(RESET)
    ../clib/microlib/division.c              0x00000000   Number         0  uidiv.o ABSOLUTE
    ../clib/microlib/division.c              0x00000000   Number         0  uldiv.o ABSOLUTE
    ../clib/microlib/init/entry.s            0x00000000   Number         0  entry2.o ABSOLUTE
    ../clib/microlib/init/entry.s            0x00000000   Number         0  entry8b.o ABSOLUTE
    ../clib/microlib/init/entry.s            0x00000000   Number         0  entry11b.o ABSOLUTE
    ../clib/microlib/init/entry.s            0x00000000   Number         0  entry.o ABSOLUTE
    ../clib/microlib/init/entry.s            0x00000000   Number         0  entry8a.o ABSOLUTE
    ../clib/microlib/init/entry.s            0x00000000   Number         0  entry7b.o ABSOLUTE
    ../clib/microlib/init/entry.s            0x00000000   Number         0  entry7a.o ABSOLUTE
    ../clib/microlib/init/entry.s            0x00000000   Number         0  entry5.o ABSOLUTE
    ../clib/microlib/init/entry.s            0x00000000   Number         0  entry9a.o ABSOLUTE
    ../clib/microlib/init/entry.s            0x00000000   Number         0  entry11a.o ABSOLUTE
    ../clib/microlib/init/entry.s            0x00000000   Number         0  entry10b.o ABSOLUTE
    ../clib/microlib/init/entry.s            0x00000000   Number         0  entry10a.o ABSOLUTE
    ../clib/microlib/init/entry.s            0x00000000   Number         0  entry9b.o ABSOLUTE
    ../clib/microlib/longlong.c              0x00000000   Number         0  llsshr.o ABSOLUTE
    ../clib/microlib/longlong.c              0x00000000   Number         0  llushr.o ABSOLUTE
    ../clib/microlib/longlong.c              0x00000000   Number         0  llshl.o ABSOLUTE
    ../clib/microlib/printf/printf.c         0x00000000   Number         0  printfa.o ABSOLUTE
    ../clib/microlib/printf/printf.c         0x00000000   Number         0  printf7.o ABSOLUTE
    ../clib/microlib/printf/printf.c         0x00000000   Number         0  printf6.o ABSOLUTE
    ../clib/microlib/printf/printf.c         0x00000000   Number         0  printf5.o ABSOLUTE
    ../clib/microlib/printf/printf.c         0x00000000   Number         0  printf8.o ABSOLUTE
    ../clib/microlib/printf/printf.c         0x00000000   Number         0  printfb.o ABSOLUTE
    ../clib/microlib/printf/printf.c         0x00000000   Number         0  printf0.o ABSOLUTE
    ../clib/microlib/printf/printf.c         0x00000000   Number         0  printf4.o ABSOLUTE
    ../clib/microlib/printf/printf.c         0x00000000   Number         0  printf3.o ABSOLUTE
    ../clib/microlib/printf/printf.c         0x00000000   Number         0  printf2.o ABSOLUTE
    ../clib/microlib/printf/printf.c         0x00000000   Number         0  printf1.o ABSOLUTE
    ../clib/microlib/printf/stubs.s          0x00000000   Number         0  stubs.o ABSOLUTE
    ../clib/microlib/stdio/streams.c         0x00000000   Number         0  stdout.o ABSOLUTE
    ../clib/microlib/stubs.s                 0x00000000   Number         0  iusefp.o ABSOLUTE
    ../fplib/microlib/fpadd.c                0x00000000   Number         0  dadd.o ABSOLUTE
    ../fplib/microlib/fpdiv.c                0x00000000   Number         0  ddiv.o ABSOLUTE
    ../fplib/microlib/fpepilogue.c           0x00000000   Number         0  depilogue.o ABSOLUTE
    ../fplib/microlib/fpfix.c                0x00000000   Number         0  dfixul.o ABSOLUTE
    ../fplib/microlib/fpmul.c                0x00000000   Number         0  dmul.o ABSOLUTE
    ..\SRC\HARDWARE\src\common.c             0x00000000   Number         0  common.o ABSOLUTE
    ..\SRC\HARDWARE\src\dma.c                0x00000000   Number         0  dma.o ABSOLUTE
    ..\SRC\HARDWARE\src\dmacnt.c             0x00000000   Number         0  dmacnt.o ABSOLUTE
    ..\SRC\HARDWARE\src\ftm.c                0x00000000   Number         0  ftm.o ABSOLUTE
    ..\SRC\HARDWARE\src\gpio.c               0x00000000   Number         0  gpio.o ABSOLUTE
    ..\SRC\HARDWARE\src\misc.c               0x00000000   Number         0  misc.o ABSOLUTE
    ..\SRC\HARDWARE\src\pit.c                0x00000000   Number         0  pit.o ABSOLUTE
    ..\SRC\HARDWARE\src\port.c               0x00000000   Number         0  port.o ABSOLUTE
    ..\SRC\HARDWARE\src\systick.c            0x00000000   Number         0  systick.o ABSOLUTE
    ..\SRC\HARDWARE\src\uart.c               0x00000000   Number         0  uart.o ABSOLUTE
    ..\SRC\SMARTCAR\src\buzzer.c             0x00000000   Number         0  buzzer.o ABSOLUTE
    ..\SRC\SMARTCAR\src\key.c                0x00000000   Number         0  key.o ABSOLUTE
    ..\SRC\SMARTCAR\src\nrf2401.c            0x00000000   Number         0  nrf2401.o ABSOLUTE
    ..\SRC\SMARTCAR\src\oled.c               0x00000000   Number         0  oled.o ABSOLUTE
    ..\SRC\SMARTCAR\src\smartcar_init.c      0x00000000   Number         0  smartcar_init.o ABSOLUTE
    ..\SRC\STARTUP\DeviceSupport\MDK-ARM\startup_MK66F18.s 0x00000000   Number         0  startup_mk66f18.o ABSOLUTE
    ..\SRC\STARTUP\DeviceSupport\system_MK66.c 0x00000000   Number         0  system_mk66.o ABSOLUTE
    ..\SRC\USER\src\isr.c                    0x00000000   Number         0  isr.o ABSOLUTE
    ..\SRC\USER\src\main.c                   0x00000000   Number         0  main.o ABSOLUTE
    ..\\SRC\\HARDWARE\\src\\common.c         0x00000000   Number         0  common.o ABSOLUTE
    ..\\SRC\\HARDWARE\\src\\dma.c            0x00000000   Number         0  dma.o ABSOLUTE
    ..\\SRC\\HARDWARE\\src\\dmacnt.c         0x00000000   Number         0  dmacnt.o ABSOLUTE
    ..\\SRC\\HARDWARE\\src\\ftm.c            0x00000000   Number         0  ftm.o ABSOLUTE
    ..\\SRC\\HARDWARE\\src\\gpio.c           0x00000000   Number         0  gpio.o ABSOLUTE
    ..\\SRC\\HARDWARE\\src\\misc.c           0x00000000   Number         0  misc.o ABSOLUTE
    ..\\SRC\\HARDWARE\\src\\pit.c            0x00000000   Number         0  pit.o ABSOLUTE
    ..\\SRC\\HARDWARE\\src\\port.c           0x00000000   Number         0  port.o ABSOLUTE
    ..\\SRC\\HARDWARE\\src\\systick.c        0x00000000   Number         0  systick.o ABSOLUTE
    ..\\SRC\\HARDWARE\\src\\uart.c           0x00000000   Number         0  uart.o ABSOLUTE
    ..\\SRC\\SMARTCAR\\src\\buzzer.c         0x00000000   Number         0  buzzer.o ABSOLUTE
    ..\\SRC\\SMARTCAR\\src\\key.c            0x00000000   Number         0  key.o ABSOLUTE
    ..\\SRC\\SMARTCAR\\src\\nrf2401.c        0x00000000   Number         0  nrf2401.o ABSOLUTE
    ..\\SRC\\SMARTCAR\\src\\oled.c           0x00000000   Number         0  oled.o ABSOLUTE
    ..\\SRC\\SMARTCAR\\src\\smartcar_init.c  0x00000000   Number         0  smartcar_init.o ABSOLUTE
    ..\\SRC\\STARTUP\\DeviceSupport\\system_MK66.c 0x00000000   Number         0  system_mk66.o ABSOLUTE
    ..\\SRC\\USER\\src\\isr.c                0x00000000   Number         0  isr.o ABSOLUTE
    ..\\SRC\\USER\\src\\main.c               0x00000000   Number         0  main.o ABSOLUTE
    cdrcmple.s                               0x00000000   Number         0  cdrcmple.o ABSOLUTE
    dc.s                                     0x00000000   Number         0  dc.o ABSOLUTE
    handlers.s                               0x00000000   Number         0  handlers.o ABSOLUTE
    init.s                                   0x00000000   Number         0  init.o ABSOLUTE
    .ARM.__at_0x400                          0x00000400   Section       16  startup_mk66f18.o(.ARM.__at_0x400)
    .ARM.Collect$$$$00000000                 0x00000410   Section        0  entry.o(.ARM.Collect$$$$00000000)
    .ARM.Collect$$$$00000001                 0x00000410   Section        4  entry2.o(.ARM.Collect$$$$00000001)
    .ARM.Collect$$$$00000004                 0x00000414   Section        4  entry5.o(.ARM.Collect$$$$00000004)
    .ARM.Collect$$$$00000008                 0x00000418   Section        0  entry7b.o(.ARM.Collect$$$$00000008)
    .ARM.Collect$$$$0000000A                 0x00000418   Section        0  entry8b.o(.ARM.Collect$$$$0000000A)
    .ARM.Collect$$$$0000000B                 0x00000418   Section        8  entry9a.o(.ARM.Collect$$$$0000000B)
    .ARM.Collect$$$$0000000D                 0x00000420   Section        0  entry10a.o(.ARM.Collect$$$$0000000D)
    .ARM.Collect$$$$0000000F                 0x00000420   Section        0  entry11a.o(.ARM.Collect$$$$0000000F)
    .ARM.Collect$$$$00002712                 0x00000420   Section        4  entry2.o(.ARM.Collect$$$$00002712)
    __lit__00000000                          0x00000420   Data           4  entry2.o(.ARM.Collect$$$$00002712)
    .text                                    0x00000424   Section       40  startup_mk66f18.o(.text)
    $v0                                      0x00000424   Number         0  startup_mk66f18.o(.text)
    .text                                    0x0000044c   Section        0  uidiv.o(.text)
    .text                                    0x00000478   Section       36  init.o(.text)
    i.DMA0_IRQHandler                        0x0000049c   Section        0  isr.o(i.DMA0_IRQHandler)
    i.Disable_Wdog                           0x000004b0   Section        0  system_mk66.o(i.Disable_Wdog)
    i.Key_Check                              0x000004cc   Section        0  key.o(i.Key_Check)
    i.Key_Init                               0x000005b4   Section        0  key.o(i.Key_Init)
    i.NRF2401_Init                           0x000005f4   Section        0  nrf2401.o(i.NRF2401_Init)
    i.NRF2401_ReadBuffer                     0x00000678   Section        0  nrf2401.o(i.NRF2401_ReadBuffer)
    NRF2401_ReadBuffer                       0x00000679   Thumb Code    56  nrf2401.o(i.NRF2401_ReadBuffer)
    i.NRF2401_ReadWriteByte                  0x000006b4   Section        0  nrf2401.o(i.NRF2401_ReadWriteByte)
    NRF2401_ReadWriteByte                    0x000006b5   Thumb Code    56  nrf2401.o(i.NRF2401_ReadWriteByte)
    i.NRF2401_ReadWriteReg                   0x000006f4   Section        0  nrf2401.o(i.NRF2401_ReadWriteReg)
    NRF2401_ReadWriteReg                     0x000006f5   Thumb Code    36  nrf2401.o(i.NRF2401_ReadWriteReg)
    i.NRF2401_RecData                        0x0000071c   Section        0  nrf2401.o(i.NRF2401_RecData)
    i.NRF2401_SendData                       0x00000754   Section        0  nrf2401.o(i.NRF2401_SendData)
    i.NRF2401_SetRXMode                      0x000007b4   Section        0  nrf2401.o(i.NRF2401_SetRXMode)
    i.NRF2401_SetTXMode                      0x00000824   Section        0  nrf2401.o(i.NRF2401_SetTXMode)
    i.NRF2401_WriteBuffer                    0x00000890   Section        0  nrf2401.o(i.NRF2401_WriteBuffer)
    NRF2401_WriteBuffer                      0x00000891   Thumb Code    56  nrf2401.o(i.NRF2401_WriteBuffer)
    i.NRF24L01_Check                         0x000008cc   Section        0  nrf2401.o(i.NRF24L01_Check)
    NRF24L01_Check                           0x000008cd   Thumb Code    58  nrf2401.o(i.NRF24L01_Check)
    i.NVIC_DisableIRQ                        0x00000910   Section        0  nrf2401.o(i.NVIC_DisableIRQ)
    NVIC_DisableIRQ                          0x00000911   Thumb Code    18  nrf2401.o(i.NVIC_DisableIRQ)
    i.OLED_P6x8Str                           0x00000928   Section        0  oled.o(i.OLED_P6x8Str)
    i.OLED_Set_Pos                           0x0000098c   Section        0  oled.o(i.OLED_Set_Pos)
    i.OLED_WrCmd                             0x000009b4   Section        0  oled.o(i.OLED_WrCmd)
    i.OLED_WrDat                             0x00000a04   Section        0  oled.o(i.OLED_WrDat)
    i.PIT0_IRQHandler                        0x00000a54   Section        0  isr.o(i.PIT0_IRQHandler)
    i.PIT1_IRQHandler                        0x00000a68   Section        0  isr.o(i.PIT1_IRQHandler)
    i.PIT2_IRQHandler                        0x00000a7c   Section        0  isr.o(i.PIT2_IRQHandler)
    i.PORTC_IRQHandler                       0x00000a90   Section        0  isr.o(i.PORTC_IRQHandler)
    i.PORTE_IRQHandler                       0x00000aec   Section        0  isr.o(i.PORTE_IRQHandler)
    i.SYSTEM_CLK                             0x00000afc   Section        0  system_mk66.o(i.SYSTEM_CLK)
    i.Start                                  0x00000bb4   Section        0  system_mk66.o(i.Start)
    i.UART0_RX_TX_IRQHandler                 0x00000bdc   Section        0  isr.o(i.UART0_RX_TX_IRQHandler)
    i.UART3_RX_TX_IRQHandler                 0x00000bec   Section        0  isr.o(i.UART3_RX_TX_IRQHandler)
    i.UART4_RX_TX_IRQHandler                 0x00000bfc   Section        0  isr.o(i.UART4_RX_TX_IRQHandler)
    i.__0printf$1                            0x00000c0c   Section        0  printf1.o(i.__0printf$1)
    i.__scatterload_copy                     0x00000c2c   Section       14  handlers.o(i.__scatterload_copy)
    i.__scatterload_null                     0x00000c3a   Section        2  handlers.o(i.__scatterload_null)
    i.__scatterload_zeroinit                 0x00000c3c   Section       14  handlers.o(i.__scatterload_zeroinit)
    i._printf_core                           0x00000c4c   Section        0  printf1.o(i._printf_core)
    _printf_core                             0x00000c4d   Thumb Code   336  printf1.o(i._printf_core)
    i.buzzer_Init                            0x00000da0   Section        0  buzzer.o(i.buzzer_Init)
    i.buzzer_Ring                            0x00000db0   Section        0  buzzer.o(i.buzzer_Ring)
    i.car_communication_init                 0x00000dcc   Section        0  smartcar_init.o(i.car_communication_init)
    car_communication_init                   0x00000dcd   Thumb Code    36  smartcar_init.o(i.car_communication_init)
    i.car_init                               0x00000e0c   Section        0  smartcar_init.o(i.car_init)
    i.car_interrupt_init                     0x00000e40   Section        0  smartcar_init.o(i.car_interrupt_init)
    car_interrupt_init                       0x00000e41   Thumb Code    64  smartcar_init.o(i.car_interrupt_init)
    i.div_set                                0x00000e8c   Section        0  system_mk66.o(i.div_set)
    i.fputc                                  0x00000ed8   Section        0  uart.o(i.fputc)
    i.get_clk                                0x00000eec   Section        0  common.o(i.get_clk)
    i.gpio_init                              0x00000f60   Section        0  gpio.o(i.gpio_init)
    i.gpio_set                               0x000010c8   Section        0  gpio.o(i.gpio_set)
    i.main                                   0x00001110   Section        0  main.o(i.main)
    i.pit_init                               0x000011cc   Section        0  pit.o(i.pit_init)
    i.port_init                              0x00001228   Section        0  port.o(i.port_init)
    i.sendToSlaveCar                         0x0000129c   Section        0  main.o(i.sendToSlaveCar)
    i.systick_delay                          0x000012f0   Section        0  systick.o(i.systick_delay)
    i.systick_delay_ms                       0x0000131c   Section        0  systick.o(i.systick_delay_ms)
    i.uart_init                              0x00001340   Section        0  uart.o(i.uart_init)
    i.uart_putchar                           0x00001518   Section        0  uart.o(i.uart_putchar)
    .constdata                               0x00001538   Section       10  nrf2401.o(.constdata)
    .constdata                               0x00001542   Section     2072  oled.o(.constdata)
    .constdata                               0x00001d5c   Section       40  gpio.o(.constdata)
    PORTX                                    0x00001d5c   Data          20  gpio.o(.constdata)
    GPIOX                                    0x00001d70   Data          20  gpio.o(.constdata)
    .constdata                               0x00001d84   Section       40  port.o(.constdata)
    PORTX                                    0x00001d84   Data          20  port.o(.constdata)
    GPIOX                                    0x00001d98   Data          20  port.o(.constdata)
    .data                                    0x20000000   Section        1  nrf2401.o(.data)
    .data                                    0x20000001   Section        1  main.o(.data)
    keydown                                  0x20000001   Data           1  main.o(.data)
    .data                                    0x20000004   Section       12  common.o(.data)
    .data                                    0x20000010   Section       20  uart.o(.data)
    .data                                    0x20000024   Section        4  stdout.o(.data)
    .bss                                     0x20000028   Section       96  nrf2401.o(.bss)
    STACK                                    0x20000088   Section     1024  startup_mk66f18.o(STACK)

    Global Symbols

    Symbol Name                              Value     Ov Type        Size  Object(Section)

    BuildAttributes$$THM_ISAv4$E$P$D$K$B$S$7EM$VFPi3$EXTD16$VFPS$VFMA$PE$A:L22UL41UL21$X:L11$S22US41US21$IEEE1$IW$USESV6$~STKCKD$USESV7$~SHL$OSPACE$ROPI$EBA8$MICROLIB$REQ8$PRES8$EABIv2 0x00000000   Number         0  anon$$obj.o ABSOLUTE
    __ARM_use_no_argv                        0x00000000   Number         0  main.o ABSOLUTE
    __Vectors                                0x00000000   Data           4  startup_mk66f18.o(RESET)
    _printf_a                                0x00000000   Number         0  stubs.o ABSOLUTE
    _printf_c                                0x00000000   Number         0  stubs.o ABSOLUTE
    _printf_charcount                        0x00000000   Number         0  stubs.o ABSOLUTE
    _printf_d                                0x00000000   Number         0  stubs.o ABSOLUTE
    _printf_e                                0x00000000   Number         0  stubs.o ABSOLUTE
    _printf_f                                0x00000000   Number         0  stubs.o ABSOLUTE
    _printf_flags                            0x00000000   Number         0  stubs.o ABSOLUTE
    _printf_fp_dec                           0x00000000   Number         0  stubs.o ABSOLUTE
    _printf_fp_hex                           0x00000000   Number         0  stubs.o ABSOLUTE
    _printf_g                                0x00000000   Number         0  stubs.o ABSOLUTE
    _printf_i                                0x00000000   Number         0  stubs.o ABSOLUTE
    _printf_int_dec                          0x00000000   Number         0  stubs.o ABSOLUTE
    _printf_l                                0x00000000   Number         0  stubs.o ABSOLUTE
    _printf_lc                               0x00000000   Number         0  stubs.o ABSOLUTE
    _printf_ll                               0x00000000   Number         0  stubs.o ABSOLUTE
    _printf_lld                              0x00000000   Number         0  stubs.o ABSOLUTE
    _printf_lli                              0x00000000   Number         0  stubs.o ABSOLUTE
    _printf_llo                              0x00000000   Number         0  stubs.o ABSOLUTE
    _printf_llu                              0x00000000   Number         0  stubs.o ABSOLUTE
    _printf_llx                              0x00000000   Number         0  stubs.o ABSOLUTE
    _printf_longlong_dec                     0x00000000   Number         0  stubs.o ABSOLUTE
    _printf_longlong_hex                     0x00000000   Number         0  stubs.o ABSOLUTE
    _printf_longlong_oct                     0x00000000   Number         0  stubs.o ABSOLUTE
    _printf_ls                               0x00000000   Number         0  stubs.o ABSOLUTE
    _printf_mbtowc                           0x00000000   Number         0  stubs.o ABSOLUTE
    _printf_n                                0x00000000   Number         0  stubs.o ABSOLUTE
    _printf_o                                0x00000000   Number         0  stubs.o ABSOLUTE
    _printf_p                                0x00000000   Number         0  stubs.o ABSOLUTE
    _printf_percent                          0x00000000   Number         0  stubs.o ABSOLUTE
    _printf_pre_padding                      0x00000000   Number         0  stubs.o ABSOLUTE
    _printf_return_value                     0x00000000   Number         0  stubs.o ABSOLUTE
    _printf_s                                0x00000000   Number         0  stubs.o ABSOLUTE
    _printf_sizespec                         0x00000000   Number         0  stubs.o ABSOLUTE
    _printf_str                              0x00000000   Number         0  stubs.o ABSOLUTE
    _printf_truncate_signed                  0x00000000   Number         0  stubs.o ABSOLUTE
    _printf_truncate_unsigned                0x00000000   Number         0  stubs.o ABSOLUTE
    _printf_u                                0x00000000   Number         0  stubs.o ABSOLUTE
    _printf_wc                               0x00000000   Number         0  stubs.o ABSOLUTE
    _printf_wctomb                           0x00000000   Number         0  stubs.o ABSOLUTE
    _printf_widthprec                        0x00000000   Number         0  stubs.o ABSOLUTE
    _printf_x                                0x00000000   Number         0  stubs.o ABSOLUTE
    __cpp_initialize__aeabi_                  - Undefined Weak Reference
    __cxa_finalize                            - Undefined Weak Reference
    __decompress                              - Undefined Weak Reference
    _clock_init                               - Undefined Weak Reference
    _microlib_exit                            - Undefined Weak Reference
    __Vectors_End                            0x00000400   Data           0  startup_mk66f18.o(RESET)
    __Vectors_Size                           0x00000400   Number         0  startup_mk66f18.o ABSOLUTE
    __main                                   0x00000411   Thumb Code     0  entry.o(.ARM.Collect$$$$00000000)
    _main_stk                                0x00000411   Thumb Code     0  entry2.o(.ARM.Collect$$$$00000001)
    _main_scatterload                        0x00000415   Thumb Code     0  entry5.o(.ARM.Collect$$$$00000004)
    __main_after_scatterload                 0x00000419   Thumb Code     0  entry5.o(.ARM.Collect$$$$00000004)
    _main_clock                              0x00000419   Thumb Code     0  entry7b.o(.ARM.Collect$$$$00000008)
    _main_cpp_init                           0x00000419   Thumb Code     0  entry8b.o(.ARM.Collect$$$$0000000A)
    _main_init                               0x00000419   Thumb Code     0  entry9a.o(.ARM.Collect$$$$0000000B)
    __rt_final_cpp                           0x00000421   Thumb Code     0  entry10a.o(.ARM.Collect$$$$0000000D)
    __rt_final_exit                          0x00000421   Thumb Code     0  entry11a.o(.ARM.Collect$$$$0000000F)
    Reset_Handler                            0x00000425   Thumb Code    12  startup_mk66f18.o(.text)
    NMI_Handler                              0x00000431   Thumb Code     2  startup_mk66f18.o(.text)
    HardFault_Handler                        0x00000433   Thumb Code     2  startup_mk66f18.o(.text)
    MemManage_Handler                        0x00000435   Thumb Code     2  startup_mk66f18.o(.text)
    BusFault_Handler                         0x00000437   Thumb Code     2  startup_mk66f18.o(.text)
    UsageFault_Handler                       0x00000439   Thumb Code     2  startup_mk66f18.o(.text)
    SVC_Handler                              0x0000043b   Thumb Code     2  startup_mk66f18.o(.text)
    DebugMon_Handler                         0x0000043d   Thumb Code     2  startup_mk66f18.o(.text)
    PendSV_Handler                           0x0000043f   Thumb Code     2  startup_mk66f18.o(.text)
    SysTick_Handler                          0x00000441   Thumb Code     2  startup_mk66f18.o(.text)
    ADC0_IRQHandler                          0x00000443   Thumb Code     0  startup_mk66f18.o(.text)
    ADC1_IRQHandler                          0x00000443   Thumb Code     0  startup_mk66f18.o(.text)
    CAN0_Bus_Off_IRQHandler                  0x00000443   Thumb Code     0  startup_mk66f18.o(.text)
    CAN0_Error_IRQHandler                    0x00000443   Thumb Code     0  startup_mk66f18.o(.text)
    CAN0_ORed_Message_buffer_IRQHandler      0x00000443   Thumb Code     0  startup_mk66f18.o(.text)
    CAN0_Rx_Warning_IRQHandler               0x00000443   Thumb Code     0  startup_mk66f18.o(.text)
    CAN0_Tx_Warning_IRQHandler               0x00000443   Thumb Code     0  startup_mk66f18.o(.text)
    CAN0_Wake_Up_IRQHandler                  0x00000443   Thumb Code     0  startup_mk66f18.o(.text)
    CAN1_Bus_Off_IRQHandler                  0x00000443   Thumb Code     0  startup_mk66f18.o(.text)
    CAN1_Error_IRQHandler                    0x00000443   Thumb Code     0  startup_mk66f18.o(.text)
    CAN1_ORed_Message_buffer_IRQHandler      0x00000443   Thumb Code     0  startup_mk66f18.o(.text)
    CAN1_Rx_Warning_IRQHandler               0x00000443   Thumb Code     0  startup_mk66f18.o(.text)
    CAN1_Tx_Warning_IRQHandler               0x00000443   Thumb Code     0  startup_mk66f18.o(.text)
    CAN1_Wake_Up_IRQHandler                  0x00000443   Thumb Code     0  startup_mk66f18.o(.text)
    CMP0_IRQHandler                          0x00000443   Thumb Code     0  startup_mk66f18.o(.text)
    CMP1_IRQHandler                          0x00000443   Thumb Code     0  startup_mk66f18.o(.text)
    CMP2_IRQHandler                          0x00000443   Thumb Code     0  startup_mk66f18.o(.text)
    CMP3_IRQHandler                          0x00000443   Thumb Code     0  startup_mk66f18.o(.text)
    CMT_IRQHandler                           0x00000443   Thumb Code     0  startup_mk66f18.o(.text)
    DAC0_IRQHandler                          0x00000443   Thumb Code     0  startup_mk66f18.o(.text)
    DAC1_IRQHandler                          0x00000443   Thumb Code     0  startup_mk66f18.o(.text)
    DMA10_IRQHandler                         0x00000443   Thumb Code     0  startup_mk66f18.o(.text)
    DMA11_IRQHandler                         0x00000443   Thumb Code     0  startup_mk66f18.o(.text)
    DMA12_IRQHandler                         0x00000443   Thumb Code     0  startup_mk66f18.o(.text)
    DMA13_IRQHandler                         0x00000443   Thumb Code     0  startup_mk66f18.o(.text)
    DMA14_IRQHandler                         0x00000443   Thumb Code     0  startup_mk66f18.o(.text)
    DMA15_IRQHandler                         0x00000443   Thumb Code     0  startup_mk66f18.o(.text)
    DMA1_IRQHandler                          0x00000443   Thumb Code     0  startup_mk66f18.o(.text)
    DMA2_IRQHandler                          0x00000443   Thumb Code     0  startup_mk66f18.o(.text)
    DMA3_IRQHandler                          0x00000443   Thumb Code     0  startup_mk66f18.o(.text)
    DMA4_IRQHandler                          0x00000443   Thumb Code     0  startup_mk66f18.o(.text)
    DMA5_IRQHandler                          0x00000443   Thumb Code     0  startup_mk66f18.o(.text)
    DMA6_IRQHandler                          0x00000443   Thumb Code     0  startup_mk66f18.o(.text)
    DMA7_IRQHandler                          0x00000443   Thumb Code     0  startup_mk66f18.o(.text)
    DMA8_IRQHandler                          0x00000443   Thumb Code     0  startup_mk66f18.o(.text)
    DMA9_IRQHandler                          0x00000443   Thumb Code     0  startup_mk66f18.o(.text)
    DMA_Error_IRQHandler                     0x00000443   Thumb Code     0  startup_mk66f18.o(.text)
    DefaultISR                               0x00000443   Thumb Code     0  startup_mk66f18.o(.text)
    ENET_1588_Timer_IRQHandler               0x00000443   Thumb Code     0  startup_mk66f18.o(.text)
    ENET_Error_IRQHandler                    0x00000443   Thumb Code     0  startup_mk66f18.o(.text)
    ENET_Receive_IRQHandler                  0x00000443   Thumb Code     0  startup_mk66f18.o(.text)
    ENET_Transmit_IRQHandler                 0x00000443   Thumb Code     0  startup_mk66f18.o(.text)
    FTFE_IRQHandler                          0x00000443   Thumb Code     0  startup_mk66f18.o(.text)
    FTM0_IRQHandler                          0x00000443   Thumb Code     0  startup_mk66f18.o(.text)
    FTM1_IRQHandler                          0x00000443   Thumb Code     0  startup_mk66f18.o(.text)
    FTM2_IRQHandler                          0x00000443   Thumb Code     0  startup_mk66f18.o(.text)
    FTM3_IRQHandler                          0x00000443   Thumb Code     0  startup_mk66f18.o(.text)
    I2C0_IRQHandler                          0x00000443   Thumb Code     0  startup_mk66f18.o(.text)
    I2C1_IRQHandler                          0x00000443   Thumb Code     0  startup_mk66f18.o(.text)
    I2C2_IRQHandler                          0x00000443   Thumb Code     0  startup_mk66f18.o(.text)
    I2C3_IRQHandler                          0x00000443   Thumb Code     0  startup_mk66f18.o(.text)
    I2S0_Rx_IRQHandler                       0x00000443   Thumb Code     0  startup_mk66f18.o(.text)
    I2S0_Tx_IRQHandler                       0x00000443   Thumb Code     0  startup_mk66f18.o(.text)
    LLWU_IRQHandler                          0x00000443   Thumb Code     0  startup_mk66f18.o(.text)
    LPTMR0_IRQHandler                        0x00000443   Thumb Code     0  startup_mk66f18.o(.text)
    LPUART0_IRQHandler                       0x00000443   Thumb Code     0  startup_mk66f18.o(.text)
    LVD_LVW_IRQHandler                       0x00000443   Thumb Code     0  startup_mk66f18.o(.text)
    MCG_IRQHandler                           0x00000443   Thumb Code     0  startup_mk66f18.o(.text)
    MCM_IRQHandler                           0x00000443   Thumb Code     0  startup_mk66f18.o(.text)
    PDB0_IRQHandler                          0x00000443   Thumb Code     0  startup_mk66f18.o(.text)
    PIT3_IRQHandler                          0x00000443   Thumb Code     0  startup_mk66f18.o(.text)
    PORTA_IRQHandler                         0x00000443   Thumb Code     0  startup_mk66f18.o(.text)
    PORTB_IRQHandler                         0x00000443   Thumb Code     0  startup_mk66f18.o(.text)
    PORTD_IRQHandler                         0x00000443   Thumb Code     0  startup_mk66f18.o(.text)
    RNG_IRQHandler                           0x00000443   Thumb Code     0  startup_mk66f18.o(.text)
    RTC_IRQHandler                           0x00000443   Thumb Code     0  startup_mk66f18.o(.text)
    RTC_Seconds_IRQHandler                   0x00000443   Thumb Code     0  startup_mk66f18.o(.text)
    Read_Collision_IRQHandler                0x00000443   Thumb Code     0  startup_mk66f18.o(.text)
    Reserved46_IRQHandler                    0x00000443   Thumb Code     0  startup_mk66f18.o(.text)
    Reserved71_IRQHandler                    0x00000443   Thumb Code     0  startup_mk66f18.o(.text)
    Reserved84_IRQHandler                    0x00000443   Thumb Code     0  startup_mk66f18.o(.text)
    Reserved85_IRQHandler                    0x00000443   Thumb Code     0  startup_mk66f18.o(.text)
    SDHC_IRQHandler                          0x00000443   Thumb Code     0  startup_mk66f18.o(.text)
    SPI0_IRQHandler                          0x00000443   Thumb Code     0  startup_mk66f18.o(.text)
    SPI1_IRQHandler                          0x00000443   Thumb Code     0  startup_mk66f18.o(.text)
    SPI2_IRQHandler                          0x00000443   Thumb Code     0  startup_mk66f18.o(.text)
    SWI_IRQHandler                           0x00000443   Thumb Code     0  startup_mk66f18.o(.text)
    TPM1_IRQHandler                          0x00000443   Thumb Code     0  startup_mk66f18.o(.text)
    TPM2_IRQHandler                          0x00000443   Thumb Code     0  startup_mk66f18.o(.text)
    TSI0_IRQHandler                          0x00000443   Thumb Code     0  startup_mk66f18.o(.text)
    UART0_ERR_IRQHandler                     0x00000443   Thumb Code     0  startup_mk66f18.o(.text)
    UART1_ERR_IRQHandler                     0x00000443   Thumb Code     0  startup_mk66f18.o(.text)
    UART1_RX_TX_IRQHandler                   0x00000443   Thumb Code     0  startup_mk66f18.o(.text)
    UART2_ERR_IRQHandler                     0x00000443   Thumb Code     0  startup_mk66f18.o(.text)
    UART2_RX_TX_IRQHandler                   0x00000443   Thumb Code     0  startup_mk66f18.o(.text)
    UART3_ERR_IRQHandler                     0x00000443   Thumb Code     0  startup_mk66f18.o(.text)
    UART4_ERR_IRQHandler                     0x00000443   Thumb Code     0  startup_mk66f18.o(.text)
    USB0_IRQHandler                          0x00000443   Thumb Code     0  startup_mk66f18.o(.text)
    USBDCD_IRQHandler                        0x00000443   Thumb Code     0  startup_mk66f18.o(.text)
    USBHSDCD_IRQHandler                      0x00000443   Thumb Code     0  startup_mk66f18.o(.text)
    USBHS_IRQHandler                         0x00000443   Thumb Code     0  startup_mk66f18.o(.text)
    WDOG_EWM_IRQHandler                      0x00000443   Thumb Code     0  startup_mk66f18.o(.text)
    __aeabi_uidiv                            0x0000044d   Thumb Code     0  uidiv.o(.text)
    __aeabi_uidivmod                         0x0000044d   Thumb Code    44  uidiv.o(.text)
    __scatterload                            0x00000479   Thumb Code    28  init.o(.text)
    __scatterload_rt2                        0x00000479   Thumb Code     0  init.o(.text)
    DMA0_IRQHandler                          0x0000049d   Thumb Code    14  isr.o(i.DMA0_IRQHandler)
    Disable_Wdog                             0x000004b1   Thumb Code    22  system_mk66.o(i.Disable_Wdog)
    Key_Check                                0x000004cd   Thumb Code   228  key.o(i.Key_Check)
    Key_Init                                 0x000005b5   Thumb Code    64  key.o(i.Key_Init)
    NRF2401_Init                             0x000005f5   Thumb Code   116  nrf2401.o(i.NRF2401_Init)
    NRF2401_RecData                          0x0000071d   Thumb Code    54  nrf2401.o(i.NRF2401_RecData)
    NRF2401_SendData                         0x00000755   Thumb Code    86  nrf2401.o(i.NRF2401_SendData)
    NRF2401_SetRXMode                        0x000007b5   Thumb Code   100  nrf2401.o(i.NRF2401_SetRXMode)
    NRF2401_SetTXMode                        0x00000825   Thumb Code    92  nrf2401.o(i.NRF2401_SetTXMode)
    OLED_P6x8Str                             0x00000929   Thumb Code    96  oled.o(i.OLED_P6x8Str)
    OLED_Set_Pos                             0x0000098d   Thumb Code    40  oled.o(i.OLED_Set_Pos)
    OLED_WrCmd                               0x000009b5   Thumb Code    80  oled.o(i.OLED_WrCmd)
    OLED_WrDat                               0x00000a05   Thumb Code    80  oled.o(i.OLED_WrDat)
    PIT0_IRQHandler                          0x00000a55   Thumb Code    14  isr.o(i.PIT0_IRQHandler)
    PIT1_IRQHandler                          0x00000a69   Thumb Code    14  isr.o(i.PIT1_IRQHandler)
    PIT2_IRQHandler                          0x00000a7d   Thumb Code    14  isr.o(i.PIT2_IRQHandler)
    PORTC_IRQHandler                         0x00000a91   Thumb Code    68  isr.o(i.PORTC_IRQHandler)
    PORTE_IRQHandler                         0x00000aed   Thumb Code    10  isr.o(i.PORTE_IRQHandler)
    SYSTEM_CLK                               0x00000afd   Thumb Code   170  system_mk66.o(i.SYSTEM_CLK)
    Start                                    0x00000bb5   Thumb Code    34  system_mk66.o(i.Start)
    UART0_RX_TX_IRQHandler                   0x00000bdd   Thumb Code    10  isr.o(i.UART0_RX_TX_IRQHandler)
    UART3_RX_TX_IRQHandler                   0x00000bed   Thumb Code    10  isr.o(i.UART3_RX_TX_IRQHandler)
    UART4_RX_TX_IRQHandler                   0x00000bfd   Thumb Code    10  isr.o(i.UART4_RX_TX_IRQHandler)
    __0printf$1                              0x00000c0d   Thumb Code    22  printf1.o(i.__0printf$1)
    __1printf$1                              0x00000c0d   Thumb Code     0  printf1.o(i.__0printf$1)
    __2printf                                0x00000c0d   Thumb Code     0  printf1.o(i.__0printf$1)
    __scatterload_copy                       0x00000c2d   Thumb Code    14  handlers.o(i.__scatterload_copy)
    __scatterload_null                       0x00000c3b   Thumb Code     2  handlers.o(i.__scatterload_null)
    __scatterload_zeroinit                   0x00000c3d   Thumb Code    14  handlers.o(i.__scatterload_zeroinit)
    buzzer_Init                              0x00000da1   Thumb Code    14  buzzer.o(i.buzzer_Init)
    buzzer_Ring                              0x00000db1   Thumb Code    22  buzzer.o(i.buzzer_Ring)
    car_init                                 0x00000e0d   Thumb Code    34  smartcar_init.o(i.car_init)
    div_set                                  0x00000e8d   Thumb Code    68  system_mk66.o(i.div_set)
    fputc                                    0x00000ed9   Thumb Code    18  uart.o(i.fputc)
    get_clk                                  0x00000eed   Thumb Code    94  common.o(i.get_clk)
    gpio_init                                0x00000f61   Thumb Code   346  gpio.o(i.gpio_init)
    gpio_set                                 0x000010c9   Thumb Code    66  gpio.o(i.gpio_set)
    main                                     0x00001111   Thumb Code   180  main.o(i.main)
    pit_init                                 0x000011cd   Thumb Code    78  pit.o(i.pit_init)
    port_init                                0x00001229   Thumb Code   102  port.o(i.port_init)
    sendToSlaveCar                           0x0000129d   Thumb Code    48  main.o(i.sendToSlaveCar)
    systick_delay                            0x000012f1   Thumb Code    44  systick.o(i.systick_delay)
    systick_delay_ms                         0x0000131d   Thumb Code    32  systick.o(i.systick_delay_ms)
    uart_init                                0x00001341   Thumb Code   452  uart.o(i.uart_init)
    uart_putchar                             0x00001519   Thumb Code    28  uart.o(i.uart_putchar)
    TX_ADDRESS                               0x00001538   Data           5  nrf2401.o(.constdata)
    RX_ADDRESS                               0x0000153d   Data           5  nrf2401.o(.constdata)
    F6x8                                     0x00001542   Data         552  oled.o(.constdata)
    F8X16                                    0x0000176a   Data        1520  oled.o(.constdata)
    Region$$Table$$Base                      0x00001dac   Number         0  anon$$obj.o(Region$$Table)
    Region$$Table$$Limit                     0x00001dcc   Number         0  anon$$obj.o(Region$$Table)
    NRF2401Channel                           0x20000000   Data           1  nrf2401.o(.data)
    mcgout_clk_mhz                           0x20000004   Data           4  common.o(.data)
    core_clk_mhz                             0x20000008   Data           4  common.o(.data)
    bus_clk_mhz                              0x2000000c   Data           4  common.o(.data)
    uart                                     0x20000010   Data          20  uart.o(.data)
    __stdout                                 0x20000024   Data           4  stdout.o(.data)
    NRF2401TXBuffer                          0x20000028   Data          32  nrf2401.o(.bss)
    NRF2401RXBuffer                          0x20000048   Data          32  nrf2401.o(.bss)
    WirelessReceiveStorage                   0x20000068   Data          32  nrf2401.o(.bss)
    __initial_sp                             0x20000488   Data           0  startup_mk66f18.o(STACK)



==============================================================================

Memory Map of the image

  Image Entry point : 0x00000411

  Load Region LR_IROM1 (Base: 0x00000000, Size: 0x00001df4, Max: 0x00100000, ABSOLUTE)

    Execution Region ER_IROM1 (Exec base: 0x00000000, Load base: 0x00000000, Size: 0x00001dcc, Max: 0x00100000, ABSOLUTE)

    Exec Addr    Load Addr    Size         Type   Attr      Idx    E Section Name        Object

    0x00000000   0x00000000   0x00000400   Data   RO            3    RESET               startup_mk66f18.o
    0x00000400   0x00000400   0x00000010   Code   RO            4    .ARM.__at_0x400     startup_mk66f18.o
    0x00000410   0x00000410   0x00000000   Code   RO         1172  * .ARM.Collect$$$$00000000  mc_w.l(entry.o)
    0x00000410   0x00000410   0x00000004   Code   RO         1436    .ARM.Collect$$$$00000001  mc_w.l(entry2.o)
    0x00000414   0x00000414   0x00000004   Code   RO         1439    .ARM.Collect$$$$00000004  mc_w.l(entry5.o)
    0x00000418   0x00000418   0x00000000   Code   RO         1441    .ARM.Collect$$$$00000008  mc_w.l(entry7b.o)
    0x00000418   0x00000418   0x00000000   Code   RO         1443    .ARM.Collect$$$$0000000A  mc_w.l(entry8b.o)
    0x00000418   0x00000418   0x00000008   Code   RO         1444    .ARM.Collect$$$$0000000B  mc_w.l(entry9a.o)
    0x00000420   0x00000420   0x00000000   Code   RO         1446    .ARM.Collect$$$$0000000D  mc_w.l(entry10a.o)
    0x00000420   0x00000420   0x00000000   Code   RO         1448    .ARM.Collect$$$$0000000F  mc_w.l(entry11a.o)
    0x00000420   0x00000420   0x00000004   Code   RO         1437    .ARM.Collect$$$$00002712  mc_w.l(entry2.o)
    0x00000424   0x00000424   0x00000028   Code   RO            5    .text               startup_mk66f18.o
    0x0000044c   0x0000044c   0x0000002c   Code   RO         1451    .text               mc_w.l(uidiv.o)
    0x00000478   0x00000478   0x00000024   Code   RO         1466    .text               mc_w.l(init.o)
    0x0000049c   0x0000049c   0x00000014   Code   RO          427    i.DMA0_IRQHandler   isr.o
    0x000004b0   0x000004b0   0x0000001c   Code   RO           15    i.Disable_Wdog      system_mk66.o
    0x000004cc   0x000004cc   0x000000e8   Code   RO          196    i.Key_Check         key.o
    0x000005b4   0x000005b4   0x00000040   Code   RO          197    i.Key_Init          key.o
    0x000005f4   0x000005f4   0x00000084   Code   RO          222    i.NRF2401_Init      nrf2401.o
    0x00000678   0x00000678   0x0000003c   Code   RO          223    i.NRF2401_ReadBuffer  nrf2401.o
    0x000006b4   0x000006b4   0x00000040   Code   RO          224    i.NRF2401_ReadWriteByte  nrf2401.o
    0x000006f4   0x000006f4   0x00000028   Code   RO          225    i.NRF2401_ReadWriteReg  nrf2401.o
    0x0000071c   0x0000071c   0x00000036   Code   RO          226    i.NRF2401_RecData   nrf2401.o
    0x00000752   0x00000752   0x00000002   PAD
    0x00000754   0x00000754   0x00000060   Code   RO          227    i.NRF2401_SendData  nrf2401.o
    0x000007b4   0x000007b4   0x00000070   Code   RO          229    i.NRF2401_SetRXMode  nrf2401.o
    0x00000824   0x00000824   0x0000006c   Code   RO          230    i.NRF2401_SetTXMode  nrf2401.o
    0x00000890   0x00000890   0x0000003c   Code   RO          231    i.NRF2401_WriteBuffer  nrf2401.o
    0x000008cc   0x000008cc   0x00000044   Code   RO          232    i.NRF24L01_Check    nrf2401.o
    0x00000910   0x00000910   0x00000018   Code   RO          233    i.NVIC_DisableIRQ   nrf2401.o
    0x00000928   0x00000928   0x00000064   Code   RO          319    i.OLED_P6x8Str      oled.o
    0x0000098c   0x0000098c   0x00000028   Code   RO          324    i.OLED_Set_Pos      oled.o
    0x000009b4   0x000009b4   0x00000050   Code   RO          326    i.OLED_WrCmd        oled.o
    0x00000a04   0x00000a04   0x00000050   Code   RO          327    i.OLED_WrDat        oled.o
    0x00000a54   0x00000a54   0x00000014   Code   RO          428    i.PIT0_IRQHandler   isr.o
    0x00000a68   0x00000a68   0x00000014   Code   RO          429    i.PIT1_IRQHandler   isr.o
    0x00000a7c   0x00000a7c   0x00000014   Code   RO          430    i.PIT2_IRQHandler   isr.o
    0x00000a90   0x00000a90   0x0000005c   Code   RO          431    i.PORTC_IRQHandler  isr.o
    0x00000aec   0x00000aec   0x00000010   Code   RO          432    i.PORTE_IRQHandler  isr.o
    0x00000afc   0x00000afc   0x000000b8   Code   RO           16    i.SYSTEM_CLK        system_mk66.o
    0x00000bb4   0x00000bb4   0x00000028   Code   RO           17    i.Start             system_mk66.o
    0x00000bdc   0x00000bdc   0x00000010   Code   RO          433    i.UART0_RX_TX_IRQHandler  isr.o
    0x00000bec   0x00000bec   0x00000010   Code   RO          434    i.UART3_RX_TX_IRQHandler  isr.o
    0x00000bfc   0x00000bfc   0x00000010   Code   RO          435    i.UART4_RX_TX_IRQHandler  isr.o
    0x00000c0c   0x00000c0c   0x00000020   Code   RO         1220    i.__0printf$1       mc_w.l(printf1.o)
    0x00000c2c   0x00000c2c   0x0000000e   Code   RO         1478    i.__scatterload_copy  mc_w.l(handlers.o)
    0x00000c3a   0x00000c3a   0x00000002   Code   RO         1479    i.__scatterload_null  mc_w.l(handlers.o)
    0x00000c3c   0x00000c3c   0x0000000e   Code   RO         1480    i.__scatterload_zeroinit  mc_w.l(handlers.o)
    0x00000c4a   0x00000c4a   0x00000002   PAD
    0x00000c4c   0x00000c4c   0x00000154   Code   RO         1227    i._printf_core      mc_w.l(printf1.o)
    0x00000da0   0x00000da0   0x0000000e   Code   RO          170    i.buzzer_Init       buzzer.o
    0x00000dae   0x00000dae   0x00000002   PAD
    0x00000db0   0x00000db0   0x0000001c   Code   RO          171    i.buzzer_Ring       buzzer.o
    0x00000dcc   0x00000dcc   0x00000040   Code   RO           99    i.car_communication_init  smartcar_init.o
    0x00000e0c   0x00000e0c   0x00000034   Code   RO          100    i.car_init          smartcar_init.o
    0x00000e40   0x00000e40   0x0000004c   Code   RO          101    i.car_interrupt_init  smartcar_init.o
    0x00000e8c   0x00000e8c   0x0000004c   Code   RO           18    i.div_set           system_mk66.o
    0x00000ed8   0x00000ed8   0x00000012   Code   RO         1059    i.fputc             uart.o
    0x00000eea   0x00000eea   0x00000002   PAD
    0x00000eec   0x00000eec   0x00000074   Code   RO          595    i.get_clk           common.o
    0x00000f60   0x00000f60   0x00000168   Code   RO          897    i.gpio_init         gpio.o
    0x000010c8   0x000010c8   0x00000048   Code   RO          898    i.gpio_set          gpio.o
    0x00001110   0x00001110   0x000000bc   Code   RO          567    i.main              main.o
    0x000011cc   0x000011cc   0x0000005c   Code   RO          943    i.pit_init          pit.o
    0x00001228   0x00001228   0x00000074   Code   RO          988    i.port_init         port.o
    0x0000129c   0x0000129c   0x00000054   Code   RO          568    i.sendToSlaveCar    main.o
    0x000012f0   0x000012f0   0x0000002c   Code   RO         1016    i.systick_delay     systick.o
    0x0000131c   0x0000131c   0x00000024   Code   RO         1017    i.systick_delay_ms  systick.o
    0x00001340   0x00001340   0x000001d8   Code   RO         1061    i.uart_init         uart.o
    0x00001518   0x00001518   0x00000020   Code   RO         1063    i.uart_putchar      uart.o
    0x00001538   0x00001538   0x0000000a   Data   RO          235    .constdata          nrf2401.o
    0x00001542   0x00001542   0x00000818   Data   RO          330    .constdata          oled.o
    0x00001d5a   0x00001d5a   0x00000002   PAD
    0x00001d5c   0x00001d5c   0x00000028   Data   RO          900    .constdata          gpio.o
    0x00001d84   0x00001d84   0x00000028   Data   RO          990    .constdata          port.o
    0x00001dac   0x00001dac   0x00000020   Data   RO         1476    Region$$Table       anon$$obj.o


    Execution Region RW_IRAM1 (Exec base: 0x20000000, Load base: 0x00001dcc, Size: 0x00000488, Max: 0x00030000, ABSOLUTE)

    Exec Addr    Load Addr    Size         Type   Attr      Idx    E Section Name        Object

    0x20000000   0x00001dcc   0x00000001   Data   RW          236    .data               nrf2401.o
    0x20000001   0x00001dcd   0x00000001   Data   RW          569    .data               main.o
    0x20000002   0x00001dce   0x00000002   PAD
    0x20000004   0x00001dd0   0x0000000c   Data   RW          596    .data               common.o
    0x20000010   0x00001ddc   0x00000014   Data   RW         1070    .data               uart.o
    0x20000024   0x00001df0   0x00000004   Data   RW         1450    .data               mc_w.l(stdout.o)
    0x20000028        -       0x00000060   Zero   RW          234    .bss                nrf2401.o
    0x20000088        -       0x00000400   Zero   RW            1    STACK               startup_mk66f18.o


==============================================================================

Image component sizes


      Code (inc. data)   RO Data    RW Data    ZI Data      Debug   Object Name

        42          6          0          0          0       1028   buzzer.o
       116         22          0         12          0     723832   common.o
         0          0          0          0          0       2022   dma.o
       432         20         40          0          0       1799   gpio.o
       236         72          0          0          0       4453   isr.o
       296          4          0          0          0       1251   key.o
       272         44          0          1          0       1380   main.o
       818         90         10          1         96      32761   nrf2401.o
       300          4       2072          0          0       3573   oled.o
        92         14          0          0          0       1315   pit.o
       116         14         40          0          0       1108   port.o
       192         58          0          0          0      26434   smartcar_init.o
        56         24       1024          0       1024       1160   startup_mk66f18.o
       328         34          0          0          0     730996   system_mk66.o
        80          4          0          0          0       1087   systick.o
       522         30          0         20          0       2486   uart.o

    ----------------------------------------------------------------------
      3904        440       3220         36       1120    1536685   Object Totals
         0          0         32          0          0          0   (incl. Generated)
         6          0          2          2          0          0   (incl. Padding)

    ----------------------------------------------------------------------

      Code (inc. data)   RO Data    RW Data    ZI Data      Debug   Library Member Name

         0          0          0          0          0          0   entry.o
         0          0          0          0          0          0   entry10a.o
         0          0          0          0          0          0   entry11a.o
         8          4          0          0          0          0   entry2.o
         4          0          0          0          0          0   entry5.o
         0          0          0          0          0          0   entry7b.o
         0          0          0          0          0          0   entry8b.o
         8          4          0          0          0          0   entry9a.o
        30          0          0          0          0          0   handlers.o
        36          8          0          0          0         68   init.o
       372         14          0          0          0        184   printf1.o
         0          0          0          4          0          0   stdout.o
        44          0          0          0          0         80   uidiv.o

    ----------------------------------------------------------------------
       504         30          0          4          0        332   Library Totals
         2          0          0          0          0          0   (incl. Padding)

    ----------------------------------------------------------------------

      Code (inc. data)   RO Data    RW Data    ZI Data      Debug   Library Name

       502         30          0          4          0        332   mc_w.l

    ----------------------------------------------------------------------
       504         30          0          4          0        332   Library Totals

    ----------------------------------------------------------------------

==============================================================================


      Code (inc. data)   RO Data    RW Data    ZI Data      Debug   

      4408        470       3220         40       1120    1532969   Grand Totals
      4408        470       3220         40       1120    1532969   ELF Image Totals
      4408        470       3220         40          0          0   ROM Totals

==============================================================================

    Total RO  Size (Code + RO Data)                 7628 (   7.45kB)
    Total RW  Size (RW Data + ZI Data)              1160 (   1.13kB)
    Total ROM Size (Code + RO Data + RW Data)       7668 (   7.49kB)

==============================================================================

