<html>
<body>
<pre>
<h1>µVision Build Log</h1>
<h2>Tool Versions:</h2>
IDE-Version: ¦ÌVision V5.29.0.0
Copyright (C) 2019 ARM Ltd and ARM Germany GmbH. All rights reserved.
License Information: Y Y, Y, LIC=FQQQD-8NG8C-LV31I-T7WJN-8KHDL-V3BC9
 
Tool Versions:
Toolchain:       MDK-ARM Professional  Version: 5.29.0.0
Toolchain Path:  D:\Program Files (x86)\MDK5\MDK5\ARM\ARMCC\Bin
C Compiler:      Armcc.exe V5.06 update 6 (build 750)
Assembler:       Armasm.exe V5.06 update 6 (build 750)
Linker/Locator:  ArmLink.exe V5.06 update 6 (build 750)
Library Manager: ArmAr.exe V5.06 update 6 (build 750)
Hex Converter:   FromElf.exe V5.06 update 6 (build 750)
CPU DLL:         SARMCM3.DLL V5.29.0.0
Dialog DLL:      DCM.DLL V1.17.3.0
Target DLL:      Segger\JL2CM3.dll V2.99.36.0
Dialog DLL:      TCM.DLL V1.36.5.0
 
<h2>Project:</h2>
D:\Projects\MCU\K66\ÈðÈø±­_K66_907_Ò£¿ØÆ÷\PRJ\MK66_HDU.uvprojx
Project File Date:  08/23/2020

<h2>Output:</h2>
*** Using Compiler 'V5.06 update 6 (build 750)', folder: 'D:\Program Files (x86)\MDK5\MDK5\ARM\ARMCC\Bin'
Build target 'MK66_HDU'
compiling main.c...
linking...
Program Size: Code=3752 RO-data=3220 RW-data=36 ZI-data=1124  
"..\OBJ\MK66_HDU.axf" - 0 Error(s), 0 Warning(s).

<h2>Software Packages used:</h2>

Package Vendor: Keil
                http://www.keil.com/pack/Keil.Kinetis_K60_DFP.1.5.0.pack
                Keil.Kinetis_K60_DFP.1.5.0
                NXP Kinetis K60 Series Device Support and Examples

<h2>Collection of Component include folders:</h2>
  .\RTE\_MK66_HDU
  D:\Program Files (x86)\MDK5\MDK5\ARM\PACK\Keil\Kinetis_K60_DFP\1.5.0\Device\Include

<h2>Collection of Component Files used:</h2>
Build Time Elapsed:  00:00:03
</pre>
</body>
</html>
