Component: ARM Compiler 5.06 update 6 (build 750) Tool: armlink [4d35ed]

==============================================================================

Section Cross References

    startup_mk66f18.o(RESET) refers to startup_mk66f18.o(STACK) for __initial_sp
    startup_mk66f18.o(RESET) refers to startup_mk66f18.o(.text) for Reset_Handler
    startup_mk66f18.o(RESET) refers to isr.o(i.DMA0_IRQHandler) for DMA0_IRQHandler
    startup_mk66f18.o(RESET) refers to isr.o(i.UART0_RX_TX_IRQHandler) for UART0_RX_TX_IRQHandler
    startup_mk66f18.o(RESET) refers to isr.o(i.UART3_RX_TX_IRQHandler) for UART3_RX_TX_IRQHandler
    startup_mk66f18.o(RESET) refers to isr.o(i.PIT0_IRQHandler) for PIT0_IRQHandler
    startup_mk66f18.o(RESET) refers to isr.o(i.PIT1_IRQHandler) for PIT1_IRQHandler
    startup_mk66f18.o(RESET) refers to isr.o(i.PIT2_IRQHandler) for PIT2_IRQHandler
    startup_mk66f18.o(RESET) refers to isr.o(i.PORTC_IRQHandler) for PORTC_IRQHandler
    startup_mk66f18.o(RESET) refers to isr.o(i.PORTE_IRQHandler) for PORTE_IRQHandler
    startup_mk66f18.o(RESET) refers to isr.o(i.UART4_RX_TX_IRQHandler) for UART4_RX_TX_IRQHandler
    startup_mk66f18.o(.text) refers to system_mk66.o(i.Start) for Start
    startup_mk66f18.o(.text) refers to entry.o(.ARM.Collect$$$$00000000) for __main
    system_mk66.o(i.SYSTEM_CLK) refers to system_mk66.o(i.div_set) for div_set
    system_mk66.o(i.Start) refers to system_mk66.o(i.Disable_Wdog) for Disable_Wdog
    system_mk66.o(i.Start) refers to system_mk66.o(i.SYSTEM_CLK) for SYSTEM_CLK
    system_mk66.o(i.Start) refers to gpio.o(i.gpio_init) for gpio_init
    motor.o(i.Motor_Control) refers to motor.o(i.Motor_stop) for Motor_stop
    motor.o(i.Motor_Control) refers to ftm.o(i.ftm_pwm_duty) for ftm_pwm_duty
    motor.o(i.Motor_Control) refers to motor.o(.data) for motor_left_speed_u
    motor.o(i.Motor_Init) refers to ftm.o(i.ftm_pwm_init) for ftm_pwm_init
    motor.o(i.Motor_Init) refers to motor.o(.data) for motor_LU
    motor.o(i.Motor_stop) refers to ftm.o(i.ftm_pwm_duty) for ftm_pwm_duty
    motor.o(i.Motor_stop) refers to motor.o(.data) for motor_right_speed_u
    servo.o(i.CalculateError) refers to servo.o(.data) for CenterSum
    servo.o(i.CalculateError) refers to findtrack.o(.bss) for MiddleLine
    servo.o(i.Server_Control) refers to ftm.o(i.ftm_pwm_duty) for ftm_pwm_duty
    servo.o(i.Server_Control) refers to servo.o(.data) for servo_Max
    servo.o(i.Servo_Init) refers to ftm.o(i.ftm_pwm_init) for ftm_pwm_init
    servo.o(i.Servo_Init) refers to servo.o(.data) for servo_Mid
    servo.o(i.Servo_test) refers to ftm.o(i.ftm_pwm_duty) for ftm_pwm_duty
    servo.o(i.Servo_test) refers to systick.o(i.systick_delay_ms) for systick_delay_ms
    servo.o(i.Servo_test) refers to servo.o(.data) for servo_Min
    servo.o(i.servoControl) refers to servo.o(i.CalculateError) for CalculateError
    servo.o(i.servoControl) refers to f2d.o(.text) for __aeabi_f2d
    servo.o(i.servoControl) refers to dfltui.o(.text) for __aeabi_ui2d
    servo.o(i.servoControl) refers to ddiv.o(.text) for __aeabi_ddiv
    servo.o(i.servoControl) refers to dmul.o(.text) for __aeabi_dmul
    servo.o(i.servoControl) refers to dadd.o(.text) for __aeabi_dadd
    servo.o(i.servoControl) refers to d2f.o(.text) for __aeabi_d2f
    servo.o(i.servoControl) refers to ftm.o(i.ftm_pwm_duty) for ftm_pwm_duty
    servo.o(i.servoControl) refers to tracktype.o(.data) for turn_flag
    servo.o(i.servoControl) refers to servo.o(.data) for servoError
    encoder.o(i.Encoder_Init) refers to dmacnt.o(i.DMACNT_Init) for DMACNT_Init
    encoder.o(i.Encoder_Init) refers to gpio.o(i.gpio_init) for gpio_init
    encoder.o(i.SpeedGet) refers to dmacnt.o(i.DMACNT_GetValue) for DMACNT_GetValue
    encoder.o(i.SpeedGet) refers to encoder.o(.data) for Speed_Left
    encoder.o(i.SpeedGet) refers to smartcar_init.o(.data) for pid_speed_L
    smartcar_init.o(i.car_communication_init) refers to nrf2401.o(i.NRF2401_Init) for NRF2401_Init
    smartcar_init.o(i.car_communication_init) refers to oled.o(i.OLED_P6x8Str) for OLED_P6x8Str
    smartcar_init.o(i.car_communication_init) refers to nrf2401.o(i.NRF2401_SetRXMode) for NRF2401_SetRXMode
    smartcar_init.o(i.car_init) refers to buzzer.o(i.buzzer_Init) for buzzer_Init
    smartcar_init.o(i.car_init) refers to buzzer.o(i.buzzer_Ring) for buzzer_Ring
    smartcar_init.o(i.car_init) refers to smartcar_init.o(i.motorSet) for motorSet
    smartcar_init.o(i.car_init) refers to servo.o(i.Servo_Init) for Servo_Init
    smartcar_init.o(i.car_init) refers to motor.o(i.Motor_Init) for Motor_Init
    smartcar_init.o(i.car_init) refers to encoder.o(i.Encoder_Init) for Encoder_Init
    smartcar_init.o(i.car_init) refers to key.o(i.Key_Init) for Key_Init
    smartcar_init.o(i.car_init) refers to dflti.o(.text) for __aeabi_i2d
    smartcar_init.o(i.car_init) refers to ddiv.o(.text) for __aeabi_ddiv
    smartcar_init.o(i.car_init) refers to d2f.o(.text) for __aeabi_d2f
[...]
    ftm.o(i.ftm_pwm_init) refers to common.o(.data) for bus_clk_mhz
    ftm.o(i.ftm_pwm_init) refers to ftm.o(.data) for period
    ftm.o(i.ftm_pwm_init) refers to ftm.o(.constdata) for FTMX
    ftm.o(i.ftm_quad_clean) refers to ftm.o(.constdata) for FTMX
    ftm.o(i.ftm_quad_get) refers to ftm.o(.constdata) for FTMX
    ftm.o(i.ftm_quad_init) refers to port.o(i.port_init) for port_init
    ftm.o(i.ftm_quad_init) refers to ftm.o(.constdata) for FTMX
    gpio.o(i.gpio_ddr) refers to gpio.o(.constdata) for GPIOX
    gpio.o(i.gpio_get) refers to gpio.o(.constdata) for GPIOX
    gpio.o(i.gpio_init) refers to gpio.o(.constdata) for PORTX
    gpio.o(i.gpio_set) refers to gpio.o(.constdata) for GPIOX
    gpio.o(i.gpio_turn) refers to gpio.o(.constdata) for GPIOX
    port.o(i.port_init) refers to port.o(.constdata) for PORTX
    port.o(i.port_init_NoAlt) refers to port.o(.constdata) for PORTX
    systick.o(i.systick_delay_ms) refers to systick.o(i.systick_delay) for systick_delay
    systick.o(i.systick_delay_ms) refers to common.o(.data) for core_clk_mhz
    uart.o(i.fputc) refers to uart.o(i.uart_putchar) for uart_putchar
    uart.o(i.uart_getchar) refers to uart.o(.data) for uart
    uart.o(i.uart_init) refers to port.o(i.port_init) for port_init
    uart.o(i.uart_init) refers to uart.o(.data) for uart
    uart.o(i.uart_init) refers to common.o(.data) for core_clk_mhz
    uart.o(i.uart_putbuff) refers to uart.o(i.uart_putchar) for uart_putchar
    uart.o(i.uart_putchar) refers to uart.o(.data) for uart
    uart.o(i.uart_putstr) refers to uart.o(i.uart_putchar) for uart_putchar
    uart.o(i.uart_querychar) refers to uart.o(.data) for uart
    uart.o(i.uart_rx_irq_dis) refers to uart.o(i.NVIC_DisableIRQ) for NVIC_DisableIRQ
    uart.o(i.uart_rx_irq_dis) refers to uart.o(.data) for uart
    uart.o(i.uart_rx_irq_en) refers to uart.o(i.NVIC_EnableIRQ) for NVIC_EnableIRQ
    uart.o(i.uart_rx_irq_en) refers to uart.o(.data) for uart
    uart.o(i.uart_txc_irq_dis) refers to uart.o(i.NVIC_DisableIRQ) for NVIC_DisableIRQ
    uart.o(i.uart_txc_irq_dis) refers to uart.o(.data) for uart
    uart.o(i.uart_txc_irq_en) refers to uart.o(i.NVIC_EnableIRQ) for NVIC_EnableIRQ
    uart.o(i.uart_txc_irq_en) refers to uart.o(.data) for uart
    entry.o(.ARM.Collect$$$$00000000) refers (Special) to entry10a.o(.ARM.Collect$$$$0000000D) for __rt_final_cpp
    entry.o(.ARM.Collect$$$$00000000) refers (Special) to entry11a.o(.ARM.Collect$$$$0000000F) for __rt_final_exit
    entry.o(.ARM.Collect$$$$00000000) refers (Special) to entry7b.o(.ARM.Collect$$$$00000008) for _main_clock
    entry.o(.ARM.Collect$$$$00000000) refers (Special) to entry8b.o(.ARM.Collect$$$$0000000A) for _main_cpp_init
    entry.o(.ARM.Collect$$$$00000000) refers (Special) to entry9a.o(.ARM.Collect$$$$0000000B) for _main_init
    entry.o(.ARM.Collect$$$$00000000) refers (Special) to entry5.o(.ARM.Collect$$$$00000004) for _main_scatterload
    entry.o(.ARM.Collect$$$$00000000) refers (Special) to entry2.o(.ARM.Collect$$$$00000001) for _main_stk
    dadd.o(.text) refers (Special) to iusefp.o(.text) for __I$use$fp
    dadd.o(.text) refers to llshl.o(.text) for __aeabi_llsl
    dadd.o(.text) refers to llsshr.o(.text) for __aeabi_lasr
    dadd.o(.text) refers to depilogue.o(.text) for _double_epilogue
    dmul.o(.text) refers (Special) to iusefp.o(.text) for __I$use$fp
    dmul.o(.text) refers to depilogue.o(.text) for _double_epilogue
    ddiv.o(.text) refers (Special) to iusefp.o(.text) for __I$use$fp
    ddiv.o(.text) refers to depilogue.o(.text) for _double_round
    dflti.o(.text) refers (Special) to iusefp.o(.text) for __I$use$fp
    dflti.o(.text) refers to depilogue.o(.text) for _double_epilogue
    dfltui.o(.text) refers (Special) to iusefp.o(.text) for __I$use$fp
    dfltui.o(.text) refers to depilogue.o(.text) for _double_epilogue
    dfixi.o(.text) refers (Special) to iusefp.o(.text) for __I$use$fp
    dfixi.o(.text) refers to llushr.o(.text) for __aeabi_llsr
    dfixui.o(.text) refers (Special) to iusefp.o(.text) for __I$use$fp
    dfixui.o(.text) refers to llushr.o(.text) for __aeabi_llsr
    f2d.o(.text) refers (Special) to iusefp.o(.text) for __I$use$fp
    d2f.o(.text) refers (Special) to iusefp.o(.text) for __I$use$fp
    d2f.o(.text) refers to fepilogue.o(.text) for _float_round
    entry2.o(.ARM.Collect$$$$00000001) refers to entry2.o(.ARM.Collect$$$$00002712) for __lit__00000000
    entry2.o(.ARM.Collect$$$$00002712) refers to startup_mk66f18.o(STACK) for __initial_sp
    entry2.o(__vectab_stack_and_reset_area) refers to startup_mk66f18.o(STACK) for __initial_sp
    entry2.o(__vectab_stack_and_reset_area) refers to entry.o(.ARM.Collect$$$$00000000) for __main
    entry5.o(.ARM.Collect$$$$00000004) refers to init.o(.text) for __scatterload
    entry9a.o(.ARM.Collect$$$$0000000B) refers to main.o(i.main) for main
    entry9b.o(.ARM.Collect$$$$0000000C) refers to main.o(i.main) for main
    depilogue.o(.text) refers to llshl.o(.text) for __aeabi_llsl
    depilogue.o(.text) refers to llushr.o(.text) for __aeabi_llsr
    init.o(.text) refers to entry5.o(.ARM.Collect$$$$00000004) for __main_after_scatterload


==============================================================================

Removing Unused input sections from the image.

    Removing startup_mk66f18.o(HEAP), (0 bytes).
    Removing system_mk66.o(.rev16_text), (4 bytes).
    Removing system_mk66.o(.revsh_text), (4 bytes).
    Removing motor.o(.rev16_text), (4 bytes).
    Removing motor.o(.revsh_text), (4 bytes).
    Removing servo.o(.rev16_text), (4 bytes).
    Removing servo.o(.revsh_text), (4 bytes).
    Removing servo.o(i.Server_Control), (56 bytes).
    Removing servo.o(i.Servo_test), (52 bytes).
    Removing encoder.o(.rev16_text), (4 bytes).
    Removing encoder.o(.revsh_text), (4 bytes).
    Removing smartcar_init.o(.rev16_text), (4 bytes).
    Removing smartcar_init.o(.revsh_text), (4 bytes).
    Removing buzzer.o(.rev16_text), (4 bytes).
    Removing buzzer.o(.revsh_text), (4 bytes).
    Removing key.o(.rev16_text), (4 bytes).
    Removing key.o(.revsh_text), (4 bytes).
    Removing nrf2401.o(.rev16_text), (4 bytes).
    Removing nrf2401.o(.revsh_text), (4 bytes).
    Removing nrf2401.o(i.NRF2401_SendData), (96 bytes).
    Removing nrf2401.o(i.NRF2401_SendData_Duplex), (26 bytes).
    Removing nrf2401.o(i.NRF2401_SetTXMode), (104 bytes).
    Removing mt9v032.o(.rev16_text), (4 bytes).
    Removing mt9v032.o(.revsh_text), (4 bytes).
    Removing mt9v032.o(i.get_version), (76 bytes).
    Removing mt9v032.o(i.seekfree_sendimg_032), (52 bytes).
    Removing mt9v032.o(i.set_exposure_time), (80 bytes).
    Removing mt9v032.o(i.set_mt9v032_reg), (124 bytes).
    Removing oled.o(.rev16_text), (4 bytes).
    Removing oled.o(.revsh_text), (4 bytes).
    Removing oled.o(i.OLED_ClrPixel), (72 bytes).
    Removing oled.o(i.OLED_PutPixel), (72 bytes).
    Removing oled.o(i.OLED_Wr6Dat), (80 bytes).
    Removing oled.o(i.dis_bmp), (472 bytes).
    Removing tracktype.o(.rev16_text), (4 bytes).
    Removing tracktype.o(.revsh_text), (4 bytes).
    Removing tracktype.o(.bss), (376 bytes).
    Removing image_process.o(.rev16_text), (4 bytes).
    Removing image_process.o(.revsh_text), (4 bytes).
    Removing control.o(.rev16_text), (4 bytes).
    Removing control.o(.revsh_text), (4 bytes).
    Removing findtrack.o(.rev16_text), (4 bytes).
    Removing findtrack.o(.revsh_text), (4 bytes).
    Removing hc_sr04.o(.rev16_text), (4 bytes).
    Removing hc_sr04.o(.revsh_text), (4 bytes).
    Removing isr.o(.rev16_text), (4 bytes).
    Removing isr.o(.revsh_text), (4 bytes).
    Removing main.o(.rev16_text), (4 bytes).
    Removing main.o(.revsh_text), (4 bytes).
    Removing common.o(.rev16_text), (4 bytes).
    Removing common.o(.revsh_text), (4 bytes).
    Removing dma.o(.rev16_text), (4 bytes).
    Removing dma.o(.revsh_text), (4 bytes).
    Removing dma.o(i.dma_portx2buff_init_new), (392 bytes).
    Removing dmacnt.o(.rev16_text), (4 bytes).
    Removing dmacnt.o(.revsh_text), (4 bytes).
    Removing ftm.o(.rev16_text), (4 bytes).
    Removing ftm.o(.revsh_text), (4 bytes).
    Removing ftm.o(i.ftm_input_clean), (16 bytes).
    Removing ftm.o(i.ftm_input_get), (24 bytes).
    Removing ftm.o(i.ftm_input_init), (260 bytes).
    Removing ftm.o(i.ftm_pwm_freq), (120 bytes).
    Removing ftm.o(i.ftm_quad_clean), (16 bytes).
    Removing ftm.o(i.ftm_quad_get), (20 bytes).
    Removing ftm.o(i.ftm_quad_init), (228 bytes).
    Removing gpio.o(.rev16_text), (4 bytes).
    Removing gpio.o(.revsh_text), (4 bytes).
    Removing gpio.o(i.gpio_ddr), (80 bytes).
    Removing gpio.o(i.gpio_get), (44 bytes).
    Removing gpio.o(i.gpio_turn), (40 bytes).
    Removing pit.o(.rev16_text), (4 bytes).
    Removing pit.o(.revsh_text), (4 bytes).
    Removing pit.o(i.pit_close), (48 bytes).
    Removing port.o(.rev16_text), (4 bytes).
    Removing port.o(.revsh_text), (4 bytes).
    Removing systick.o(.rev16_text), (4 bytes).
    Removing systick.o(.revsh_text), (4 bytes).
    Removing systick.o(i.systick_getval), (8 bytes).
    Removing systick.o(i.systick_timing), (24 bytes).
    Removing uart.o(.rev16_text), (4 bytes).
    Removing uart.o(.revsh_text), (4 bytes).
    Removing uart.o(i.NVIC_DisableIRQ), (24 bytes).
    Removing uart.o(i.fputc), (18 bytes).
    Removing uart.o(i.uart_putstr), (26 bytes).
    Removing uart.o(i.uart_querychar), (36 bytes).
    Removing uart.o(i.uart_rx_irq_dis), (56 bytes).
    Removing uart.o(i.uart_txc_irq_dis), (56 bytes).
    Removing uart.o(i.uart_txc_irq_en), (44 bytes).
    Removing misc.o(.rev16_text), (4 bytes).
    Removing misc.o(.revsh_text), (4 bytes).
    Removing misc.o(i.write_vtor), (12 bytes).

91 unused section(s) (total 3546 bytes) removed from the image.

==============================================================================

Image Symbol Table

    Local Symbols

    Symbol Name                              Value     Ov Type        Size  Object(Section)

    RESET                                    0x00000000   Section     1024  startup_mk66f18.o(RESET)
    ../clib/../cmprslib/zerorunl2.c          0x00000000   Number         0  __dczerorl2.o ABSOLUTE
    ../clib/microlib/init/entry.s            0x00000000   Number         0  entry2.o ABSOLUTE
    ../clib/microlib/init/entry.s            0x00000000   Number         0  entry11b.o ABSOLUTE
    ../clib/microlib/init/entry.s            0x00000000   Number         0  entry5.o ABSOLUTE
    ../clib/microlib/init/entry.s            0x00000000   Number         0  entry9b.o ABSOLUTE
    ../clib/microlib/init/entry.s            0x00000000   Number         0  entry8a.o ABSOLUTE
    ../clib/microlib/init/entry.s            0x00000000   Number         0  entry11a.o ABSOLUTE
    ../clib/microlib/init/entry.s            0x00000000   Number         0  entry7b.o ABSOLUTE
    ../clib/microlib/init/entry.s            0x00000000   Number         0  entry7a.o ABSOLUTE
    ../clib/microlib/init/entry.s            0x00000000   Number         0  entry.o ABSOLUTE
    ../clib/microlib/init/entry.s            0x00000000   Number         0  entry8b.o ABSOLUTE
    ../clib/microlib/init/entry.s            0x00000000   Number         0  entry9a.o ABSOLUTE
    ../clib/microlib/init/entry.s            0x00000000   Number         0  entry10a.o ABSOLUTE
    ../clib/microlib/init/entry.s            0x00000000   Number         0  entry10b.o ABSOLUTE
    ../clib/microlib/longlong.c              0x00000000   Number         0  llshl.o ABSOLUTE
    ../clib/microlib/longlong.c              0x00000000   Number         0  llsshr.o ABSOLUTE
    ../clib/microlib/longlong.c              0x00000000   Number         0  llushr.o ABSOLUTE
    ../clib/microlib/string/memcpy.c         0x00000000   Number         0  memcpyb.o ABSOLUTE
    ../clib/microlib/string/memcpy.c         0x00000000   Number         0  memcpya.o ABSOLUTE
    ../clib/microlib/stubs.s                 0x00000000   Number         0  iusefp.o ABSOLUTE
    ../fplib/microlib/d2f.c                  0x00000000   Number         0  d2f.o ABSOLUTE
    ../fplib/microlib/f2d.c                  0x00000000   Number         0  f2d.o ABSOLUTE
    ../fplib/microlib/fpadd.c                0x00000000   Number         0  dadd.o ABSOLUTE
    ../fplib/microlib/fpdiv.c                0x00000000   Number         0  ddiv.o ABSOLUTE
    ../fplib/microlib/fpepilogue.c           0x00000000   Number         0  depilogue.o ABSOLUTE
    ../fplib/microlib/fpepilogue.c           0x00000000   Number         0  fepilogue.o ABSOLUTE
    ../fplib/microlib/fpfix.c                0x00000000   Number         0  dfixi.o ABSOLUTE
    ../fplib/microlib/fpfix.c                0x00000000   Number         0  dfixui.o ABSOLUTE
    ../fplib/microlib/fpflt.c                0x00000000   Number         0  dfltui.o ABSOLUTE
    ../fplib/microlib/fpflt.c                0x00000000   Number         0  dflti.o ABSOLUTE
    ../fplib/microlib/fpmul.c                0x00000000   Number         0  dmul.o ABSOLUTE
    ..\SRC\HARDWARE\src\common.c             0x00000000   Number         0  common.o ABSOLUTE
    ..\SRC\HARDWARE\src\dma.c                0x00000000   Number         0  dma.o ABSOLUTE
    ..\SRC\HARDWARE\src\dmacnt.c             0x00000000   Number         0  dmacnt.o ABSOLUTE
    ..\SRC\HARDWARE\src\ftm.c                0x00000000   Number         0  ftm.o ABSOLUTE
    ..\SRC\HARDWARE\src\gpio.c               0x00000000   Number         0  gpio.o ABSOLUTE
    ..\SRC\HARDWARE\src\misc.c               0x00000000   Number         0  misc.o ABSOLUTE
    ..\SRC\HARDWARE\src\pit.c                0x00000000   Number         0  pit.o ABSOLUTE
    ..\SRC\HARDWARE\src\port.c               0x00000000   Number         0  port.o ABSOLUTE
    ..\SRC\HARDWARE\src\systick.c            0x00000000   Number         0  systick.o ABSOLUTE
    ..\SRC\HARDWARE\src\uart.c               0x00000000   Number         0  uart.o ABSOLUTE
    ..\SRC\SMARTCAR\src\FindTrack.c          0x00000000   Number         0  findtrack.o ABSOLUTE
    ..\SRC\SMARTCAR\src\HC_SR04.c            0x00000000   Number         0  hc_sr04.o ABSOLUTE
    ..\SRC\SMARTCAR\src\MT9V032.c            0x00000000   Number         0  mt9v032.o ABSOLUTE
    ..\SRC\SMARTCAR\src\TrackType.c          0x00000000   Number         0  tracktype.o ABSOLUTE
    ..\SRC\SMARTCAR\src\buzzer.c             0x00000000   Number         0  buzzer.o ABSOLUTE
    ..\SRC\SMARTCAR\src\control.c            0x00000000   Number         0  control.o ABSOLUTE
    ..\SRC\SMARTCAR\src\encoder.c            0x00000000   Number         0  encoder.o ABSOLUTE
    ..\SRC\SMARTCAR\src\image_process.c      0x00000000   Number         0  image_process.o ABSOLUTE
    ..\SRC\SMARTCAR\src\key.c                0x00000000   Number         0  key.o ABSOLUTE
    ..\SRC\SMARTCAR\src\motor.c              0x00000000   Number         0  motor.o ABSOLUTE
    ..\SRC\SMARTCAR\src\nrf2401.c            0x00000000   Number         0  nrf2401.o ABSOLUTE
    ..\SRC\SMARTCAR\src\oled.c               0x00000000   Number         0  oled.o ABSOLUTE
    ..\SRC\SMARTCAR\src\servo.c              0x00000000   Number         0  servo.o ABSOLUTE
    ..\SRC\SMARTCAR\src\smartcar_init.c      0x00000000   Number         0  smartcar_init.o ABSOLUTE
    ..\SRC\STARTUP\DeviceSupport\MDK-ARM\startup_MK66F18.s 0x00000000   Number         0  startup_mk66f18.o ABSOLUTE
    ..\SRC\STARTUP\DeviceSupport\system_MK66.c 0x00000000   Number         0  system_mk66.o ABSOLUTE
    ..\SRC\USER\src\isr.c                    0x00000000   Number         0  isr.o ABSOLUTE
    ..\SRC\USER\src\main.c                   0x00000000   Number         0  main.o ABSOLUTE
    ..\\SRC\\HARDWARE\\src\\common.c         0x00000000   Number         0  common.o ABSOLUTE
    ..\\SRC\\HARDWARE\\src\\dma.c            0x00000000   Number         0  dma.o ABSOLUTE
    ..\\SRC\\HARDWARE\\src\\dmacnt.c         0x00000000   Number         0  dmacnt.o ABSOLUTE
    ..\\SRC\\HARDWARE\\src\\ftm.c            0x00000000   Number         0  ftm.o ABSOLUTE
    ..\\SRC\\HARDWARE\\src\\gpio.c           0x00000000   Number         0  gpio.o ABSOLUTE
    ..\\SRC\\HARDWARE\\src\\misc.c           0x00000000   Number         0  misc.o ABSOLUTE
    ..\\SRC\\HARDWARE\\src\\pit.c            0x00000000   Number         0  pit.o ABSOLUTE
    ..\\SRC\\HARDWARE\\src\\port.c           0x00000000   Number         0  port.o ABSOLUTE
    ..\\SRC\\HARDWARE\\src\\systick.c        0x00000000   Number         0  systick.o ABSOLUTE
    ..\\SRC\\HARDWARE\\src\\uart.c           0x00000000   Number         0  uart.o ABSOLUTE
    ..\\SRC\\SMARTCAR\\src\\FindTrack.c      0x00000000   Number         0  findtrack.o ABSOLUTE
    ..\\SRC\\SMARTCAR\\src\\HC_SR04.c        0x00000000   Number         0  hc_sr04.o ABSOLUTE
    ..\\SRC\\SMARTCAR\\src\\MT9V032.c        0x00000000   Number         0  mt9v032.o ABSOLUTE
    ..\\SRC\\SMARTCAR\\src\\TrackType.c      0x00000000   Number         0  tracktype.o ABSOLUTE
    ..\\SRC\\SMARTCAR\\src\\buzzer.c         0x00000000   Number         0  buzzer.o ABSOLUTE
    ..\\SRC\\SMARTCAR\\src\\control.c        0x00000000   Number         0  control.o ABSOLUTE
    ..\\SRC\\SMARTCAR\\src\\encoder.c        0x00000000   Number         0  encoder.o ABSOLUTE
    ..\\SRC\\SMARTCAR\\src\\image_process.c  0x00000000   Number         0  image_process.o ABSOLUTE
    ..\\SRC\\SMARTCAR\\src\\key.c            0x00000000   Number         0  key.o ABSOLUTE
    ..\\SRC\\SMARTCAR\\src\\motor.c          0x00000000   Number         0  motor.o ABSOLUTE
    ..\\SRC\\SMARTCAR\\src\\nrf2401.c        0x00000000   Number         0  nrf2401.o ABSOLUTE
    ..\\SRC\\SMARTCAR\\src\\oled.c           0x00000000   Number         0  oled.o ABSOLUTE
    ..\\SRC\\SMARTCAR\\src\\servo.c          0x00000000   Number         0  servo.o ABSOLUTE
    ..\\SRC\\SMARTCAR\\src\\smartcar_init.c  0x00000000   Number         0  smartcar_init.o ABSOLUTE
    ..\\SRC\\STARTUP\\DeviceSupport\\system_MK66.c 0x00000000   Number         0  system_mk66.o ABSOLUTE
    ..\\SRC\\USER\\src\\isr.c                0x00000000   Number         0  isr.o ABSOLUTE
    ..\\SRC\\USER\\src\\main.c               0x00000000   Number         0  main.o ABSOLUTE
    dc.s                                     0x00000000   Number         0  dc.o ABSOLUTE
    handlers.s                               0x00000000   Number         0  handlers.o ABSOLUTE
    init.s                                   0x00000000   Number         0  init.o ABSOLUTE
    .ARM.__at_0x400                          0x00000400   Section       16  startup_mk66f18.o(.ARM.__at_0x400)
    .ARM.Collect$$$$00000000                 0x00000410   Section        0  entry.o(.ARM.Collect$$$$00000000)
    .ARM.Collect$$$$00000001                 0x00000410   Section        4  entry2.o(.ARM.Collect$$$$00000001)
    .ARM.Collect$$$$00000004                 0x00000414   Section        4  entry5.o(.ARM.Collect$$$$00000004)
    .ARM.Collect$$$$00000008                 0x00000418   Section        0  entry7b.o(.ARM.Collect$$$$00000008)
    .ARM.Collect$$$$0000000A                 0x00000418   Section        0  entry8b.o(.ARM.Collect$$$$0000000A)
    .ARM.Collect$$$$0000000B                 0x00000418   Section        8  entry9a.o(.ARM.Collect$$$$0000000B)
    .ARM.Collect$$$$0000000D                 0x00000420   Section        0  entry10a.o(.ARM.Collect$$$$0000000D)
    .ARM.Collect$$$$0000000F                 0x00000420   Section        0  entry11a.o(.ARM.Collect$$$$0000000F)
    .ARM.Collect$$$$00002712                 0x00000420   Section        4  entry2.o(.ARM.Collect$$$$00002712)
    __lit__00000000                          0x00000420   Data           4  entry2.o(.ARM.Collect$$$$00002712)
    .text                                    0x00000424   Section       40  startup_mk66f18.o(.text)
    $v0                                      0x00000424   Number         0  startup_mk66f18.o(.text)
    .text                                    0x0000044c   Section        0  memcpya.o(.text)
    .text                                    0x00000470   Section        0  dadd.o(.text)
    .text                                    0x000005be   Section        0  dmul.o(.text)
    .text                                    0x000006a2   Section        0  ddiv.o(.text)
    .text                                    0x00000780   Section        0  dflti.o(.text)
    .text                                    0x000007a2   Section        0  dfltui.o(.text)
    .text                                    0x000007bc   Section        0  dfixi.o(.text)
    .text                                    0x000007fa   Section        0  dfixui.o(.text)
    .text                                    0x0000082c   Section        0  f2d.o(.text)
    .text                                    0x00000852   Section        0  d2f.o(.text)
    .text                                    0x0000088a   Section        0  llshl.o(.text)
    .text                                    0x000008a8   Section        0  llushr.o(.text)
    .text                                    0x000008c8   Section        0  llsshr.o(.text)
    .text                                    0x000008ec   Section        0  fepilogue.o(.text)
    .text                                    0x000008ec   Section        0  iusefp.o(.text)
    .text                                    0x0000095a   Section        0  depilogue.o(.text)
    .text                                    0x00000a14   Section       36  init.o(.text)
    .text                                    0x00000a38   Section        0  __dczerorl2.o(.text)
    i.CalculateError                         0x00000a90   Section        0  servo.o(i.CalculateError)
    CalculateError                           0x00000a91   Thumb Code   244  servo.o(i.CalculateError)
    i.CrossProcess                           0x00000ba8   Section        0  tracktype.o(i.CrossProcess)
    i.CrossRecognition                       0x000011a4   Section        0  tracktype.o(i.CrossRecognition)
    i.Crossflag                              0x0000124c   Section        0  tracktype.o(i.Crossflag)
    Crossflag                                0x0000124d   Thumb Code   194  tracktype.o(i.Crossflag)
    i.DMA0_IRQHandler                        0x0000132c   Section        0  isr.o(i.DMA0_IRQHandler)
    i.DMACNT_GetValue                        0x00001344   Section        0  dmacnt.o(i.DMACNT_GetValue)
    i.DMACNT_Init                            0x00001368   Section        0  dmacnt.o(i.DMACNT_Init)
    i.DMA_GetCurrDataCounter                 0x000013c4   Section        0  dmacnt.o(i.DMA_GetCurrDataCounter)
    i.DMA_SetCurrDataCounter                 0x000013d8   Section        0  dmacnt.o(i.DMA_SetCurrDataCounter)
    i.Disable_Wdog                           0x000013ec   Section        0  system_mk66.o(i.Disable_Wdog)
    i.Encoder_Init                           0x00001408   Section        0  encoder.o(i.Encoder_Init)
    i.FTM_port_mux                           0x00001430   Section        0  ftm.o(i.FTM_port_mux)
    i.FindInflectionPointL                   0x0000153c   Section        0  tracktype.o(i.FindInflectionPointL)
    i.FindInflectionPointR                   0x000015e0   Section        0  tracktype.o(i.FindInflectionPointR)
    i.HC_SR04_Init                           0x00001688   Section        0  hc_sr04.o(i.HC_SR04_Init)
    i.Image_filter                           0x000016a0   Section        0  image_process.o(i.Image_filter)
    Image_filter                             0x000016a1   Thumb Code   248  image_process.o(i.Image_filter)
    i.Key_Check                              0x0000179c   Section        0  key.o(i.Key_Check)
    i.Key_Init                               0x00001870   Section        0  key.o(i.Key_Init)
    i.Motor_Control                          0x000018b0   Section        0  motor.o(i.Motor_Control)
    i.Motor_Init                             0x0000197c   Section        0  motor.o(i.Motor_Init)
    i.Motor_stop                             0x000019d0   Section        0  motor.o(i.Motor_stop)
    i.NRF2401_Init                           0x00001a40   Section        0  nrf2401.o(i.NRF2401_Init)
    i.NRF2401_ReadBuffer                     0x00001ac4   Section        0  nrf2401.o(i.NRF2401_ReadBuffer)
    NRF2401_ReadBuffer                       0x00001ac5   Thumb Code    56  nrf2401.o(i.NRF2401_ReadBuffer)
    i.NRF2401_ReadWriteByte                  0x00001b00   Section        0  nrf2401.o(i.NRF2401_ReadWriteByte)
    NRF2401_ReadWriteByte                    0x00001b01   Thumb Code    56  nrf2401.o(i.NRF2401_ReadWriteByte)
    i.NRF2401_ReadWriteReg                   0x00001b40   Section        0  nrf2401.o(i.NRF2401_ReadWriteReg)
    NRF2401_ReadWriteReg                     0x00001b41   Thumb Code    36  nrf2401.o(i.NRF2401_ReadWriteReg)
    i.NRF2401_RecData                        0x00001b68   Section        0  nrf2401.o(i.NRF2401_RecData)
    i.NRF2401_SetRXMode                      0x00001ba0   Section        0  nrf2401.o(i.NRF2401_SetRXMode)
    i.NRF2401_WriteBuffer                    0x00001c0c   Section        0  nrf2401.o(i.NRF2401_WriteBuffer)
    NRF2401_WriteBuffer                      0x00001c0d   Thumb Code    56  nrf2401.o(i.NRF2401_WriteBuffer)
    i.NRF24L01_Check                         0x00001c48   Section        0  nrf2401.o(i.NRF24L01_Check)
    NRF24L01_Check                           0x00001c49   Thumb Code    58  nrf2401.o(i.NRF24L01_Check)
    i.NVIC_DisableIRQ                        0x00001c8c   Section        0  nrf2401.o(i.NVIC_DisableIRQ)
    NVIC_DisableIRQ                          0x00001c8d   Thumb Code    18  nrf2401.o(i.NVIC_DisableIRQ)
    i.NVIC_DisableIRQ                        0x00001ca4   Section        0  main.o(i.NVIC_DisableIRQ)
    NVIC_DisableIRQ                          0x00001ca5   Thumb Code    18  main.o(i.NVIC_DisableIRQ)
    i.NVIC_EnableIRQ                         0x00001cbc   Section        0  mt9v032.o(i.NVIC_EnableIRQ)
    NVIC_EnableIRQ                           0x00001cbd   Thumb Code    22  mt9v032.o(i.NVIC_EnableIRQ)
    i.NVIC_EnableIRQ                         0x00001cd2   Section        0  uart.o(i.NVIC_EnableIRQ)
    NVIC_EnableIRQ                           0x00001cd3   Thumb Code    22  uart.o(i.NVIC_EnableIRQ)
    i.OLED_DLY_ms                            0x00001ce8   Section        0  oled.o(i.OLED_DLY_ms)
    i.OLED_Fill                              0x00001d04   Section        0  oled.o(i.OLED_Fill)
    i.OLED_HEXACSII                          0x00001d3e   Section        0  oled.o(i.OLED_HEXACSII)
    i.OLED_Init                              0x00001d6e   Section        0  oled.o(i.OLED_Init)
    i.OLED_P6x8Str                           0x00001ea8   Section        0  oled.o(i.OLED_P6x8Str)
    i.OLED_P8x16Str                          0x00001f0c   Section        0  oled.o(i.OLED_P8x16Str)
    i.OLED_Print_Num                         0x00001f94   Section        0  oled.o(i.OLED_Print_Num)
    i.OLED_Print_Num1                        0x00001fc8   Section        0  oled.o(i.OLED_Print_Num1)
    i.OLED_Set_Pos                           0x00002024   Section        0  oled.o(i.OLED_Set_Pos)
    i.OLED_WrCmd                             0x0000204c   Section        0  oled.o(i.OLED_WrCmd)
    i.OLED_WrDat                             0x0000209c   Section        0  oled.o(i.OLED_WrDat)
    i.Ostu                                   0x000020ec   Section        0  image_process.o(i.Ostu)
    Ostu                                     0x000020ed   Thumb Code   340  image_process.o(i.Ostu)
    i.PID_Calc                               0x00002250   Section        0  control.o(i.PID_Calc)
    i.PID_init                               0x00002304   Section        0  control.o(i.PID_init)
    i.PIT0_IRQHandler                        0x0000232c   Section        0  isr.o(i.PIT0_IRQHandler)
    i.PIT1_IRQHandler                        0x00002340   Section        0  isr.o(i.PIT1_IRQHandler)
    i.PIT2_IRQHandler                        0x00002354   Section        0  isr.o(i.PIT2_IRQHandler)
    i.PORTC_IRQHandler                       0x00002418   Section        0  isr.o(i.PORTC_IRQHandler)
    i.PORTE_IRQHandler                       0x000024ec   Section        0  isr.o(i.PORTE_IRQHandler)
    i.SYSTEM_CLK                             0x00002500   Section        0  system_mk66.o(i.SYSTEM_CLK)
    i.SearchCenterBlackline                  0x000025b8   Section        0  findtrack.o(i.SearchCenterBlackline)
    SearchCenterBlackline                    0x000025b9   Thumb Code  2218  findtrack.o(i.SearchCenterBlackline)
    i.Servo_Init                             0x00002e78   Section        0  servo.o(i.Servo_Init)
    i.SetInitVal                             0x00002e90   Section        0  findtrack.o(i.SetInitVal)
    SetInitVal                               0x00002e91   Thumb Code    98  findtrack.o(i.SetInitVal)
    i.SpeedGet                               0x00002f14   Section        0  encoder.o(i.SpeedGet)
    i.Start                                  0x00002f8c   Section        0  system_mk66.o(i.Start)
    i.UART0_RX_TX_IRQHandler                 0x00002fb4   Section        0  isr.o(i.UART0_RX_TX_IRQHandler)
    i.UART3_RX_TX_IRQHandler                 0x00002fc4   Section        0  isr.o(i.UART3_RX_TX_IRQHandler)
    i.UART4_RX_TX_IRQHandler                 0x00002fe0   Section        0  isr.o(i.UART4_RX_TX_IRQHandler)
    i.VSYNC                                  0x00002ff0   Section        0  mt9v032.o(i.VSYNC)
    i.__scatterload_copy                     0x00003048   Section       14  handlers.o(i.__scatterload_copy)
    i.__scatterload_null                     0x00003056   Section        2  handlers.o(i.__scatterload_null)
    i.__scatterload_zeroinit                 0x00003058   Section       14  handlers.o(i.__scatterload_zeroinit)
    i.binImage                               0x00003068   Section        0  image_process.o(i.binImage)
    binImage                                 0x00003069   Thumb Code    52  image_process.o(i.binImage)
    i.buzzer_Init                            0x000030a8   Section        0  buzzer.o(i.buzzer_Init)
    i.buzzer_Ring                            0x000030b8   Section        0  buzzer.o(i.buzzer_Ring)
    i.camera_init                            0x000030d4   Section        0  mt9v032.o(i.camera_init)
    i.car_communication_init                 0x000031a0   Section        0  smartcar_init.o(i.car_communication_init)
    car_communication_init                   0x000031a1   Thumb Code    36  smartcar_init.o(i.car_communication_init)
    i.car_init                               0x000031e0   Section        0  smartcar_init.o(i.car_init)
    i.car_interrupt_init                     0x0000339c   Section        0  smartcar_init.o(i.car_interrupt_init)
    car_interrupt_init                       0x0000339d   Thumb Code    64  smartcar_init.o(i.car_interrupt_init)
    i.dis_mybmp                              0x000033e8   Section        0  oled.o(i.dis_mybmp)
    i.distance                               0x0000356c   Section        0  hc_sr04.o(i.distance)
    i.distanceControl                        0x00003640   Section        0  hc_sr04.o(i.distanceControl)
    i.div_set                                0x000037c0   Section        0  system_mk66.o(i.div_set)
    i.dma_portx2buff_init                    0x0000380c   Section        0  dma.o(i.dma_portx2buff_init)
    i.dma_portx2buff_init_new2               0x000039b0   Section        0  dma.o(i.dma_portx2buff_init_new2)
    i.findTrack                              0x00003b10   Section        0  findtrack.o(i.findTrack)
    i.ftm_pwm_duty                           0x00003b18   Section        0  ftm.o(i.ftm_pwm_duty)
    i.ftm_pwm_init                           0x00003b80   Section        0  ftm.o(i.ftm_pwm_init)
    i.get_clk                                0x00003c9c   Section        0  common.o(i.get_clk)
    i.get_config                             0x00003d10   Section        0  mt9v032.o(i.get_config)
    i.gpio_init                              0x00003d7c   Section        0  gpio.o(i.gpio_init)
    i.gpio_set                               0x00003ee4   Section        0  gpio.o(i.gpio_set)
    i.imageProcess                           0x00003f2c   Section        0  image_process.o(i.imageProcess)
    i.main                                   0x00003f38   Section        0  main.o(i.main)
    i.motorSet                               0x0000418c   Section        0  smartcar_init.o(i.motorSet)
    motorSet                                 0x0000418d   Thumb Code    40  smartcar_init.o(i.motorSet)
    i.mt9v032_cof_uart_interrupt             0x000041c4   Section        0  mt9v032.o(i.mt9v032_cof_uart_interrupt)
    i.pit_delay                              0x00004214   Section        0  pit.o(i.pit_delay)
    i.pit_init                               0x00004294   Section        0  pit.o(i.pit_init)
    i.pit_time_get                           0x000042f0   Section        0  pit.o(i.pit_time_get)
    i.pit_time_start                         0x00004344   Section        0  pit.o(i.pit_time_start)
    i.port_init                              0x000043a0   Section        0  port.o(i.port_init)
    i.port_init_NoAlt                        0x00004414   Section        0  port.o(i.port_init_NoAlt)
    i.row_finished                           0x00004468   Section        0  mt9v032.o(i.row_finished)
    i.servoControl                           0x00004474   Section        0  servo.o(i.servoControl)
    i.systick_delay                          0x0000462c   Section        0  systick.o(i.systick_delay)
    i.systick_delay_ms                       0x00004658   Section        0  systick.o(i.systick_delay_ms)
    i.uart_getchar                           0x0000467c   Section        0  uart.o(i.uart_getchar)
    i.uart_init                              0x000046a0   Section        0  uart.o(i.uart_init)
    i.uart_putbuff                           0x00004878   Section        0  uart.o(i.uart_putbuff)
    i.uart_putchar                           0x00004898   Section        0  uart.o(i.uart_putchar)
    i.uart_rx_irq_en                         0x000048b8   Section        0  uart.o(i.uart_rx_irq_en)
    .constdata                               0x000048e4   Section       10  nrf2401.o(.constdata)
    .constdata                               0x000048ee   Section     2072  oled.o(.constdata)
    .constdata                               0x00005108   Section       16  ftm.o(.constdata)
    FTMX                                     0x00005108   Data          16  ftm.o(.constdata)
    .constdata                               0x00005118   Section       40  gpio.o(.constdata)
    PORTX                                    0x00005118   Data          20  gpio.o(.constdata)
    GPIOX                                    0x0000512c   Data          20  gpio.o(.constdata)
    .constdata                               0x00005140   Section       40  port.o(.constdata)
    PORTX                                    0x00005140   Data          20  port.o(.constdata)
    GPIOX                                    0x00005154   Data          20  port.o(.constdata)
    .data                                    0x20000000   Section       24  motor.o(.data)
    .data                                    0x20000018   Section      304  servo.o(.data)
    .data                                    0x20000148   Section       11  encoder.o(.data)
    left_cnt                                 0x20000151   Data           1  encoder.o(.data)
    right_cnt                                0x20000152   Data           1  encoder.o(.data)
    .data                                    0x20000154   Section       30  smartcar_init.o(.data)
    .data                                    0x20000172   Section       77  mt9v032.o(.data)
    .data                                    0x200001c0   Section       28  tracktype.o(.data)
    .data                                    0x200001dc   Section        2  image_process.o(.data)
    .data                                    0x200001e0   Section       16  findtrack.o(.data)
    .data                                    0x200001f0   Section       38  hc_sr04.o(.data)
    .data                                    0x20000218   Section       12  isr.o(.data)
    .data                                    0x20000224   Section       11  main.o(.data)
    keydown                                  0x20000224   Data           1  main.o(.data)
    camera_oled_switch                       0x20000225   Data           1  main.o(.data)
    .data                                    0x20000230   Section       12  common.o(.data)
    .data                                    0x2000023c   Section        1  dmacnt.o(.data)
    .data                                    0x2000023e   Section        6  ftm.o(.data)
    .data                                    0x20000244   Section       20  uart.o(.data)
    .bss                                     0x20000258   Section       64  smartcar_init.o(.bss)
    .bss                                     0x20000298   Section       96  nrf2401.o(.bss)
    .bss                                     0x200002f8   Section    12032  mt9v032.o(.bss)
    .bss                                     0x200031f8   Section    12288  image_process.o(.bss)
    BinArray                                 0x200060f8   Data         256  image_process.o(.bss)
    .bss                                     0x200061f8   Section     1024  findtrack.o(.bss)
    .bss                                     0x200065f8   Section     8192  main.o(.bss)
    dis_image                                0x200065f8   Data        8192  main.o(.bss)
    STACK                                    0x200085f8   Section     1024  startup_mk66f18.o(STACK)

    Global Symbols

    Symbol Name                              Value     Ov Type        Size  Object(Section)

    BuildAttributes$$THM_ISAv4$E$P$D$K$B$S$7EM$VFPi3$EXTD16$VFPS$VFMA$PE$A:L22UL41UL21$X:L11$S22US41US21$IEEE1$IW$USESV6$~STKCKD$USESV7$~SHL$OTIME$ROPI$EBA8$MICROLIB$REQ8$PRES8$EABIv2 0x00000000   Number         0  anon$$obj.o ABSOLUTE
    __ARM_use_no_argv                        0x00000000   Number         0  main.o ABSOLUTE
    __Vectors                                0x00000000   Data           4  startup_mk66f18.o(RESET)
    __cpp_initialize__aeabi_                  - Undefined Weak Reference
    __cxa_finalize                            - Undefined Weak Reference
    _clock_init                               - Undefined Weak Reference
    _microlib_exit                            - Undefined Weak Reference
    __Vectors_End                            0x00000400   Data           0  startup_mk66f18.o(RESET)
    __Vectors_Size                           0x00000400   Number         0  startup_mk66f18.o ABSOLUTE
    __main                                   0x00000411   Thumb Code     0  entry.o(.ARM.Collect$$$$00000000)
    _main_stk                                0x00000411   Thumb Code     0  entry2.o(.ARM.Collect$$$$00000001)
    _main_scatterload                        0x00000415   Thumb Code     0  entry5.o(.ARM.Collect$$$$00000004)
    __main_after_scatterload                 0x00000419   Thumb Code     0  entry5.o(.ARM.Collect$$$$00000004)
    _main_clock                              0x00000419   Thumb Code     0  entry7b.o(.ARM.Collect$$$$00000008)
    _main_cpp_init                           0x00000419   Thumb Code     0  entry8b.o(.ARM.Collect$$$$0000000A)
    _main_init                               0x00000419   Thumb Code     0  entry9a.o(.ARM.Collect$$$$0000000B)
    __rt_final_cpp                           0x00000421   Thumb Code     0  entry10a.o(.ARM.Collect$$$$0000000D)
    __rt_final_exit                          0x00000421   Thumb Code     0  entry11a.o(.ARM.Collect$$$$0000000F)
    Reset_Handler                            0x00000425   Thumb Code    12  startup_mk66f18.o(.text)
    NMI_Handler                              0x00000431   Thumb Code     2  startup_mk66f18.o(.text)
    HardFault_Handler                        0x00000433   Thumb Code     2  startup_mk66f18.o(.text)
    MemManage_Handler                        0x00000435   Thumb Code     2  startup_mk66f18.o(.text)
    BusFault_Handler                         0x00000437   Thumb Code     2  startup_mk66f18.o(.text)
    UsageFault_Handler                       0x00000439   Thumb Code     2  startup_mk66f18.o(.text)
    SVC_Handler                              0x0000043b   Thumb Code     2  startup_mk66f18.o(.text)
    DebugMon_Handler                         0x0000043d   Thumb Code     2  startup_mk66f18.o(.text)
    PendSV_Handler                           0x0000043f   Thumb Code     2  startup_mk66f18.o(.text)
    SysTick_Handler                          0x00000441   Thumb Code     2  startup_mk66f18.o(.text)
    ADC0_IRQHandler                          0x00000443   Thumb Code     0  startup_mk66f18.o(.text)
    ADC1_IRQHandler                          0x00000443   Thumb Code     0  startup_mk66f18.o(.text)
    CAN0_Bus_Off_IRQHandler                  0x00000443   Thumb Code     0  startup_mk66f18.o(.text)
    CAN0_Error_IRQHandler                    0x00000443   Thumb Code     0  startup_mk66f18.o(.text)
    CAN0_ORed_Message_buffer_IRQHandler      0x00000443   Thumb Code     0  startup_mk66f18.o(.text)
    CAN0_Rx_Warning_IRQHandler               0x00000443   Thumb Code     0  startup_mk66f18.o(.text)
    CAN0_Tx_Warning_IRQHandler               0x00000443   Thumb Code     0  startup_mk66f18.o(.text)
    CAN0_Wake_Up_IRQHandler                  0x00000443   Thumb Code     0  startup_mk66f18.o(.text)
    CAN1_Bus_Off_IRQHandler                  0x00000443   Thumb Code     0  startup_mk66f18.o(.text)
    CAN1_Error_IRQHandler                    0x00000443   Thumb Code     0  startup_mk66f18.o(.text)
    CAN1_ORed_Message_buffer_IRQHandler      0x00000443   Thumb Code     0  startup_mk66f18.o(.text)
    CAN1_Rx_Warning_IRQHandler               0x00000443   Thumb Code     0  startup_mk66f18.o(.text)
    CAN1_Tx_Warning_IRQHandler               0x00000443   Thumb Code     0  startup_mk66f18.o(.text)
    CAN1_Wake_Up_IRQHandler                  0x00000443   Thumb Code     0  startup_mk66f18.o(.text)
    CMP0_IRQHandler                          0x00000443   Thumb Code     0  startup_mk66f18.o(.text)
    CMP1_IRQHandler                          0x00000443   Thumb Code     0  startup_mk66f18.o(.text)
    CMP2_IRQHandler                          0x00000443   Thumb Code     0  startup_mk66f18.o(.text)
    CMP3_IRQHandler                          0x00000443   Thumb Code     0  startup_mk66f18.o(.text)
    CMT_IRQHandler                           0x00000443   Thumb Code     0  startup_mk66f18.o(.text)
    DAC0_IRQHandler                          0x00000443   Thumb Code     0  startup_mk66f18.o(.text)
    DAC1_IRQHandler                          0x00000443   Thumb Code     0  startup_mk66f18.o(.text)
    DMA10_IRQHandler                         0x00000443   Thumb Code     0  startup_mk66f18.o(.text)
    DMA11_IRQHandler                         0x00000443   Thumb Code     0  startup_mk66f18.o(.text)
    DMA12_IRQHandler                         0x00000443   Thumb Code     0  startup_mk66f18.o(.text)
    DMA13_IRQHandler                         0x00000443   Thumb Code     0  startup_mk66f18.o(.text)
    DMA14_IRQHandler                         0x00000443   Thumb Code     0  startup_mk66f18.o(.text)
    DMA15_IRQHandler                         0x00000443   Thumb Code     0  startup_mk66f18.o(.text)
    DMA1_IRQHandler                          0x00000443   Thumb Code     0  startup_mk66f18.o(.text)
    DMA2_IRQHandler                          0x00000443   Thumb Code     0  startup_mk66f18.o(.text)
    DMA3_IRQHandler                          0x00000443   Thumb Code     0  startup_mk66f18.o(.text)
    DMA4_IRQHandler                          0x00000443   Thumb Code     0  startup_mk66f18.o(.text)
    DMA5_IRQHandler                          0x00000443   Thumb Code     0  startup_mk66f18.o(.text)
    DMA6_IRQHandler                          0x00000443   Thumb Code     0  startup_mk66f18.o(.text)
    DMA7_IRQHandler                          0x00000443   Thumb Code     0  startup_mk66f18.o(.text)
    DMA8_IRQHandler                          0x00000443   Thumb Code     0  startup_mk66f18.o(.text)
    DMA9_IRQHandler                          0x00000443   Thumb Code     0  startup_mk66f18.o(.text)
    DMA_Error_IRQHandler                     0x00000443   Thumb Code     0  startup_mk66f18.o(.text)
    DefaultISR                               0x00000443   Thumb Code     0  startup_mk66f18.o(.text)
    ENET_1588_Timer_IRQHandler               0x00000443   Thumb Code     0  startup_mk66f18.o(.text)
    ENET_Error_IRQHandler                    0x00000443   Thumb Code     0  startup_mk66f18.o(.text)
    ENET_Receive_IRQHandler                  0x00000443   Thumb Code     0  startup_mk66f18.o(.text)
    ENET_Transmit_IRQHandler                 0x00000443   Thumb Code     0  startup_mk66f18.o(.text)
    FTFE_IRQHandler                          0x00000443   Thumb Code     0  startup_mk66f18.o(.text)
    FTM0_IRQHandler                          0x00000443   Thumb Code     0  startup_mk66f18.o(.text)
    FTM1_IRQHandler                          0x00000443   Thumb Code     0  startup_mk66f18.o(.text)
    FTM2_IRQHandler                          0x00000443   Thumb Code     0  startup_mk66f18.o(.text)
    FTM3_IRQHandler                          0x00000443   Thumb Code     0  startup_mk66f18.o(.text)
    I2C0_IRQHandler                          0x00000443   Thumb Code     0  startup_mk66f18.o(.text)
    I2C1_IRQHandler                          0x00000443   Thumb Code     0  startup_mk66f18.o(.text)
    I2C2_IRQHandler                          0x00000443   Thumb Code     0  startup_mk66f18.o(.text)
    I2C3_IRQHandler                          0x00000443   Thumb Code     0  startup_mk66f18.o(.text)
    I2S0_Rx_IRQHandler                       0x00000443   Thumb Code     0  startup_mk66f18.o(.text)
    I2S0_Tx_IRQHandler                       0x00000443   Thumb Code     0  startup_mk66f18.o(.text)
    LLWU_IRQHandler                          0x00000443   Thumb Code     0  startup_mk66f18.o(.text)
    LPTMR0_IRQHandler                        0x00000443   Thumb Code     0  startup_mk66f18.o(.text)
    LPUART0_IRQHandler                       0x00000443   Thumb Code     0  startup_mk66f18.o(.text)
    LVD_LVW_IRQHandler                       0x00000443   Thumb Code     0  startup_mk66f18.o(.text)
    MCG_IRQHandler                           0x00000443   Thumb Code     0  startup_mk66f18.o(.text)
    MCM_IRQHandler                           0x00000443   Thumb Code     0  startup_mk66f18.o(.text)
    PDB0_IRQHandler                          0x00000443   Thumb Code     0  startup_mk66f18.o(.text)
    PIT3_IRQHandler                          0x00000443   Thumb Code     0  startup_mk66f18.o(.text)
    PORTA_IRQHandler                         0x00000443   Thumb Code     0  startup_mk66f18.o(.text)
    PORTB_IRQHandler                         0x00000443   Thumb Code     0  startup_mk66f18.o(.text)
    PORTD_IRQHandler                         0x00000443   Thumb Code     0  startup_mk66f18.o(.text)
    RNG_IRQHandler                           0x00000443   Thumb Code     0  startup_mk66f18.o(.text)
    RTC_IRQHandler                           0x00000443   Thumb Code     0  startup_mk66f18.o(.text)
    RTC_Seconds_IRQHandler                   0x00000443   Thumb Code     0  startup_mk66f18.o(.text)
    Read_Collision_IRQHandler                0x00000443   Thumb Code     0  startup_mk66f18.o(.text)
    Reserved46_IRQHandler                    0x00000443   Thumb Code     0  startup_mk66f18.o(.text)
    Reserved71_IRQHandler                    0x00000443   Thumb Code     0  startup_mk66f18.o(.text)
    Reserved84_IRQHandler                    0x00000443   Thumb Code     0  startup_mk66f18.o(.text)
    Reserved85_IRQHandler                    0x00000443   Thumb Code     0  startup_mk66f18.o(.text)
    SDHC_IRQHandler                          0x00000443   Thumb Code     0  startup_mk66f18.o(.text)
    SPI0_IRQHandler                          0x00000443   Thumb Code     0  startup_mk66f18.o(.text)
    SPI1_IRQHandler                          0x00000443   Thumb Code     0  startup_mk66f18.o(.text)
    SPI2_IRQHandler                          0x00000443   Thumb Code     0  startup_mk66f18.o(.text)
    SWI_IRQHandler                           0x00000443   Thumb Code     0  startup_mk66f18.o(.text)
    TPM1_IRQHandler                          0x00000443   Thumb Code     0  startup_mk66f18.o(.text)
    TPM2_IRQHandler                          0x00000443   Thumb Code     0  startup_mk66f18.o(.text)
    TSI0_IRQHandler                          0x00000443   Thumb Code     0  startup_mk66f18.o(.text)
    UART0_ERR_IRQHandler                     0x00000443   Thumb Code     0  startup_mk66f18.o(.text)
    UART1_ERR_IRQHandler                     0x00000443   Thumb Code     0  startup_mk66f18.o(.text)
    UART1_RX_TX_IRQHandler                   0x00000443   Thumb Code     0  startup_mk66f18.o(.text)
    UART2_ERR_IRQHandler                     0x00000443   Thumb Code     0  startup_mk66f18.o(.text)
    UART2_RX_TX_IRQHandler                   0x00000443   Thumb Code     0  startup_mk66f18.o(.text)
    UART3_ERR_IRQHandler                     0x00000443   Thumb Code     0  startup_mk66f18.o(.text)
    UART4_ERR_IRQHandler                     0x00000443   Thumb Code     0  startup_mk66f18.o(.text)
    USB0_IRQHandler                          0x00000443   Thumb Code     0  startup_mk66f18.o(.text)
    USBDCD_IRQHandler                        0x00000443   Thumb Code     0  startup_mk66f18.o(.text)
    USBHSDCD_IRQHandler                      0x00000443   Thumb Code     0  startup_mk66f18.o(.text)
    USBHS_IRQHandler                         0x00000443   Thumb Code     0  startup_mk66f18.o(.text)
    WDOG_EWM_IRQHandler                      0x00000443   Thumb Code     0  startup_mk66f18.o(.text)
    __aeabi_memcpy                           0x0000044d   Thumb Code    36  memcpya.o(.text)
    __aeabi_memcpy4                          0x0000044d   Thumb Code     0  memcpya.o(.text)
    __aeabi_memcpy8                          0x0000044d   Thumb Code     0  memcpya.o(.text)
    __aeabi_dadd                             0x00000471   Thumb Code   322  dadd.o(.text)
    __aeabi_dsub                             0x000005b3   Thumb Code     6  dadd.o(.text)
    __aeabi_drsub                            0x000005b9   Thumb Code     6  dadd.o(.text)
    __aeabi_dmul                             0x000005bf   Thumb Code   228  dmul.o(.text)
    __aeabi_ddiv                             0x000006a3   Thumb Code   222  ddiv.o(.text)
    __aeabi_i2d                              0x00000781   Thumb Code    34  dflti.o(.text)
    __aeabi_ui2d                             0x000007a3   Thumb Code    26  dfltui.o(.text)
    __aeabi_d2iz                             0x000007bd   Thumb Code    62  dfixi.o(.text)
    __aeabi_d2uiz                            0x000007fb   Thumb Code    50  dfixui.o(.text)
    __aeabi_f2d                              0x0000082d   Thumb Code    38  f2d.o(.text)
    __aeabi_d2f                              0x00000853   Thumb Code    56  d2f.o(.text)
    __aeabi_llsl                             0x0000088b   Thumb Code    30  llshl.o(.text)
    _ll_shift_l                              0x0000088b   Thumb Code     0  llshl.o(.text)
    __aeabi_llsr                             0x000008a9   Thumb Code    32  llushr.o(.text)
    _ll_ushift_r                             0x000008a9   Thumb Code     0  llushr.o(.text)
    __aeabi_lasr                             0x000008c9   Thumb Code    36  llsshr.o(.text)
    _ll_sshift_r                             0x000008c9   Thumb Code     0  llsshr.o(.text)
    __I$use$fp                               0x000008ed   Thumb Code     0  iusefp.o(.text)
    _float_round                             0x000008ed   Thumb Code    18  fepilogue.o(.text)
    _float_epilogue                          0x000008ff   Thumb Code    92  fepilogue.o(.text)
    _double_round                            0x0000095b   Thumb Code    30  depilogue.o(.text)
    _double_epilogue                         0x00000979   Thumb Code   156  depilogue.o(.text)
    __scatterload                            0x00000a15   Thumb Code    28  init.o(.text)
    __scatterload_rt2                        0x00000a15   Thumb Code     0  init.o(.text)
    __decompress                             0x00000a39   Thumb Code     0  __dczerorl2.o(.text)
    __decompress1                            0x00000a39   Thumb Code    86  __dczerorl2.o(.text)
    CrossProcess                             0x00000ba9   Thumb Code  1492  tracktype.o(i.CrossProcess)
    CrossRecognition                         0x000011a5   Thumb Code   146  tracktype.o(i.CrossRecognition)
    DMA0_IRQHandler                          0x0000132d   Thumb Code    20  isr.o(i.DMA0_IRQHandler)
    DMACNT_GetValue                          0x00001345   Thumb Code    34  dmacnt.o(i.DMACNT_GetValue)
    DMACNT_Init                              0x00001369   Thumb Code    78  dmacnt.o(i.DMACNT_Init)
    DMA_GetCurrDataCounter                   0x000013c5   Thumb Code    16  dmacnt.o(i.DMA_GetCurrDataCounter)
    DMA_SetCurrDataCounter                   0x000013d9   Thumb Code    14  dmacnt.o(i.DMA_SetCurrDataCounter)
    Disable_Wdog                             0x000013ed   Thumb Code    22  system_mk66.o(i.Disable_Wdog)
    Encoder_Init                             0x00001409   Thumb Code    40  encoder.o(i.Encoder_Init)
    FTM_port_mux                             0x00001431   Thumb Code   264  ftm.o(i.FTM_port_mux)
    FindInflectionPointL                     0x0000153d   Thumb Code   160  tracktype.o(i.FindInflectionPointL)
    FindInflectionPointR                     0x000015e1   Thumb Code   164  tracktype.o(i.FindInflectionPointR)
    HC_SR04_Init                             0x00001689   Thumb Code    24  hc_sr04.o(i.HC_SR04_Init)
    Key_Check                                0x0000179d   Thumb Code   206  key.o(i.Key_Check)
    Key_Init                                 0x00001871   Thumb Code    64  key.o(i.Key_Init)
    Motor_Control                            0x000018b1   Thumb Code   168  motor.o(i.Motor_Control)
    Motor_Init                               0x0000197d   Thumb Code    68  motor.o(i.Motor_Init)
    Motor_stop                               0x000019d1   Thumb Code    78  motor.o(i.Motor_stop)
    NRF2401_Init                             0x00001a41   Thumb Code   116  nrf2401.o(i.NRF2401_Init)
    NRF2401_RecData                          0x00001b69   Thumb Code    54  nrf2401.o(i.NRF2401_RecData)
    NRF2401_SetRXMode                        0x00001ba1   Thumb Code    98  nrf2401.o(i.NRF2401_SetRXMode)
    OLED_DLY_ms                              0x00001ce9   Thumb Code    28  oled.o(i.OLED_DLY_ms)
    OLED_Fill                                0x00001d05   Thumb Code    58  oled.o(i.OLED_Fill)
    OLED_HEXACSII                            0x00001d3f   Thumb Code    48  oled.o(i.OLED_HEXACSII)
    OLED_Init                                0x00001d6f   Thumb Code   314  oled.o(i.OLED_Init)
    OLED_P6x8Str                             0x00001ea9   Thumb Code    96  oled.o(i.OLED_P6x8Str)
    OLED_P8x16Str                            0x00001f0d   Thumb Code   130  oled.o(i.OLED_P8x16Str)
    OLED_Print_Num                           0x00001f95   Thumb Code    52  oled.o(i.OLED_Print_Num)
    OLED_Print_Num1                          0x00001fc9   Thumb Code    84  oled.o(i.OLED_Print_Num1)
    OLED_Set_Pos                             0x00002025   Thumb Code    40  oled.o(i.OLED_Set_Pos)
    OLED_WrCmd                               0x0000204d   Thumb Code    80  oled.o(i.OLED_WrCmd)
    OLED_WrDat                               0x0000209d   Thumb Code    80  oled.o(i.OLED_WrDat)
    PID_Calc                                 0x00002251   Thumb Code   178  control.o(i.PID_Calc)
    PID_init                                 0x00002305   Thumb Code    34  control.o(i.PID_init)
    PIT0_IRQHandler                          0x0000232d   Thumb Code    14  isr.o(i.PIT0_IRQHandler)
    PIT1_IRQHandler                          0x00002341   Thumb Code    14  isr.o(i.PIT1_IRQHandler)
    PIT2_IRQHandler                          0x00002355   Thumb Code   166  isr.o(i.PIT2_IRQHandler)
    PORTC_IRQHandler                         0x00002419   Thumb Code   186  isr.o(i.PORTC_IRQHandler)
    PORTE_IRQHandler                         0x000024ed   Thumb Code    16  isr.o(i.PORTE_IRQHandler)
    SYSTEM_CLK                               0x00002501   Thumb Code   170  system_mk66.o(i.SYSTEM_CLK)
    Servo_Init                               0x00002e79   Thumb Code    18  servo.o(i.Servo_Init)
    SpeedGet                                 0x00002f15   Thumb Code    94  encoder.o(i.SpeedGet)
    Start                                    0x00002f8d   Thumb Code    34  system_mk66.o(i.Start)
    UART0_RX_TX_IRQHandler                   0x00002fb5   Thumb Code    10  isr.o(i.UART0_RX_TX_IRQHandler)
    UART3_RX_TX_IRQHandler                   0x00002fc5   Thumb Code    22  isr.o(i.UART3_RX_TX_IRQHandler)
    UART4_RX_TX_IRQHandler                   0x00002fe1   Thumb Code    10  isr.o(i.UART4_RX_TX_IRQHandler)
    VSYNC                                    0x00002ff1   Thumb Code    72  mt9v032.o(i.VSYNC)
    __scatterload_copy                       0x00003049   Thumb Code    14  handlers.o(i.__scatterload_copy)
    __scatterload_null                       0x00003057   Thumb Code     2  handlers.o(i.__scatterload_null)
    __scatterload_zeroinit                   0x00003059   Thumb Code    14  handlers.o(i.__scatterload_zeroinit)
    buzzer_Init                              0x000030a9   Thumb Code    14  buzzer.o(i.buzzer_Init)
    buzzer_Ring                              0x000030b9   Thumb Code    22  buzzer.o(i.buzzer_Ring)
    camera_init                              0x000030d5   Thumb Code   172  mt9v032.o(i.camera_init)
    car_init                                 0x000031e1   Thumb Code   376  smartcar_init.o(i.car_init)
    dis_mybmp                                0x000033e9   Thumb Code   388  oled.o(i.dis_mybmp)
    distance                                 0x0000356d   Thumb Code   170  hc_sr04.o(i.distance)
    distanceControl                          0x00003641   Thumb Code   312  hc_sr04.o(i.distanceControl)
    div_set                                  0x000037c1   Thumb Code    68  system_mk66.o(i.div_set)
    dma_portx2buff_init                      0x0000380d   Thumb Code   398  dma.o(i.dma_portx2buff_init)
    dma_portx2buff_init_new2                 0x000039b1   Thumb Code   330  dma.o(i.dma_portx2buff_init_new2)
    findTrack                                0x00003b11   Thumb Code     8  findtrack.o(i.findTrack)
    ftm_pwm_duty                             0x00003b19   Thumb Code    96  ftm.o(i.ftm_pwm_duty)
    ftm_pwm_init                             0x00003b81   Thumb Code   270  ftm.o(i.ftm_pwm_init)
    get_clk                                  0x00003c9d   Thumb Code    94  common.o(i.get_clk)
    get_config                               0x00003d11   Thumb Code    96  mt9v032.o(i.get_config)
    gpio_init                                0x00003d7d   Thumb Code   346  gpio.o(i.gpio_init)
    gpio_set                                 0x00003ee5   Thumb Code    66  gpio.o(i.gpio_set)
    imageProcess                             0x00003f2d   Thumb Code    12  image_process.o(i.imageProcess)
    main                                     0x00003f39   Thumb Code   538  main.o(i.main)
    mt9v032_cof_uart_interrupt               0x000041c5   Thumb Code    68  mt9v032.o(i.mt9v032_cof_uart_interrupt)
    pit_delay                                0x00004215   Thumb Code   116  pit.o(i.pit_delay)
    pit_init                                 0x00004295   Thumb Code    78  pit.o(i.pit_init)
    pit_time_get                             0x000042f1   Thumb Code    78  pit.o(i.pit_time_get)
    pit_time_start                           0x00004345   Thumb Code    80  pit.o(i.pit_time_start)
    port_init                                0x000043a1   Thumb Code   102  port.o(i.port_init)
    port_init_NoAlt                          0x00004415   Thumb Code    76  port.o(i.port_init_NoAlt)
    row_finished                             0x00004469   Thumb Code     8  mt9v032.o(i.row_finished)
    servoControl                             0x00004475   Thumb Code   374  servo.o(i.servoControl)
    systick_delay                            0x0000462d   Thumb Code    44  systick.o(i.systick_delay)
    systick_delay_ms                         0x00004659   Thumb Code    32  systick.o(i.systick_delay_ms)
    uart_getchar                             0x0000467d   Thumb Code    30  uart.o(i.uart_getchar)
    uart_init                                0x000046a1   Thumb Code   452  uart.o(i.uart_init)
    uart_putbuff                             0x00004879   Thumb Code    30  uart.o(i.uart_putbuff)
    uart_putchar                             0x00004899   Thumb Code    28  uart.o(i.uart_putchar)
    uart_rx_irq_en                           0x000048b9   Thumb Code    38  uart.o(i.uart_rx_irq_en)
    TX_ADDRESS                               0x000048e4   Data           5  nrf2401.o(.constdata)
    RX_ADDRESS                               0x000048e9   Data           5  nrf2401.o(.constdata)
    F6x8                                     0x000048ee   Data         552  oled.o(.constdata)
    F8X16                                    0x00004b16   Data        1520  oled.o(.constdata)
    Region$$Table$$Base                      0x00005168   Number         0  anon$$obj.o(Region$$Table)
    Region$$Table$$Limit                     0x00005188   Number         0  anon$$obj.o(Region$$Table)
    motor_LU                                 0x20000000   Data           2  motor.o(.data)
    motor_LD                                 0x20000002   Data           2  motor.o(.data)
    motor_RU                                 0x20000004   Data           2  motor.o(.data)
    motor_RD                                 0x20000006   Data           2  motor.o(.data)
    motor_left_speed_u                       0x20000008   Data           4  motor.o(.data)
    motor_left_speed_d                       0x2000000c   Data           4  motor.o(.data)
    motor_right_speed_u                      0x20000010   Data           4  motor.o(.data)
    motor_right_speed_d                      0x20000014   Data           4  motor.o(.data)
    servo_Mid                                0x20000018   Data           4  servo.o(.data)
    servo_Min                                0x2000001c   Data           2  servo.o(.data)
    servo_Max                                0x2000001e   Data           2  servo.o(.data)
    servo_KP                                 0x20000020   Data           2  servo.o(.data)
    servo_KD                                 0x20000022   Data           2  servo.o(.data)
    SteerPwmAdd                              0x20000024   Data           4  servo.o(.data)
    servoError                               0x20000028   Data           4  servo.o(.data)
    servoLastError                           0x2000002c   Data           4  servo.o(.data)
    WeightSum                                0x20000030   Data           4  servo.o(.data)
    CenterMeanValue                          0x20000034   Data           4  servo.o(.data)
    CenterSum                                0x20000038   Data           4  servo.o(.data)
    SteerPwm                                 0x2000003c   Data           4  servo.o(.data)
    LastSteerSwm                             0x20000040   Data           4  servo.o(.data)
    controlCnt                               0x20000044   Data           2  servo.o(.data)
    Weight                                   0x20000048   Data         256  servo.o(.data)
    Speed_Left                               0x20000148   Data           4  encoder.o(.data)
    Speed_Right                              0x2000014c   Data           4  encoder.o(.data)
    stop_flag                                0x20000150   Data           1  encoder.o(.data)
    pid_speed_R                              0x20000154   Data           4  smartcar_init.o(.data)
    pid_speed_L                              0x20000158   Data           4  smartcar_init.o(.data)
    car_state                                0x2000015c   Data           4  smartcar_init.o(.data)
    cross_state                              0x20000160   Data           4  smartcar_init.o(.data)
    cross_nextstate                          0x20000164   Data           4  smartcar_init.o(.data)
    speed_p_L                                0x20000168   Data           2  smartcar_init.o(.data)
    speed_p_R                                0x2000016a   Data           2  smartcar_init.o(.data)
    speed_i                                  0x2000016c   Data           2  smartcar_init.o(.data)
    speed_d                                  0x2000016e   Data           2  smartcar_init.o(.data)
    SPEED                                    0x20000170   Data           2  smartcar_init.o(.data)
    receive                                  0x20000172   Data           3  mt9v032.o(.data)
    receive_num                              0x20000175   Data           1  mt9v032.o(.data)
    uart_receive_flag                        0x20000176   Data           1  mt9v032.o(.data)
    MT9V032_CFG                              0x20000178   Data          36  mt9v032.o(.data)
    GET_CFG                                  0x2000019c   Data          32  mt9v032.o(.data)
    version                                  0x200001bc   Data           2  mt9v032.o(.data)
    mt9v032_finish_flag                      0x200001be   Data           1  mt9v032.o(.data)
    InflectionPointL                         0x200001c0   Data           6  tracktype.o(.data)
    InflectionPointR                         0x200001c6   Data           6  tracktype.o(.data)
    Cross                                    0x200001cc   Data           3  tracktype.o(.data)
    RCross_flag                              0x200001cf   Data           1  tracktype.o(.data)
    LCross_flag                              0x200001d0   Data           1  tracktype.o(.data)
    LRCross_flag                             0x200001d1   Data           1  tracktype.o(.data)
    turn_flag                                0x200001d2   Data           1  tracktype.o(.data)
    normal_flag                              0x200001d3   Data           1  tracktype.o(.data)
    count                                    0x200001d4   Data           4  tracktype.o(.data)
    signCnt                                  0x200001d8   Data           4  tracktype.o(.data)
    Ostu_Threshold                           0x200001dc   Data           1  image_process.o(.data)
    threshold                                0x200001dd   Data           1  image_process.o(.data)
    LeftLose                                 0x200001e0   Data           4  findtrack.o(.data)
    RightLose                                0x200001e4   Data           4  findtrack.o(.data)
    AllLose                                  0x200001e8   Data           4  findtrack.o(.data)
    signFrameFlag                            0x200001ec   Data           4  findtrack.o(.data)
    Distance                                 0x200001f0   Data           4  hc_sr04.o(.data)
    timevar                                  0x200001f4   Data           4  hc_sr04.o(.data)
    SpeedDown0                               0x200001f8   Data           4  hc_sr04.o(.data)
    SpeedDown1                               0x200001fc   Data           4  hc_sr04.o(.data)
    SpeedDown2                               0x20000200   Data           4  hc_sr04.o(.data)
    SpeedDown3                               0x20000204   Data           4  hc_sr04.o(.data)
    SpeedUp1                                 0x20000208   Data           4  hc_sr04.o(.data)
    SpeedUp2                                 0x2000020c   Data           4  hc_sr04.o(.data)
    wanted_speed                             0x20000210   Data           4  hc_sr04.o(.data)
    turn_wait                                0x20000214   Data           1  hc_sr04.o(.data)
    normalSpeedFlag                          0x20000215   Data           1  hc_sr04.o(.data)
    PwmL_Forward                             0x20000218   Data           4  isr.o(.data)
    PwmR_Forward                             0x2000021c   Data           4  isr.o(.data)
    scount                                   0x20000220   Data           4  isr.o(.data)
    distance_true                            0x20000228   Data           4  main.o(.data)
    stop_cnt                                 0x2000022c   Data           2  main.o(.data)
    stopsign_flag                            0x2000022e   Data           1  main.o(.data)
    mcgout_clk_mhz                           0x20000230   Data           4  common.o(.data)
    core_clk_mhz                             0x20000234   Data           4  common.o(.data)
    bus_clk_mhz                              0x20000238   Data           4  common.o(.data)
    Dummy                                    0x2000023c   Data           1  dmacnt.o(.data)
    period                                   0x2000023e   Data           6  ftm.o(.data)
    uart                                     0x20000244   Data          20  uart.o(.data)
    speed_R                                  0x20000258   Data          32  smartcar_init.o(.bss)
    speed_L                                  0x20000278   Data          32  smartcar_init.o(.bss)
    NRF2401TXBuffer                          0x20000298   Data          32  nrf2401.o(.bss)
    NRF2401RXBuffer                          0x200002b8   Data          32  nrf2401.o(.bss)
    WirelessReceiveStorage                   0x200002d8   Data          32  nrf2401.o(.bss)
    image                                    0x200002f8   Data       12032  mt9v032.o(.bss)
    bin_image                                0x200031f8   Data       12032  image_process.o(.bss)
    MiddleLine                               0x200061f8   Data         256  findtrack.o(.bss)
    RightEdge                                0x200062f8   Data         256  findtrack.o(.bss)
    LeftEdge                                 0x200063f8   Data         256  findtrack.o(.bss)
    Width                                    0x200064f8   Data         256  findtrack.o(.bss)
    __initial_sp                             0x200089f8   Data           0  startup_mk66f18.o(STACK)



==============================================================================

Memory Map of the image

  Image Entry point : 0x00000411

  Load Region LR_IROM1 (Base: 0x00000000, Size: 0x000053e0, Max: 0x00100000, ABSOLUTE, COMPRESSED[0x0000520c])

    Execution Region ER_IROM1 (Exec base: 0x00000000, Load base: 0x00000000, Size: 0x00005188, Max: 0x00100000, ABSOLUTE)

    Exec Addr    Load Addr    Size         Type   Attr      Idx    E Section Name        Object

    0x00000000   0x00000000   0x00000400   Data   RO            3    RESET               startup_mk66f18.o
    0x00000400   0x00000400   0x00000010   Code   RO            4    .ARM.__at_0x400     startup_mk66f18.o
    0x00000410   0x00000410   0x00000000   Code   RO         1718  * .ARM.Collect$$$$00000000  mc_w.l(entry.o)
    0x00000410   0x00000410   0x00000004   Code   RO         1743    .ARM.Collect$$$$00000001  mc_w.l(entry2.o)
    0x00000414   0x00000414   0x00000004   Code   RO         1746    .ARM.Collect$$$$00000004  mc_w.l(entry5.o)
    0x00000418   0x00000418   0x00000000   Code   RO         1748    .ARM.Collect$$$$00000008  mc_w.l(entry7b.o)
    0x00000418   0x00000418   0x00000000   Code   RO         1750    .ARM.Collect$$$$0000000A  mc_w.l(entry8b.o)
    0x00000418   0x00000418   0x00000008   Code   RO         1751    .ARM.Collect$$$$0000000B  mc_w.l(entry9a.o)
    0x00000420   0x00000420   0x00000000   Code   RO         1753    .ARM.Collect$$$$0000000D  mc_w.l(entry10a.o)
    0x00000420   0x00000420   0x00000000   Code   RO         1755    .ARM.Collect$$$$0000000F  mc_w.l(entry11a.o)
    0x00000420   0x00000420   0x00000004   Code   RO         1744    .ARM.Collect$$$$00002712  mc_w.l(entry2.o)
    0x00000424   0x00000424   0x00000028   Code   RO            5    .text               startup_mk66f18.o
    0x0000044c   0x0000044c   0x00000024   Code   RO         1721    .text               mc_w.l(memcpya.o)
    0x00000470   0x00000470   0x0000014e   Code   RO         1725    .text               mf_w.l(dadd.o)
    0x000005be   0x000005be   0x000000e4   Code   RO         1727    .text               mf_w.l(dmul.o)
    0x000006a2   0x000006a2   0x000000de   Code   RO         1729    .text               mf_w.l(ddiv.o)
    0x00000780   0x00000780   0x00000022   Code   RO         1731    .text               mf_w.l(dflti.o)
    0x000007a2   0x000007a2   0x0000001a   Code   RO         1733    .text               mf_w.l(dfltui.o)
    0x000007bc   0x000007bc   0x0000003e   Code   RO         1735    .text               mf_w.l(dfixi.o)
    0x000007fa   0x000007fa   0x00000032   Code   RO         1737    .text               mf_w.l(dfixui.o)
    0x0000082c   0x0000082c   0x00000026   Code   RO         1739    .text               mf_w.l(f2d.o)
    0x00000852   0x00000852   0x00000038   Code   RO         1741    .text               mf_w.l(d2f.o)
    0x0000088a   0x0000088a   0x0000001e   Code   RO         1757    .text               mc_w.l(llshl.o)
    0x000008a8   0x000008a8   0x00000020   Code   RO         1759    .text               mc_w.l(llushr.o)
    0x000008c8   0x000008c8   0x00000024   Code   RO         1761    .text               mc_w.l(llsshr.o)
    0x000008ec   0x000008ec   0x00000000   Code   RO         1763    .text               mc_w.l(iusefp.o)
    0x000008ec   0x000008ec   0x0000006e   Code   RO         1764    .text               mf_w.l(fepilogue.o)
    0x0000095a   0x0000095a   0x000000ba   Code   RO         1766    .text               mf_w.l(depilogue.o)
    0x00000a14   0x00000a14   0x00000024   Code   RO         1768    .text               mc_w.l(init.o)
    0x00000a38   0x00000a38   0x00000056   Code   RO         1778    .text               mc_w.l(__dczerorl2.o)
    0x00000a8e   0x00000a8e   0x00000002   PAD
    0x00000a90   0x00000a90   0x00000118   Code   RO          252    i.CalculateError    servo.o
    0x00000ba8   0x00000ba8   0x000005fc   Code   RO          834    i.CrossProcess      tracktype.o
    0x000011a4   0x000011a4   0x000000a8   Code   RO          835    i.CrossRecognition  tracktype.o
    0x0000124c   0x0000124c   0x000000e0   Code   RO          836    i.Crossflag         tracktype.o
    0x0000132c   0x0000132c   0x00000018   Code   RO         1037    i.DMA0_IRQHandler   isr.o
    0x00001344   0x00001344   0x00000022   Code   RO         1311    i.DMACNT_GetValue   dmacnt.o
    0x00001366   0x00001366   0x00000002   PAD
    0x00001368   0x00001368   0x0000005c   Code   RO         1312    i.DMACNT_Init       dmacnt.o
    0x000013c4   0x000013c4   0x00000014   Code   RO         1313    i.DMA_GetCurrDataCounter  dmacnt.o
    0x000013d8   0x000013d8   0x00000014   Code   RO         1314    i.DMA_SetCurrDataCounter  dmacnt.o
    0x000013ec   0x000013ec   0x0000001c   Code   RO           15    i.Disable_Wdog      system_mk66.o
    0x00001408   0x00001408   0x00000028   Code   RO          305    i.Encoder_Init      encoder.o
    0x00001430   0x00001430   0x0000010c   Code   RO         1356    i.FTM_port_mux      ftm.o
    0x0000153c   0x0000153c   0x000000a4   Code   RO          837    i.FindInflectionPointL  tracktype.o
    0x000015e0   0x000015e0   0x000000a8   Code   RO          838    i.FindInflectionPointR  tracktype.o
    0x00001688   0x00001688   0x00000018   Code   RO          989    i.HC_SR04_Init      hc_sr04.o
    0x000016a0   0x000016a0   0x000000fc   Code   RO          884    i.Image_filter      image_process.o
    0x0000179c   0x0000179c   0x000000d4   Code   RO          413    i.Key_Check         key.o
    0x00001870   0x00001870   0x00000040   Code   RO          414    i.Key_Init          key.o
    0x000018b0   0x000018b0   0x000000cc   Code   RO           99    i.Motor_Control     motor.o
    0x0000197c   0x0000197c   0x00000054   Code   RO          100    i.Motor_Init        motor.o
    0x000019d0   0x000019d0   0x00000070   Code   RO          101    i.Motor_stop        motor.o
    0x00001a40   0x00001a40   0x00000084   Code   RO          439    i.NRF2401_Init      nrf2401.o
    0x00001ac4   0x00001ac4   0x0000003c   Code   RO          440    i.NRF2401_ReadBuffer  nrf2401.o
    0x00001b00   0x00001b00   0x00000040   Code   RO          441    i.NRF2401_ReadWriteByte  nrf2401.o
    0x00001b40   0x00001b40   0x00000028   Code   RO          442    i.NRF2401_ReadWriteReg  nrf2401.o
    0x00001b68   0x00001b68   0x00000036   Code   RO          443    i.NRF2401_RecData   nrf2401.o
    0x00001b9e   0x00001b9e   0x00000002   PAD
    0x00001ba0   0x00001ba0   0x0000006c   Code   RO          446    i.NRF2401_SetRXMode  nrf2401.o
    0x00001c0c   0x00001c0c   0x0000003c   Code   RO          448    i.NRF2401_WriteBuffer  nrf2401.o
    0x00001c48   0x00001c48   0x00000044   Code   RO          449    i.NRF24L01_Check    nrf2401.o
    0x00001c8c   0x00001c8c   0x00000018   Code   RO          450    i.NVIC_DisableIRQ   nrf2401.o
    0x00001ca4   0x00001ca4   0x00000018   Code   RO         1108    i.NVIC_DisableIRQ   main.o
    0x00001cbc   0x00001cbc   0x00000016   Code   RO          634    i.NVIC_EnableIRQ    mt9v032.o
    0x00001cd2   0x00001cd2   0x00000016   Code   RO         1604    i.NVIC_EnableIRQ    uart.o
    0x00001ce8   0x00001ce8   0x0000001c   Code   RO          722    i.OLED_DLY_ms       oled.o
    0x00001d04   0x00001d04   0x0000003a   Code   RO          723    i.OLED_Fill         oled.o
    0x00001d3e   0x00001d3e   0x00000030   Code   RO          724    i.OLED_HEXACSII     oled.o
    0x00001d6e   0x00001d6e   0x0000013a   Code   RO          725    i.OLED_Init         oled.o
    0x00001ea8   0x00001ea8   0x00000064   Code   RO          726    i.OLED_P6x8Str      oled.o
    0x00001f0c   0x00001f0c   0x00000088   Code   RO          727    i.OLED_P8x16Str     oled.o
    0x00001f94   0x00001f94   0x00000034   Code   RO          728    i.OLED_Print_Num    oled.o
    0x00001fc8   0x00001fc8   0x0000005c   Code   RO          729    i.OLED_Print_Num1   oled.o
    0x00002024   0x00002024   0x00000028   Code   RO          731    i.OLED_Set_Pos      oled.o
    0x0000204c   0x0000204c   0x00000050   Code   RO          733    i.OLED_WrCmd        oled.o
    0x0000209c   0x0000209c   0x00000050   Code   RO          734    i.OLED_WrDat        oled.o
    0x000020ec   0x000020ec   0x00000164   Code   RO          885    i.Ostu              image_process.o
    0x00002250   0x00002250   0x000000b2   Code   RO          926    i.PID_Calc          control.o
    0x00002302   0x00002302   0x00000002   PAD
    0x00002304   0x00002304   0x00000028   Code   RO          927    i.PID_init          control.o
    0x0000232c   0x0000232c   0x00000014   Code   RO         1038    i.PIT0_IRQHandler   isr.o
    0x00002340   0x00002340   0x00000014   Code   RO         1039    i.PIT1_IRQHandler   isr.o
    0x00002354   0x00002354   0x000000c4   Code   RO         1040    i.PIT2_IRQHandler   isr.o
    0x00002418   0x00002418   0x000000d4   Code   RO         1041    i.PORTC_IRQHandler  isr.o
    0x000024ec   0x000024ec   0x00000014   Code   RO         1042    i.PORTE_IRQHandler  isr.o
    0x00002500   0x00002500   0x000000b8   Code   RO           16    i.SYSTEM_CLK        system_mk66.o
    0x000025b8   0x000025b8   0x000008c0   Code   RO          952    i.SearchCenterBlackline  findtrack.o
    0x00002e78   0x00002e78   0x00000018   Code   RO          254    i.Servo_Init        servo.o
    0x00002e90   0x00002e90   0x00000084   Code   RO          953    i.SetInitVal        findtrack.o
    0x00002f14   0x00002f14   0x00000078   Code   RO          306    i.SpeedGet          encoder.o
    0x00002f8c   0x00002f8c   0x00000028   Code   RO           17    i.Start             system_mk66.o
    0x00002fb4   0x00002fb4   0x00000010   Code   RO         1043    i.UART0_RX_TX_IRQHandler  isr.o
    0x00002fc4   0x00002fc4   0x0000001c   Code   RO         1044    i.UART3_RX_TX_IRQHandler  isr.o
    0x00002fe0   0x00002fe0   0x00000010   Code   RO         1045    i.UART4_RX_TX_IRQHandler  isr.o
    0x00002ff0   0x00002ff0   0x00000058   Code   RO          635    i.VSYNC             mt9v032.o
    0x00003048   0x00003048   0x0000000e   Code   RO         1772    i.__scatterload_copy  mc_w.l(handlers.o)
    0x00003056   0x00003056   0x00000002   Code   RO         1773    i.__scatterload_null  mc_w.l(handlers.o)
    0x00003058   0x00003058   0x0000000e   Code   RO         1774    i.__scatterload_zeroinit  mc_w.l(handlers.o)
    0x00003066   0x00003066   0x00000002   PAD
    0x00003068   0x00003068   0x00000040   Code   RO          886    i.binImage          image_process.o
    0x000030a8   0x000030a8   0x0000000e   Code   RO          387    i.buzzer_Init       buzzer.o
    0x000030b6   0x000030b6   0x00000002   PAD
    0x000030b8   0x000030b8   0x0000001c   Code   RO          388    i.buzzer_Ring       buzzer.o
    0x000030d4   0x000030d4   0x000000cc   Code   RO          636    i.camera_init       mt9v032.o
    0x000031a0   0x000031a0   0x00000040   Code   RO          337    i.car_communication_init  smartcar_init.o
    0x000031e0   0x000031e0   0x000001bc   Code   RO          338    i.car_init          smartcar_init.o
    0x0000339c   0x0000339c   0x0000004c   Code   RO          339    i.car_interrupt_init  smartcar_init.o
    0x000033e8   0x000033e8   0x00000184   Code   RO          736    i.dis_mybmp         oled.o
    0x0000356c   0x0000356c   0x000000d4   Code   RO          990    i.distance          hc_sr04.o
    0x00003640   0x00003640   0x00000180   Code   RO          991    i.distanceControl   hc_sr04.o
    0x000037c0   0x000037c0   0x0000004c   Code   RO           18    i.div_set           system_mk66.o
    0x0000380c   0x0000380c   0x000001a4   Code   RO         1276    i.dma_portx2buff_init  dma.o
    0x000039b0   0x000039b0   0x00000160   Code   RO         1278    i.dma_portx2buff_init_new2  dma.o
    0x00003b10   0x00003b10   0x00000008   Code   RO          954    i.findTrack         findtrack.o
    0x00003b18   0x00003b18   0x00000068   Code   RO         1360    i.ftm_pwm_duty      ftm.o
    0x00003b80   0x00003b80   0x0000011c   Code   RO         1362    i.ftm_pwm_init      ftm.o
    0x00003c9c   0x00003c9c   0x00000074   Code   RO         1250    i.get_clk           common.o
    0x00003d10   0x00003d10   0x0000006c   Code   RO          637    i.get_config        mt9v032.o
    0x00003d7c   0x00003d7c   0x00000168   Code   RO         1443    i.gpio_init         gpio.o
    0x00003ee4   0x00003ee4   0x00000048   Code   RO         1444    i.gpio_set          gpio.o
    0x00003f2c   0x00003f2c   0x0000000c   Code   RO          887    i.imageProcess      image_process.o
    0x00003f38   0x00003f38   0x00000254   Code   RO         1109    i.main              main.o
    0x0000418c   0x0000418c   0x00000038   Code   RO          340    i.motorSet          smartcar_init.o
    0x000041c4   0x000041c4   0x00000050   Code   RO          639    i.mt9v032_cof_uart_interrupt  mt9v032.o
    0x00004214   0x00004214   0x00000080   Code   RO         1488    i.pit_delay         pit.o
    0x00004294   0x00004294   0x0000005c   Code   RO         1489    i.pit_init          pit.o
    0x000042f0   0x000042f0   0x00000054   Code   RO         1490    i.pit_time_get      pit.o
    0x00004344   0x00004344   0x0000005c   Code   RO         1491    i.pit_time_start    pit.o
    0x000043a0   0x000043a0   0x00000074   Code   RO         1534    i.port_init         port.o
    0x00004414   0x00004414   0x00000054   Code   RO         1535    i.port_init_NoAlt   port.o
    0x00004468   0x00004468   0x0000000c   Code   RO          640    i.row_finished      mt9v032.o
    0x00004474   0x00004474   0x000001b8   Code   RO          256    i.servoControl      servo.o
    0x0000462c   0x0000462c   0x0000002c   Code   RO         1562    i.systick_delay     systick.o
    0x00004658   0x00004658   0x00000024   Code   RO         1563    i.systick_delay_ms  systick.o
    0x0000467c   0x0000467c   0x00000024   Code   RO         1606    i.uart_getchar      uart.o
    0x000046a0   0x000046a0   0x000001d8   Code   RO         1607    i.uart_init         uart.o
    0x00004878   0x00004878   0x0000001e   Code   RO         1608    i.uart_putbuff      uart.o
    0x00004896   0x00004896   0x00000002   PAD
    0x00004898   0x00004898   0x00000020   Code   RO         1609    i.uart_putchar      uart.o
    0x000048b8   0x000048b8   0x0000002c   Code   RO         1613    i.uart_rx_irq_en    uart.o
    0x000048e4   0x000048e4   0x0000000a   Data   RO          452    .constdata          nrf2401.o
    0x000048ee   0x000048ee   0x00000818   Data   RO          737    .constdata          oled.o
    0x00005106   0x00005106   0x00000002   PAD
    0x00005108   0x00005108   0x00000010   Data   RO         1366    .constdata          ftm.o
    0x00005118   0x00005118   0x00000028   Data   RO         1446    .constdata          gpio.o
    0x00005140   0x00005140   0x00000028   Data   RO         1536    .constdata          port.o
    0x00005168   0x00005168   0x00000020   Data   RO         1770    Region$$Table       anon$$obj.o


    Execution Region RW_IRAM1 (Exec base: 0x20000000, Load base: 0x00005188, Size: 0x000089f8, Max: 0x00030000, ABSOLUTE, COMPRESSED[0x00000084])

    Exec Addr    Load Addr    Size         Type   Attr      Idx    E Section Name        Object

    0x20000000   COMPRESSED   0x00000018   Data   RW          102    .data               motor.o
    0x20000018   COMPRESSED   0x00000130   Data   RW          257    .data               servo.o
    0x20000148   COMPRESSED   0x0000000b   Data   RW          307    .data               encoder.o
    0x20000153   COMPRESSED   0x00000001   PAD
    0x20000154   COMPRESSED   0x0000001e   Data   RW          342    .data               smartcar_init.o
    0x20000172   COMPRESSED   0x0000004d   Data   RW          645    .data               mt9v032.o
    0x200001bf   COMPRESSED   0x00000001   PAD
    0x200001c0   COMPRESSED   0x0000001c   Data   RW          840    .data               tracktype.o
    0x200001dc   COMPRESSED   0x00000002   Data   RW          889    .data               image_process.o
    0x200001de   COMPRESSED   0x00000002   PAD
    0x200001e0   COMPRESSED   0x00000010   Data   RW          956    .data               findtrack.o
    0x200001f0   COMPRESSED   0x00000026   Data   RW          992    .data               hc_sr04.o
    0x20000216   COMPRESSED   0x00000002   PAD
    0x20000218   COMPRESSED   0x0000000c   Data   RW         1046    .data               isr.o
    0x20000224   COMPRESSED   0x0000000b   Data   RW         1111    .data               main.o
    0x2000022f   COMPRESSED   0x00000001   PAD
    0x20000230   COMPRESSED   0x0000000c   Data   RW         1251    .data               common.o
    0x2000023c   COMPRESSED   0x00000001   Data   RW         1315    .data               dmacnt.o
    0x2000023d   COMPRESSED   0x00000001   PAD
    0x2000023e   COMPRESSED   0x00000006   Data   RW         1367    .data               ftm.o
    0x20000244   COMPRESSED   0x00000014   Data   RW         1616    .data               uart.o
    0x20000258        -       0x00000040   Zero   RW          341    .bss                smartcar_init.o
    0x20000298        -       0x00000060   Zero   RW          451    .bss                nrf2401.o
    0x200002f8        -       0x00002f00   Zero   RW          644    .bss                mt9v032.o
    0x200031f8        -       0x00003000   Zero   RW          888    .bss                image_process.o
    0x200061f8        -       0x00000400   Zero   RW          955    .bss                findtrack.o
    0x200065f8        -       0x00002000   Zero   RW         1110    .bss                main.o
    0x200085f8        -       0x00000400   Zero   RW            1    STACK               startup_mk66f18.o


==============================================================================

Image component sizes


      Code (inc. data)   RO Data    RW Data    ZI Data      Debug   Object Name

        42          6          0          0          0        996   buzzer.o
       116         22          0         12          0       2828   common.o
       218          6          0          0          0       1350   control.o
       772         44          0          0          0       4273   dma.o
       166         24          0          1          0      27405   dmacnt.o
       160         26          0         11          0       1401   encoder.o
      2380        126          0         16       1024       3607   findtrack.o
       656         34         16          6          0       4038   ftm.o
       432         20         40          0          0       1831   gpio.o
       620        114          0         38          0       2404   hc_sr04.o
       684         32          0          2      12288       3348   image_process.o
       552         94          0         12          0       4980   isr.o
       276          6          0          0          0       1199   key.o
       620         64          0         11       8192     747735   main.o
       400         86          0         24          0     729397   motor.o
       514         76          0         77      12032      31364   mt9v032.o
       610         62         10          0         96     751911   nrf2401.o
      1416         18       2072          0          0       9118   oled.o
       396         44          0          0          0       3039   pit.o
       200         22         40          0          0       1742   port.o
       744        108          0        304          0       2796   servo.o
       640        124          0         30         64      28141   smartcar_init.o
        56         24       1024          0       1024       1136   startup_mk66f18.o
       328         34          0          0          0     730224   system_mk66.o
        80          4          0          0          0       1103   systick.o
      2256        154          0         28          0       5476   tracktype.o
       636         42          0         20          0      28836   uart.o

    ----------------------------------------------------------------------
     15980       1416       3236        600      34720    3131678   Object Totals
         0          0         32          0          0          0   (incl. Generated)
        10          0          2          8          0          0   (incl. Padding)

    ----------------------------------------------------------------------

      Code (inc. data)   RO Data    RW Data    ZI Data      Debug   Library Member Name

        86          0          0          0          0          0   __dczerorl2.o
         0          0          0          0          0          0   entry.o
         0          0          0          0          0          0   entry10a.o
         0          0          0          0          0          0   entry11a.o
         8          4          0          0          0          0   entry2.o
         4          0          0          0          0          0   entry5.o
         0          0          0          0          0          0   entry7b.o
         0          0          0          0          0          0   entry8b.o
         8          4          0          0          0          0   entry9a.o
        30          0          0          0          0          0   handlers.o
        36          8          0          0          0         68   init.o
         0          0          0          0          0          0   iusefp.o
        30          0          0          0          0         68   llshl.o
        36          0          0          0          0         68   llsshr.o
        32          0          0          0          0         68   llushr.o
        36          0          0          0          0         68   memcpya.o
        56          0          0          0          0         88   d2f.o
       334          0          0          0          0        148   dadd.o
       222          0          0          0          0        100   ddiv.o
       186          0          0          0          0        176   depilogue.o
        62          0          0          0          0         80   dfixi.o
        50          0          0          0          0         76   dfixui.o
        34          0          0          0          0         76   dflti.o
        26          0          0          0          0         76   dfltui.o
       228          0          0          0          0         96   dmul.o
        38          0          0          0          0         68   f2d.o
       110          0          0          0          0        168   fepilogue.o

    ----------------------------------------------------------------------
      1656         16          0          0          0       1492   Library Totals
         4          0          0          0          0          0   (incl. Padding)

    ----------------------------------------------------------------------

      Code (inc. data)   RO Data    RW Data    ZI Data      Debug   Library Name

       306         16          0          0          0        340   mc_w.l
      1346          0          0          0          0       1152   mf_w.l

    ----------------------------------------------------------------------
      1656         16          0          0          0       1492   Library Totals

    ----------------------------------------------------------------------

==============================================================================


      Code (inc. data)   RO Data    RW Data    ZI Data      Debug   

     17636       1432       3236        600      34720    3123478   Grand Totals
     17636       1432       3236        132      34720    3123478   ELF Image Totals (compressed)
     17636       1432       3236        132          0          0   ROM Totals

==============================================================================

    Total RO  Size (Code + RO Data)                20872 (  20.38kB)
    Total RW  Size (RW Data + ZI Data)             35320 (  34.49kB)
    Total ROM Size (Code + RO Data + RW Data)      21004 (  20.51kB)

==============================================================================

