Component: ARM Compiler 5.06 update 6 (build 750) Tool: armlink [4d35ed]

==============================================================================

Section Cross References

    startup_mk66f18.o(RESET) refers to startup_mk66f18.o(STACK) for __initial_sp
    startup_mk66f18.o(RESET) refers to startup_mk66f18.o(.text) for Reset_Handler
    startup_mk66f18.o(RESET) refers to isr.o(i.DMA0_IRQHandler) for DMA0_IRQHandler
    startup_mk66f18.o(RESET) refers to isr.o(i.UART0_RX_TX_IRQHandler) for UART0_RX_TX_IRQHandler
    startup_mk66f18.o(RESET) refers to isr.o(i.UART3_RX_TX_IRQHandler) for UART3_RX_TX_IRQHandler
    startup_mk66f18.o(RESET) refers to isr.o(i.PIT0_IRQHandler) for PIT0_IRQHandler
    startup_mk66f18.o(RESET) refers to isr.o(i.PIT1_IRQHandler) for PIT1_IRQHandler
    startup_mk66f18.o(RESET) refers to isr.o(i.PIT2_IRQHandler) for PIT2_IRQHandler
    startup_mk66f18.o(RESET) refers to isr.o(i.PORTC_IRQHandler) for PORTC_IRQHandler
    startup_mk66f18.o(RESET) refers to isr.o(i.PORTE_IRQHandler) for PORTE_IRQHandler
    startup_mk66f18.o(RESET) refers to isr.o(i.UART4_RX_TX_IRQHandler) for UART4_RX_TX_IRQHandler
    startup_mk66f18.o(.text) refers to system_mk66.o(i.Start) for Start
    startup_mk66f18.o(.text) refers to entry.o(.ARM.Collect$$$$00000000) for __main
    system_mk66.o(i.SYSTEM_CLK) refers to system_mk66.o(i.div_set) for div_set
    system_mk66.o(i.Start) refers to system_mk66.o(i.Disable_Wdog) for Disable_Wdog
    system_mk66.o(i.Start) refers to system_mk66.o(i.SYSTEM_CLK) for SYSTEM_CLK
    system_mk66.o(i.Start) refers to gpio.o(i.gpio_init) for gpio_init
    motor.o(i.Motor_Control) refers to motor.o(i.Motor_stop) for Motor_stop
    motor.o(i.Motor_Control) refers to ftm.o(i.ftm_pwm_duty) for ftm_pwm_duty
    motor.o(i.Motor_Control) refers to motor.o(.data) for motor_left_speed_u
    motor.o(i.Motor_Init) refers to ftm.o(i.ftm_pwm_init) for ftm_pwm_init
    motor.o(i.Motor_Init) refers to motor.o(.data) for motor_LU
    motor.o(i.Motor_stop) refers to ftm.o(i.ftm_pwm_duty) for ftm_pwm_duty
    motor.o(i.Motor_stop) refers to motor.o(.data) for motor_right_speed_u
    servo.o(i.Server_Control) refers to ftm.o(i.ftm_pwm_duty) for ftm_pwm_duty
    servo.o(i.Server_Control) refers to servo.o(.data) for servo_Max
    servo.o(i.Servo_Init) refers to ftm.o(i.ftm_pwm_init) for ftm_pwm_init
    servo.o(i.Servo_Init) refers to servo.o(.data) for servo_Mid
    servo.o(i.Servo_test) refers to ftm.o(i.ftm_pwm_duty) for ftm_pwm_duty
    servo.o(i.Servo_test) refers to systick.o(i.systick_delay_ms) for systick_delay_ms
    servo.o(i.Servo_test) refers to servo.o(.data) for servo_Min
    servo.o(i.servoControl) refers to dflti.o(.text) for __aeabi_i2d
    servo.o(i.servoControl) refers to ddiv.o(.text) for __aeabi_ddiv
    servo.o(i.servoControl) refers to dmul.o(.text) for __aeabi_dmul
    servo.o(i.servoControl) refers to dadd.o(.text) for __aeabi_dadd
    servo.o(i.servoControl) refers to dfixi.o(.text) for __aeabi_d2iz
    servo.o(i.servoControl) refers to ftm.o(i.ftm_pwm_duty) for ftm_pwm_duty
    servo.o(i.servoControl) refers to servo.o(.data) for CenterMeanValue
    encoder.o(i.Encoder_Init) refers to dmacnt.o(i.DMACNT_Init) for DMACNT_Init
    encoder.o(i.Encoder_Init) refers to gpio.o(i.gpio_init) for gpio_init
    encoder.o(i.SpeedGet) refers to dmacnt.o(i.DMACNT_GetValue) for DMACNT_GetValue
    encoder.o(i.SpeedGet) refers to encoder.o(.data) for Speed_Left
    encoder.o(i.SpeedGet) refers to smartcar_init.o(.data) for pid_speed_L
    smartcar_init.o(i.car_communication_init) refers to nrf2401.o(i.NRF2401_Init) for NRF2401_Init
    smartcar_init.o(i.car_communication_init) refers to oled.o(i.OLED_P6x8Str) for OLED_P6x8Str
    smartcar_init.o(i.car_communication_init) refers to nrf2401.o(i.NRF2401_SetRXMode) for NRF2401_SetRXMode
    smartcar_init.o(i.car_init) refers to buzzer.o(i.buzzer_Init) for buzzer_Init
    smartcar_init.o(i.car_init) refers to buzzer.o(i.buzzer_Ring) for buzzer_Ring
    smartcar_init.o(i.car_init) refers to smartcar_init.o(i.motorSet) for motorSet
    smartcar_init.o(i.car_init) refers to servo.o(i.Servo_Init) for Servo_Init
    smartcar_init.o(i.car_init) refers to motor.o(i.Motor_Init) for Motor_Init
    smartcar_init.o(i.car_init) refers to encoder.o(i.Encoder_Init) for Encoder_Init
    smartcar_init.o(i.car_init) refers to key.o(i.Key_Init) for Key_Init
    smartcar_init.o(i.car_init) refers to dflti.o(.text) for __aeabi_i2d
    smartcar_init.o(i.car_init) refers to ddiv.o(.text) for __aeabi_ddiv
    smartcar_init.o(i.car_init) refers to d2f.o(.text) for __aeabi_d2f
    smartcar_init.o(i.car_init) refers to control.o(i.PID_init) for PID_init
    smartcar_init.o(i.car_init) refers to smartcar_init.o(i.car_interrupt_init) for car_interrupt_init
    smartcar_init.o(i.car_init) refers to oled.o(i.OLED_Init) for OLED_Init
    smartcar_init.o(i.car_init) refers to oled.o(i.OLED_P6x8Str) for OLED_P6x8Str
    smartcar_init.o(i.car_init) refers to smartcar_init.o(i.car_communication_init) for car_communication_init
    smartcar_init.o(i.car_init) refers to readdata.o(i.readData_init) for readData_init
    smartcar_init.o(i.car_init) refers to hc_sr04.o(i.HC_SR04_Init) for HC_SR04_Init
    smartcar_init.o(i.car_init) refers to smartcar_init.o(.data) for speed_d
    smartcar_init.o(i.car_interrupt_init) refers to pit.o(i.pit_init) for pit_init
    smartcar_init.o(i.car_interrupt_init) refers to common.o(.data) for bus_clk_mhz
    smartcar_init.o(i.motorSet) refers to motor.o(.data) for motor_LU
    smartcar_init.o(.data) refers to smartcar_init.o(.bss) for speed_R
    buzzer.o(i.buzzer_Init) refers to gpio.o(i.gpio_init) for gpio_init
    buzzer.o(i.buzzer_Ring) refers to systick.o(i.systick_delay_ms) for systick_delay_ms
    key.o(i.Key_Check) refers to systick.o(i.systick_delay_ms) for systick_delay_ms
    key.o(i.Key_Init) refers to gpio.o(i.gpio_init) for gpio_init
    nrf2401.o(i.NRF2401_Init) refers to gpio.o(i.gpio_init) for gpio_init
    nrf2401.o(i.NRF2401_Init) refers to nrf2401.o(i.NVIC_DisableIRQ) for NVIC_DisableIRQ
    nrf2401.o(i.NRF2401_Init) refers to port.o(i.port_init) for port_init
    nrf2401.o(i.NRF2401_Init) refers to nrf2401.o(i.NRF24L01_Check) for NRF24L01_Check
    nrf2401.o(i.NRF2401_ReadBuffer) refers to nrf2401.o(i.NRF2401_ReadWriteByte) for NRF2401_ReadWriteByte
    nrf2401.o(i.NRF2401_ReadWriteReg) refers to nrf2401.o(i.NRF2401_ReadWriteByte) for NRF2401_ReadWriteByte
    nrf2401.o(i.NRF2401_RecData) refers to nrf2401.o(i.NRF2401_ReadWriteReg) for NRF2401_ReadWriteReg
    nrf2401.o(i.NRF2401_RecData) refers to nrf2401.o(i.NRF2401_ReadBuffer) for NRF2401_ReadBuffer
    nrf2401.o(i.NRF2401_SendData) refers to nrf2401.o(i.NRF2401_WriteBuffer) for NRF2401_WriteBuffer
    nrf2401.o(i.NRF2401_SendData) refers to nrf2401.o(i.NRF2401_ReadWriteReg) for NRF2401_ReadWriteReg
    nrf2401.o(i.NRF2401_SendData_Duplex) refers to nrf2401.o(i.NRF2401_SetTXMode) for NRF2401_SetTXMode
    nrf2401.o(i.NRF2401_SendData_Duplex) refers to nrf2401.o(i.NRF2401_SendData) for NRF2401_SendData
    nrf2401.o(i.NRF2401_SendData_Duplex) refers to nrf2401.o(i.NRF2401_SetRXMode) for NRF2401_SetRXMode
    nrf2401.o(i.NRF2401_SetRXMode) refers to nrf2401.o(i.NRF2401_WriteBuffer) for NRF2401_WriteBuffer
    nrf2401.o(i.NRF2401_SetRXMode) refers to nrf2401.o(i.NRF2401_ReadWriteReg) for NRF2401_ReadWriteReg
    nrf2401.o(i.NRF2401_SetRXMode) refers to nrf2401.o(.constdata) for RX_ADDRESS
    nrf2401.o(i.NRF2401_SetRXMode) refers to nrf2401.o(.data) for NRF2401Channel
    nrf2401.o(i.NRF2401_SetTXMode) refers to nrf2401.o(i.NVIC_DisableIRQ) for NVIC_DisableIRQ
    nrf2401.o(i.NRF2401_SetTXMode) refers to nrf2401.o(i.NRF2401_WriteBuffer) for NRF2401_WriteBuffer
    nrf2401.o(i.NRF2401_SetTXMode) refers to nrf2401.o(i.NRF2401_ReadWriteReg) for NRF2401_ReadWriteReg
    nrf2401.o(i.NRF2401_SetTXMode) refers to nrf2401.o(.constdata) for TX_ADDRESS
    nrf2401.o(i.NRF2401_SetTXMode) refers to nrf2401.o(.data) for NRF2401Channel
    nrf2401.o(i.NRF2401_WriteBuffer) refers to nrf2401.o(i.NRF2401_ReadWriteByte) for NRF2401_ReadWriteByte
    nrf2401.o(i.NRF24L01_Check) refers to nrf2401.o(i.NRF2401_WriteBuffer) for NRF2401_WriteBuffer
    nrf2401.o(i.NRF24L01_Check) refers to nrf2401.o(i.NRF2401_ReadBuffer) for NRF2401_ReadBuffer
    oled.o(i.OLED_ClrPixel) refers to oled.o(i.OLED_Set_Pos) for OLED_Set_Pos
    oled.o(i.OLED_ClrPixel) refers to oled.o(i.OLED_WrCmd) for OLED_WrCmd
    oled.o(i.OLED_ClrPixel) refers to oled.o(i.OLED_WrDat) for OLED_WrDat
    oled.o(i.OLED_Fill) refers to oled.o(i.OLED_WrCmd) for OLED_WrCmd
    oled.o(i.OLED_Fill) refers to oled.o(i.OLED_WrDat) for OLED_WrDat
    oled.o(i.OLED_Init) refers to gpio.o(i.gpio_init) for gpio_init
    oled.o(i.OLED_Init) refers to port.o(i.port_init_NoAlt) for port_init_NoAlt
    oled.o(i.OLED_Init) refers to gpio.o(i.gpio_set) for gpio_set
    oled.o(i.OLED_Init) refers to oled.o(i.OLED_DLY_ms) for OLED_DLY_ms
    oled.o(i.OLED_Init) refers to oled.o(i.OLED_WrCmd) for OLED_WrCmd
    oled.o(i.OLED_Init) refers to oled.o(i.OLED_Fill) for OLED_Fill
    oled.o(i.OLED_Init) refers to oled.o(i.OLED_Set_Pos) for OLED_Set_Pos
    oled.o(i.OLED_P6x8Str) refers to oled.o(i.OLED_Set_Pos) for OLED_Set_Pos
    oled.o(i.OLED_P6x8Str) refers to oled.o(i.OLED_WrDat) for OLED_WrDat
    oled.o(i.OLED_P6x8Str) refers to oled.o(.constdata) for F6x8
    oled.o(i.OLED_P8x16Str) refers to oled.o(i.OLED_Set_Pos) for OLED_Set_Pos
    oled.o(i.OLED_P8x16Str) refers to oled.o(i.OLED_WrDat) for OLED_WrDat
    oled.o(i.OLED_P8x16Str) refers to oled.o(.constdata) for F8X16
    oled.o(i.OLED_Print_Num) refers to oled.o(i.OLED_HEXACSII) for OLED_HEXACSII
    oled.o(i.OLED_Print_Num) refers to oled.o(i.OLED_P8x16Str) for OLED_P8x16Str
    oled.o(i.OLED_Print_Num1) refers to oled.o(i.OLED_P6x8Str) for OLED_P6x8Str
    oled.o(i.OLED_Print_Num1) refers to oled.o(i.OLED_HEXACSII) for OLED_HEXACSII
    oled.o(i.OLED_PutPixel) refers to oled.o(i.OLED_Set_Pos) for OLED_Set_Pos
    oled.o(i.OLED_PutPixel) refers to oled.o(i.OLED_WrCmd) for OLED_WrCmd
    oled.o(i.OLED_PutPixel) refers to oled.o(i.OLED_WrDat) for OLED_WrDat
    oled.o(i.OLED_Set_Pos) refers to oled.o(i.OLED_WrCmd) for OLED_WrCmd
    oled.o(i.OLED_Wr6Dat) refers to gpio.o(i.gpio_set) for gpio_set
    oled.o(i.OLED_WrCmd) refers to gpio.o(i.gpio_set) for gpio_set
    oled.o(i.OLED_WrDat) refers to gpio.o(i.gpio_set) for gpio_set
    oled.o(i.dis_bmp) refers to oled.o(i.OLED_Set_Pos) for OLED_Set_Pos
    oled.o(i.dis_bmp) refers to oled.o(i.OLED_WrDat) for OLED_WrDat
    oled.o(i.dis_mybmp) refers to oled.o(i.OLED_Set_Pos) for OLED_Set_Pos
    oled.o(i.dis_mybmp) refers to oled.o(i.OLED_WrDat) for OLED_WrDat
    readdata.o(i.dataReadAndAnalyze) refers to readdata.o(i.readData) for readData
    readdata.o(i.dataReadAndAnalyze) refers to servo.o(.data) for CenterMeanValue
    readdata.o(i.dataReadAndAnalyze) refers to readdata.o(.data) for sign_buf
    readdata.o(i.dataReadAndAnalyze) refers to main.o(.data) for signal_flag
    readdata.o(i.readData_init) refers to gpio.o(i.gpio_init) for gpio_init
    hc_sr04.o(i.HC_SR04_Init) refers to gpio.o(i.gpio_init) for gpio_init
    hc_sr04.o(i.distance) refers to pit.o(i.pit_delay) for pit_delay
    hc_sr04.o(i.distance) refers to pit.o(i.pit_time_start) for pit_time_start
    hc_sr04.o(i.distance) refers to systick.o(i.systick_delay) for systick_delay
    hc_sr04.o(i.distance) refers to pit.o(i.pit_time_get) for pit_time_get
    hc_sr04.o(i.distance) refers to dfltui.o(.text) for __aeabi_ui2d
    hc_sr04.o(i.distance) refers to dmul.o(.text) for __aeabi_dmul
    hc_sr04.o(i.distance) refers to ddiv.o(.text) for __aeabi_ddiv
    hc_sr04.o(i.distance) refers to dfixui.o(.text) for __aeabi_d2uiz
    hc_sr04.o(i.distance) refers to common.o(.data) for bus_clk_mhz
    hc_sr04.o(i.distance) refers to hc_sr04.o(.data) for timevar
    isr.o(i.PIT2_IRQHandler) refers to encoder.o(i.SpeedGet) for SpeedGet
    isr.o(i.PIT2_IRQHandler) refers to control.o(i.PID_Calc) for PID_Calc
    isr.o(i.PIT2_IRQHandler) refers to motor.o(i.Motor_Control) for Motor_Control
    isr.o(i.PIT2_IRQHandler) refers to isr.o(.data) for scount
    isr.o(i.PIT2_IRQHandler) refers to smartcar_init.o(.data) for pid_speed_L
    isr.o(i.PORTC_IRQHandler) refers to nrf2401.o(i.NRF2401_RecData) for NRF2401_RecData
    isr.o(i.PORTC_IRQHandler) refers to motor.o(i.Motor_stop) for Motor_stop
    isr.o(i.PORTC_IRQHandler) refers to nrf2401.o(.bss) for NRF2401RXBuffer
    isr.o(i.PORTC_IRQHandler) refers to main.o(.data) for signal_flag
    main.o(i.main) refers to common.o(i.get_clk) for get_clk
    main.o(i.main) refers to smartcar_init.o(i.car_init) for car_init
    main.o(i.main) refers to key.o(i.Key_Check) for Key_Check
    main.o(i.main) refers to oled.o(i.OLED_Print_Num1) for OLED_Print_Num1
    main.o(i.main) refers to main.o(i.NVIC_EnableIRQ) for NVIC_EnableIRQ
    main.o(i.main) refers to main.o(i.NVIC_DisableIRQ) for NVIC_DisableIRQ
    main.o(i.main) refers to motor.o(i.Motor_stop) for Motor_stop
    main.o(i.main) refers to hc_sr04.o(i.distance) for distance
    main.o(i.main) refers to oled.o(i.OLED_Print_Num) for OLED_Print_Num
    main.o(i.main) refers to main.o(i.sendToSlaveCar) for sendToSlaveCar
    main.o(i.main) refers to readdata.o(i.dataReadAndAnalyze) for dataReadAndAnalyze
    main.o(i.main) refers to servo.o(i.servoControl) for servoControl
    main.o(i.main) refers to motor.o(i.Motor_Control) for Motor_Control
    main.o(i.main) refers to systick.o(i.systick_delay_ms) for systick_delay_ms
    main.o(i.main) refers to main.o(.data) for keydown
    main.o(i.main) refers to hc_sr04.o(.data) for Distance
    main.o(i.main) refers to nrf2401.o(.bss) for NRF2401TXBuffer
    main.o(i.main) refers to servo.o(.data) for turn_flag
    main.o(i.main) refers to smartcar_init.o(.data) for pid_speed_R
    main.o(i.sendToSlaveCar) refers to nrf2401.o(i.NRF2401_SetTXMode) for NRF2401_SetTXMode
    main.o(i.sendToSlaveCar) refers to systick.o(i.systick_delay_ms) for systick_delay_ms
    main.o(i.sendToSlaveCar) refers to nrf2401.o(i.NRF2401_SendData) for NRF2401_SendData
    main.o(i.sendToSlaveCar) refers to nrf2401.o(i.NRF2401_SetRXMode) for NRF2401_SetRXMode
    main.o(i.sendToSlaveCar) refers to nrf2401.o(.data) for NRF2401Channel
    main.o(i.sendToSlaveCar) refers to nrf2401.o(.bss) for NRF2401TXBuffer
    common.o(i.get_clk) refers to uart.o(i.uart_init) for uart_init
    common.o(i.get_clk) refers to common.o(.data) for mcgout_clk_mhz
    dma.o(i.dma_portx2buff_init) refers to port.o(i.port_init) for port_init
    dma.o(i.dma_portx2buff_init) refers to gpio.o(i.gpio_init) for gpio_init
    dma.o(i.dma_portx2buff_init_new) refers to gpio.o(i.gpio_init) for gpio_init
    dma.o(i.dma_portx2buff_init_new) refers to port.o(i.port_init) for port_init
    dma.o(i.dma_portx2buff_init_new2) refers to port.o(i.port_init) for port_init
    dmacnt.o(i.DMACNT_GetValue) refers to dmacnt.o(i.DMA_GetCurrDataCounter) for DMA_GetCurrDataCounter
    dmacnt.o(i.DMACNT_GetValue) refers to dmacnt.o(i.DMA_SetCurrDataCounter) for DMA_SetCurrDataCounter
    dmacnt.o(i.DMACNT_Init) refers to dma.o(i.dma_portx2buff_init_new2) for dma_portx2buff_init_new2
    dmacnt.o(i.DMACNT_Init) refers to port.o(i.port_init) for port_init
    dmacnt.o(i.DMACNT_Init) refers to dmacnt.o(.data) for Dummy
    ftm.o(i.FTM_port_mux) refers to port.o(i.port_init) for port_init
    ftm.o(i.ftm_input_clean) refers to ftm.o(.constdata) for FTMX
    ftm.o(i.ftm_input_get) refers to ftm.o(.constdata) for FTMX
    ftm.o(i.ftm_input_init) refers to ftm.o(i.FTM_port_mux) for FTM_port_mux
    ftm.o(i.ftm_input_init) refers to ftm.o(.constdata) for FTMX
    ftm.o(i.ftm_input_init) refers to common.o(.data) for bus_clk_mhz
    ftm.o(i.ftm_pwm_duty) refers to ftm.o(.data) for period
    ftm.o(i.ftm_pwm_duty) refers to ftm.o(.constdata) for FTMX
    ftm.o(i.ftm_pwm_freq) refers to common.o(.data) for bus_clk_mhz
    ftm.o(i.ftm_pwm_freq) refers to ftm.o(.data) for period
    ftm.o(i.ftm_pwm_freq) refers to ftm.o(.constdata) for FTMX
    ftm.o(i.ftm_pwm_init) refers to ftm.o(i.FTM_port_mux) for FTM_port_mux
    ftm.o(i.ftm_pwm_init) refers to common.o(.data) for bus_clk_mhz
    ftm.o(i.ftm_pwm_init) refers to ftm.o(.data) for period
    ftm.o(i.ftm_pwm_init) refers to ftm.o(.constdata) for FTMX
    ftm.o(i.ftm_quad_clean) refers to ftm.o(.constdata) for FTMX
    ftm.o(i.ftm_quad_get) refers to ftm.o(.constdata) for FTMX
    ftm.o(i.ftm_quad_init) refers to port.o(i.port_init) for port_init
    ftm.o(i.ftm_quad_init) refers to ftm.o(.constdata) for FTMX
    gpio.o(i.gpio_ddr) refers to gpio.o(.constdata) for GPIOX
    gpio.o(i.gpio_get) refers to gpio.o(.constdata) for GPIOX
    gpio.o(i.gpio_init) refers to gpio.o(.constdata) for PORTX
    gpio.o(i.gpio_set) refers to gpio.o(.constdata) for GPIOX
    gpio.o(i.gpio_turn) refers to gpio.o(.constdata) for GPIOX
    port.o(i.port_init) refers to port.o(.constdata) for PORTX
    port.o(i.port_init_NoAlt) refers to port.o(.constdata) for PORTX
    systick.o(i.systick_delay_ms) refers to systick.o(i.systick_delay) for systick_delay
    systick.o(i.systick_delay_ms) refers to common.o(.data) for core_clk_mhz
    uart.o(i.fputc) refers to uart.o(i.uart_putchar) for uart_putchar
    uart.o(i.uart_getchar) refers to uart.o(.data) for uart
    uart.o(i.uart_init) refers to port.o(i.port_init) for port_init
    uart.o(i.uart_init) refers to uart.o(.data) for uart
    uart.o(i.uart_init) refers to common.o(.data) for core_clk_mhz
    uart.o(i.uart_putbuff) refers to uart.o(i.uart_putchar) for uart_putchar
    uart.o(i.uart_putchar) refers to uart.o(.data) for uart
    uart.o(i.uart_putstr) refers to uart.o(i.uart_putchar) for uart_putchar
    uart.o(i.uart_querychar) refers to uart.o(.data) for uart
    uart.o(i.uart_rx_irq_dis) refers to uart.o(i.NVIC_DisableIRQ) for NVIC_DisableIRQ
    uart.o(i.uart_rx_irq_dis) refers to uart.o(.data) for uart
    uart.o(i.uart_rx_irq_en) refers to uart.o(i.NVIC_EnableIRQ) for NVIC_EnableIRQ
    uart.o(i.uart_rx_irq_en) refers to uart.o(.data) for uart
    uart.o(i.uart_txc_irq_dis) refers to uart.o(i.NVIC_DisableIRQ) for NVIC_DisableIRQ
    uart.o(i.uart_txc_irq_dis) refers to uart.o(.data) for uart
    uart.o(i.uart_txc_irq_en) refers to uart.o(i.NVIC_EnableIRQ) for NVIC_EnableIRQ
    uart.o(i.uart_txc_irq_en) refers to uart.o(.data) for uart
    entry.o(.ARM.Collect$$$$00000000) refers (Special) to entry10a.o(.ARM.Collect$$$$0000000D) for __rt_final_cpp
    entry.o(.ARM.Collect$$$$00000000) refers (Special) to entry11a.o(.ARM.Collect$$$$0000000F) for __rt_final_exit
    entry.o(.ARM.Collect$$$$00000000) refers (Special) to entry7b.o(.ARM.Collect$$$$00000008) for _main_clock
    entry.o(.ARM.Collect$$$$00000000) refers (Special) to entry8b.o(.ARM.Collect$$$$0000000A) for _main_cpp_init
    entry.o(.ARM.Collect$$$$00000000) refers (Special) to entry9a.o(.ARM.Collect$$$$0000000B) for _main_init
    entry.o(.ARM.Collect$$$$00000000) refers (Special) to entry5.o(.ARM.Collect$$$$00000004) for _main_scatterload
    entry.o(.ARM.Collect$$$$00000000) refers (Special) to entry2.o(.ARM.Collect$$$$00000001) for _main_stk
    dadd.o(.text) refers (Special) to iusefp.o(.text) for __I$use$fp
    dadd.o(.text) refers to llshl.o(.text) for __aeabi_llsl
    dadd.o(.text) refers to llsshr.o(.text) for __aeabi_lasr
    dadd.o(.text) refers to depilogue.o(.text) for _double_epilogue
    dmul.o(.text) refers (Special) to iusefp.o(.text) for __I$use$fp
    dmul.o(.text) refers to depilogue.o(.text) for _double_epilogue
    ddiv.o(.text) refers (Special) to iusefp.o(.text) for __I$use$fp
    ddiv.o(.text) refers to depilogue.o(.text) for _double_round
    dflti.o(.text) refers (Special) to iusefp.o(.text) for __I$use$fp
    dflti.o(.text) refers to depilogue.o(.text) for _double_epilogue
    dfltui.o(.text) refers (Special) to iusefp.o(.text) for __I$use$fp
    dfltui.o(.text) refers to depilogue.o(.text) for _double_epilogue
    dfixi.o(.text) refers (Special) to iusefp.o(.text) for __I$use$fp
    dfixi.o(.text) refers to llushr.o(.text) for __aeabi_llsr
    dfixui.o(.text) refers (Special) to iusefp.o(.text) for __I$use$fp
    dfixui.o(.text) refers to llushr.o(.text) for __aeabi_llsr
    d2f.o(.text) refers (Special) to iusefp.o(.text) for __I$use$fp
    d2f.o(.text) refers to fepilogue.o(.text) for _float_round
    entry2.o(.ARM.Collect$$$$00000001) refers to entry2.o(.ARM.Collect$$$$00002712) for __lit__00000000
    entry2.o(.ARM.Collect$$$$00002712) refers to startup_mk66f18.o(STACK) for __initial_sp
    entry2.o(__vectab_stack_and_reset_area) refers to startup_mk66f18.o(STACK) for __initial_sp
    entry2.o(__vectab_stack_and_reset_area) refers to entry.o(.ARM.Collect$$$$00000000) for __main
    entry5.o(.ARM.Collect$$$$00000004) refers to init.o(.text) for __scatterload
    entry9a.o(.ARM.Collect$$$$0000000B) refers to main.o(i.main) for main
    entry9b.o(.ARM.Collect$$$$0000000C) refers to main.o(i.main) for main
    depilogue.o(.text) refers to llshl.o(.text) for __aeabi_llsl
    depilogue.o(.text) refers to llushr.o(.text) for __aeabi_llsr
    init.o(.text) refers to entry5.o(.ARM.Collect$$$$00000004) for __main_after_scatterload


==============================================================================

Removing Unused input sections from the image.

    Removing startup_mk66f18.o(HEAP), (0 bytes).
    Removing system_mk66.o(.rev16_text), (4 bytes).
    Removing system_mk66.o(.revsh_text), (4 bytes).
    Removing motor.o(.rev16_text), (4 bytes).
    Removing motor.o(.revsh_text), (4 bytes).
    Removing servo.o(.rev16_text), (4 bytes).
    Removing servo.o(.revsh_text), (4 bytes).
    Removing servo.o(i.Server_Control), (56 bytes).
    Removing servo.o(i.Servo_test), (52 bytes).
    Removing encoder.o(.rev16_text), (4 bytes).
    Removing encoder.o(.revsh_text), (4 bytes).
    Removing smartcar_init.o(.rev16_text), (4 bytes).
    Removing smartcar_init.o(.revsh_text), (4 bytes).
    Removing buzzer.o(.rev16_text), (4 bytes).
    Removing buzzer.o(.revsh_text), (4 bytes).
    Removing key.o(.rev16_text), (4 bytes).
    Removing key.o(.revsh_text), (4 bytes).
    Removing nrf2401.o(.rev16_text), (4 bytes).
    Removing nrf2401.o(.revsh_text), (4 bytes).
    Removing nrf2401.o(i.NRF2401_SendData_Duplex), (26 bytes).
    Removing oled.o(.rev16_text), (4 bytes).
    Removing oled.o(.revsh_text), (4 bytes).
    Removing oled.o(i.OLED_ClrPixel), (72 bytes).
    Removing oled.o(i.OLED_PutPixel), (72 bytes).
    Removing oled.o(i.OLED_Wr6Dat), (80 bytes).
    Removing oled.o(i.dis_bmp), (472 bytes).
    Removing oled.o(i.dis_mybmp), (388 bytes).
    Removing control.o(.rev16_text), (4 bytes).
    Removing control.o(.revsh_text), (4 bytes).
    Removing readdata.o(.rev16_text), (4 bytes).
    Removing readdata.o(.revsh_text), (4 bytes).
    Removing hc_sr04.o(.rev16_text), (4 bytes).
    Removing hc_sr04.o(.revsh_text), (4 bytes).
    Removing isr.o(.rev16_text), (4 bytes).
    Removing isr.o(.revsh_text), (4 bytes).
    Removing main.o(.rev16_text), (4 bytes).
    Removing main.o(.revsh_text), (4 bytes).
    Removing common.o(.rev16_text), (4 bytes).
    Removing common.o(.revsh_text), (4 bytes).
    Removing dma.o(.rev16_text), (4 bytes).
    Removing dma.o(.revsh_text), (4 bytes).
    Removing dma.o(i.dma_portx2buff_init), (420 bytes).
    Removing dma.o(i.dma_portx2buff_init_new), (392 bytes).
    Removing dmacnt.o(.rev16_text), (4 bytes).
    Removing dmacnt.o(.revsh_text), (4 bytes).
    Removing ftm.o(.rev16_text), (4 bytes).
    Removing ftm.o(.revsh_text), (4 bytes).
    Removing ftm.o(i.ftm_input_clean), (16 bytes).
    Removing ftm.o(i.ftm_input_get), (24 bytes).
    Removing ftm.o(i.ftm_input_init), (260 bytes).
    Removing ftm.o(i.ftm_pwm_freq), (120 bytes).
    Removing ftm.o(i.ftm_quad_clean), (16 bytes).
    Removing ftm.o(i.ftm_quad_get), (20 bytes).
    Removing ftm.o(i.ftm_quad_init), (228 bytes).
    Removing gpio.o(.rev16_text), (4 bytes).
    Removing gpio.o(.revsh_text), (4 bytes).
    Removing gpio.o(i.gpio_ddr), (80 bytes).
    Removing gpio.o(i.gpio_get), (44 bytes).
    Removing gpio.o(i.gpio_turn), (40 bytes).
    Removing pit.o(.rev16_text), (4 bytes).
    Removing pit.o(.revsh_text), (4 bytes).
    Removing pit.o(i.pit_close), (48 bytes).
    Removing port.o(.rev16_text), (4 bytes).
    Removing port.o(.revsh_text), (4 bytes).
    Removing systick.o(.rev16_text), (4 bytes).
    Removing systick.o(.revsh_text), (4 bytes).
    Removing systick.o(i.systick_getval), (8 bytes).
    Removing systick.o(i.systick_timing), (24 bytes).
    Removing uart.o(.rev16_text), (4 bytes).
    Removing uart.o(.revsh_text), (4 bytes).
    Removing uart.o(i.NVIC_DisableIRQ), (24 bytes).
    Removing uart.o(i.NVIC_EnableIRQ), (22 bytes).
    Removing uart.o(i.fputc), (18 bytes).
    Removing uart.o(i.uart_getchar), (36 bytes).
    Removing uart.o(i.uart_putbuff), (30 bytes).
    Removing uart.o(i.uart_putchar), (32 bytes).
    Removing uart.o(i.uart_putstr), (26 bytes).
    Removing uart.o(i.uart_querychar), (36 bytes).
    Removing uart.o(i.uart_rx_irq_dis), (56 bytes).
    Removing uart.o(i.uart_rx_irq_en), (44 bytes).
    Removing uart.o(i.uart_txc_irq_dis), (56 bytes).
    Removing uart.o(i.uart_txc_irq_en), (44 bytes).
    Removing misc.o(.rev16_text), (4 bytes).
    Removing misc.o(.revsh_text), (4 bytes).
    Removing misc.o(i.write_vtor), (12 bytes).

85 unused section(s) (total 3586 bytes) removed from the image.

==============================================================================

Image Symbol Table

    Local Symbols

    Symbol Name                              Value     Ov Type        Size  Object(Section)

    RESET                                    0x00000000   Section     1024  startup_mk66f18.o(RESET)
    ../clib/microlib/init/entry.s            0x00000000   Number         0  entry11b.o ABSOLUTE
    ../clib/microlib/init/entry.s            0x00000000   Number         0  entry8b.o ABSOLUTE
    ../clib/microlib/init/entry.s            0x00000000   Number         0  entry2.o ABSOLUTE
    ../clib/microlib/init/entry.s            0x00000000   Number         0  entry7b.o ABSOLUTE
    ../clib/microlib/init/entry.s            0x00000000   Number         0  entry7a.o ABSOLUTE
    ../clib/microlib/init/entry.s            0x00000000   Number         0  entry11a.o ABSOLUTE
    ../clib/microlib/init/entry.s            0x00000000   Number         0  entry.o ABSOLUTE
    ../clib/microlib/init/entry.s            0x00000000   Number         0  entry5.o ABSOLUTE
    ../clib/microlib/init/entry.s            0x00000000   Number         0  entry8a.o ABSOLUTE
    ../clib/microlib/init/entry.s            0x00000000   Number         0  entry10b.o ABSOLUTE
    ../clib/microlib/init/entry.s            0x00000000   Number         0  entry10a.o ABSOLUTE
    ../clib/microlib/init/entry.s            0x00000000   Number         0  entry9b.o ABSOLUTE
    ../clib/microlib/init/entry.s            0x00000000   Number         0  entry9a.o ABSOLUTE
    ../clib/microlib/longlong.c              0x00000000   Number         0  llshl.o ABSOLUTE
    ../clib/microlib/longlong.c              0x00000000   Number         0  llsshr.o ABSOLUTE
    ../clib/microlib/longlong.c              0x00000000   Number         0  llushr.o ABSOLUTE
    ../clib/microlib/stubs.s                 0x00000000   Number         0  iusefp.o ABSOLUTE
    ../fplib/microlib/d2f.c                  0x00000000   Number         0  d2f.o ABSOLUTE
    ../fplib/microlib/fpadd.c                0x00000000   Number         0  dadd.o ABSOLUTE
    ../fplib/microlib/fpdiv.c                0x00000000   Number         0  ddiv.o ABSOLUTE
    ../fplib/microlib/fpepilogue.c           0x00000000   Number         0  depilogue.o ABSOLUTE
    ../fplib/microlib/fpepilogue.c           0x00000000   Number         0  fepilogue.o ABSOLUTE
    ../fplib/microlib/fpfix.c                0x00000000   Number         0  dfixui.o ABSOLUTE
    ../fplib/microlib/fpfix.c                0x00000000   Number         0  dfixi.o ABSOLUTE
    ../fplib/microlib/fpflt.c                0x00000000   Number         0  dflti.o ABSOLUTE
    ../fplib/microlib/fpflt.c                0x00000000   Number         0  dfltui.o ABSOLUTE
    ../fplib/microlib/fpmul.c                0x00000000   Number         0  dmul.o ABSOLUTE
    ..\SRC\HARDWARE\src\common.c             0x00000000   Number         0  common.o ABSOLUTE
    ..\SRC\HARDWARE\src\dma.c                0x00000000   Number         0  dma.o ABSOLUTE
    ..\SRC\HARDWARE\src\dmacnt.c             0x00000000   Number         0  dmacnt.o ABSOLUTE
    ..\SRC\HARDWARE\src\ftm.c                0x00000000   Number         0  ftm.o ABSOLUTE
    ..\SRC\HARDWARE\src\gpio.c               0x00000000   Number         0  gpio.o ABSOLUTE
    ..\SRC\HARDWARE\src\misc.c               0x00000000   Number         0  misc.o ABSOLUTE
    ..\SRC\HARDWARE\src\pit.c                0x00000000   Number         0  pit.o ABSOLUTE
    ..\SRC\HARDWARE\src\port.c               0x00000000   Number         0  port.o ABSOLUTE
    ..\SRC\HARDWARE\src\systick.c            0x00000000   Number         0  systick.o ABSOLUTE
    ..\SRC\HARDWARE\src\uart.c               0x00000000   Number         0  uart.o ABSOLUTE
    ..\SRC\SMARTCAR\src\HC_SR04.c            0x00000000   Number         0  hc_sr04.o ABSOLUTE
    ..\SRC\SMARTCAR\src\ReadData.c           0x00000000   Number         0  readdata.o ABSOLUTE
    ..\SRC\SMARTCAR\src\buzzer.c             0x00000000   Number         0  buzzer.o ABSOLUTE
    ..\SRC\SMARTCAR\src\control.c            0x00000000   Number         0  control.o ABSOLUTE
    ..\SRC\SMARTCAR\src\encoder.c            0x00000000   Number         0  encoder.o ABSOLUTE
    ..\SRC\SMARTCAR\src\key.c                0x00000000   Number         0  key.o ABSOLUTE
    ..\SRC\SMARTCAR\src\motor.c              0x00000000   Number         0  motor.o ABSOLUTE
    ..\SRC\SMARTCAR\src\nrf2401.c            0x00000000   Number         0  nrf2401.o ABSOLUTE
    ..\SRC\SMARTCAR\src\oled.c               0x00000000   Number         0  oled.o ABSOLUTE
    ..\SRC\SMARTCAR\src\servo.c              0x00000000   Number         0  servo.o ABSOLUTE
    ..\SRC\SMARTCAR\src\smartcar_init.c      0x00000000   Number         0  smartcar_init.o ABSOLUTE
    ..\SRC\STARTUP\DeviceSupport\MDK-ARM\startup_MK66F18.s 0x00000000   Number         0  startup_mk66f18.o ABSOLUTE
    ..\SRC\STARTUP\DeviceSupport\system_MK66.c 0x00000000   Number         0  system_mk66.o ABSOLUTE
    ..\SRC\USER\src\isr.c                    0x00000000   Number         0  isr.o ABSOLUTE
    ..\SRC\USER\src\main.c                   0x00000000   Number         0  main.o ABSOLUTE
    ..\\SRC\\HARDWARE\\src\\common.c         0x00000000   Number         0  common.o ABSOLUTE
    ..\\SRC\\HARDWARE\\src\\dma.c            0x00000000   Number         0  dma.o ABSOLUTE
    ..\\SRC\\HARDWARE\\src\\dmacnt.c         0x00000000   Number         0  dmacnt.o ABSOLUTE
    ..\\SRC\\HARDWARE\\src\\ftm.c            0x00000000   Number         0  ftm.o ABSOLUTE
    ..\\SRC\\HARDWARE\\src\\gpio.c           0x00000000   Number         0  gpio.o ABSOLUTE
    ..\\SRC\\HARDWARE\\src\\misc.c           0x00000000   Number         0  misc.o ABSOLUTE
    ..\\SRC\\HARDWARE\\src\\pit.c            0x00000000   Number         0  pit.o ABSOLUTE
    ..\\SRC\\HARDWARE\\src\\port.c           0x00000000   Number         0  port.o ABSOLUTE
    ..\\SRC\\HARDWARE\\src\\systick.c        0x00000000   Number         0  systick.o ABSOLUTE
    ..\\SRC\\HARDWARE\\src\\uart.c           0x00000000   Number         0  uart.o ABSOLUTE
    ..\\SRC\\SMARTCAR\\src\\HC_SR04.c        0x00000000   Number         0  hc_sr04.o ABSOLUTE
    ..\\SRC\\SMARTCAR\\src\\ReadData.c       0x00000000   Number         0  readdata.o ABSOLUTE
    ..\\SRC\\SMARTCAR\\src\\buzzer.c         0x00000000   Number         0  buzzer.o ABSOLUTE
    ..\\SRC\\SMARTCAR\\src\\control.c        0x00000000   Number         0  control.o ABSOLUTE
    ..\\SRC\\SMARTCAR\\src\\encoder.c        0x00000000   Number         0  encoder.o ABSOLUTE
    ..\\SRC\\SMARTCAR\\src\\key.c            0x00000000   Number         0  key.o ABSOLUTE
    ..\\SRC\\SMARTCAR\\src\\motor.c          0x00000000   Number         0  motor.o ABSOLUTE
    ..\\SRC\\SMARTCAR\\src\\nrf2401.c        0x00000000   Number         0  nrf2401.o ABSOLUTE
    ..\\SRC\\SMARTCAR\\src\\oled.c           0x00000000   Number         0  oled.o ABSOLUTE
    ..\\SRC\\SMARTCAR\\src\\servo.c          0x00000000   Number         0  servo.o ABSOLUTE
    ..\\SRC\\SMARTCAR\\src\\smartcar_init.c  0x00000000   Number         0  smartcar_init.o ABSOLUTE
    ..\\SRC\\STARTUP\\DeviceSupport\\system_MK66.c 0x00000000   Number         0  system_mk66.o ABSOLUTE
    ..\\SRC\\USER\\src\\isr.c                0x00000000   Number         0  isr.o ABSOLUTE
    ..\\SRC\\USER\\src\\main.c               0x00000000   Number         0  main.o ABSOLUTE
    dc.s                                     0x00000000   Number         0  dc.o ABSOLUTE
    handlers.s                               0x00000000   Number         0  handlers.o ABSOLUTE
    init.s                                   0x00000000   Number         0  init.o ABSOLUTE
    .ARM.__at_0x400                          0x00000400   Section       16  startup_mk66f18.o(.ARM.__at_0x400)
    .ARM.Collect$$$$00000000                 0x00000410   Section        0  entry.o(.ARM.Collect$$$$00000000)
    .ARM.Collect$$$$00000001                 0x00000410   Section        4  entry2.o(.ARM.Collect$$$$00000001)
    .ARM.Collect$$$$00000004                 0x00000414   Section        4  entry5.o(.ARM.Collect$$$$00000004)
    .ARM.Collect$$$$00000008                 0x00000418   Section        0  entry7b.o(.ARM.Collect$$$$00000008)
    .ARM.Collect$$$$0000000A                 0x00000418   Section        0  entry8b.o(.ARM.Collect$$$$0000000A)
    .ARM.Collect$$$$0000000B                 0x00000418   Section        8  entry9a.o(.ARM.Collect$$$$0000000B)
    .ARM.Collect$$$$0000000D                 0x00000420   Section        0  entry10a.o(.ARM.Collect$$$$0000000D)
    .ARM.Collect$$$$0000000F                 0x00000420   Section        0  entry11a.o(.ARM.Collect$$$$0000000F)
    .ARM.Collect$$$$00002712                 0x00000420   Section        4  entry2.o(.ARM.Collect$$$$00002712)
    __lit__00000000                          0x00000420   Data           4  entry2.o(.ARM.Collect$$$$00002712)
    .text                                    0x00000424   Section       40  startup_mk66f18.o(.text)
    $v0                                      0x00000424   Number         0  startup_mk66f18.o(.text)
    .text                                    0x0000044c   Section        0  dadd.o(.text)
    .text                                    0x0000059a   Section        0  dmul.o(.text)
    .text                                    0x0000067e   Section        0  ddiv.o(.text)
    .text                                    0x0000075c   Section        0  dflti.o(.text)
    .text                                    0x0000077e   Section        0  dfltui.o(.text)
    .text                                    0x00000798   Section        0  dfixi.o(.text)
    .text                                    0x000007d6   Section        0  dfixui.o(.text)
    .text                                    0x00000808   Section        0  d2f.o(.text)
    .text                                    0x00000840   Section        0  llshl.o(.text)
    .text                                    0x0000085e   Section        0  llushr.o(.text)
    .text                                    0x0000087e   Section        0  llsshr.o(.text)
    .text                                    0x000008a2   Section        0  iusefp.o(.text)
    .text                                    0x000008a2   Section        0  fepilogue.o(.text)
    .text                                    0x00000910   Section        0  depilogue.o(.text)
    .text                                    0x000009cc   Section       36  init.o(.text)
    i.DMA0_IRQHandler                        0x000009f0   Section        0  isr.o(i.DMA0_IRQHandler)
    i.DMACNT_GetValue                        0x00000a04   Section        0  dmacnt.o(i.DMACNT_GetValue)
    i.DMACNT_Init                            0x00000a28   Section        0  dmacnt.o(i.DMACNT_Init)
    i.DMA_GetCurrDataCounter                 0x00000a84   Section        0  dmacnt.o(i.DMA_GetCurrDataCounter)
    i.DMA_SetCurrDataCounter                 0x00000a98   Section        0  dmacnt.o(i.DMA_SetCurrDataCounter)
    i.Disable_Wdog                           0x00000aac   Section        0  system_mk66.o(i.Disable_Wdog)
    i.Encoder_Init                           0x00000ac8   Section        0  encoder.o(i.Encoder_Init)
    i.FTM_port_mux                           0x00000af0   Section        0  ftm.o(i.FTM_port_mux)
    i.HC_SR04_Init                           0x00000bfc   Section        0  hc_sr04.o(i.HC_SR04_Init)
    i.Key_Check                              0x00000c14   Section        0  key.o(i.Key_Check)
    i.Key_Init                               0x00000ce8   Section        0  key.o(i.Key_Init)
    i.Motor_Control                          0x00000d28   Section        0  motor.o(i.Motor_Control)
    i.Motor_Init                             0x00000df4   Section        0  motor.o(i.Motor_Init)
    i.Motor_stop                             0x00000e48   Section        0  motor.o(i.Motor_stop)
    i.NRF2401_Init                           0x00000eb8   Section        0  nrf2401.o(i.NRF2401_Init)
    i.NRF2401_ReadBuffer                     0x00000f3c   Section        0  nrf2401.o(i.NRF2401_ReadBuffer)
    NRF2401_ReadBuffer                       0x00000f3d   Thumb Code    56  nrf2401.o(i.NRF2401_ReadBuffer)
    i.NRF2401_ReadWriteByte                  0x00000f78   Section        0  nrf2401.o(i.NRF2401_ReadWriteByte)
    NRF2401_ReadWriteByte                    0x00000f79   Thumb Code    56  nrf2401.o(i.NRF2401_ReadWriteByte)
    i.NRF2401_ReadWriteReg                   0x00000fb8   Section        0  nrf2401.o(i.NRF2401_ReadWriteReg)
    NRF2401_ReadWriteReg                     0x00000fb9   Thumb Code    36  nrf2401.o(i.NRF2401_ReadWriteReg)
    i.NRF2401_RecData                        0x00000fe0   Section        0  nrf2401.o(i.NRF2401_RecData)
    i.NRF2401_SendData                       0x00001018   Section        0  nrf2401.o(i.NRF2401_SendData)
    i.NRF2401_SetRXMode                      0x00001078   Section        0  nrf2401.o(i.NRF2401_SetRXMode)
    i.NRF2401_SetTXMode                      0x000010e8   Section        0  nrf2401.o(i.NRF2401_SetTXMode)
    i.NRF2401_WriteBuffer                    0x00001154   Section        0  nrf2401.o(i.NRF2401_WriteBuffer)
    NRF2401_WriteBuffer                      0x00001155   Thumb Code    56  nrf2401.o(i.NRF2401_WriteBuffer)
    i.NRF24L01_Check                         0x00001190   Section        0  nrf2401.o(i.NRF24L01_Check)
    NRF24L01_Check                           0x00001191   Thumb Code    58  nrf2401.o(i.NRF24L01_Check)
    i.NVIC_DisableIRQ                        0x000011d4   Section        0  nrf2401.o(i.NVIC_DisableIRQ)
    NVIC_DisableIRQ                          0x000011d5   Thumb Code    18  nrf2401.o(i.NVIC_DisableIRQ)
    i.NVIC_DisableIRQ                        0x000011ec   Section        0  main.o(i.NVIC_DisableIRQ)
    NVIC_DisableIRQ                          0x000011ed   Thumb Code    18  main.o(i.NVIC_DisableIRQ)
    i.NVIC_EnableIRQ                         0x00001204   Section        0  main.o(i.NVIC_EnableIRQ)
    NVIC_EnableIRQ                           0x00001205   Thumb Code    22  main.o(i.NVIC_EnableIRQ)
    i.OLED_DLY_ms                            0x0000121a   Section        0  oled.o(i.OLED_DLY_ms)
    i.OLED_Fill                              0x00001236   Section        0  oled.o(i.OLED_Fill)
    i.OLED_HEXACSII                          0x00001270   Section        0  oled.o(i.OLED_HEXACSII)
    i.OLED_Init                              0x000012a0   Section        0  oled.o(i.OLED_Init)
    i.OLED_P6x8Str                           0x000013dc   Section        0  oled.o(i.OLED_P6x8Str)
    i.OLED_P8x16Str                          0x00001440   Section        0  oled.o(i.OLED_P8x16Str)
    i.OLED_Print_Num                         0x000014c8   Section        0  oled.o(i.OLED_Print_Num)
    i.OLED_Print_Num1                        0x000014fc   Section        0  oled.o(i.OLED_Print_Num1)
    i.OLED_Set_Pos                           0x00001558   Section        0  oled.o(i.OLED_Set_Pos)
    i.OLED_WrCmd                             0x00001580   Section        0  oled.o(i.OLED_WrCmd)
    i.OLED_WrDat                             0x000015d0   Section        0  oled.o(i.OLED_WrDat)
    i.PID_Calc                               0x00001620   Section        0  control.o(i.PID_Calc)
    i.PID_init                               0x000016d4   Section        0  control.o(i.PID_init)
    i.PIT0_IRQHandler                        0x000016fc   Section        0  isr.o(i.PIT0_IRQHandler)
    i.PIT1_IRQHandler                        0x00001710   Section        0  isr.o(i.PIT1_IRQHandler)
    i.PIT2_IRQHandler                        0x00001724   Section        0  isr.o(i.PIT2_IRQHandler)
    i.PORTC_IRQHandler                       0x000017e8   Section        0  isr.o(i.PORTC_IRQHandler)
    i.PORTE_IRQHandler                       0x000018d4   Section        0  isr.o(i.PORTE_IRQHandler)
    i.SYSTEM_CLK                             0x000018e4   Section        0  system_mk66.o(i.SYSTEM_CLK)
    i.Servo_Init                             0x0000199c   Section        0  servo.o(i.Servo_Init)
    i.SpeedGet                               0x000019b4   Section        0  encoder.o(i.SpeedGet)
    i.Start                                  0x00001a2c   Section        0  system_mk66.o(i.Start)
    i.UART0_RX_TX_IRQHandler                 0x00001a54   Section        0  isr.o(i.UART0_RX_TX_IRQHandler)
    i.UART3_RX_TX_IRQHandler                 0x00001a64   Section        0  isr.o(i.UART3_RX_TX_IRQHandler)
    i.UART4_RX_TX_IRQHandler                 0x00001a74   Section        0  isr.o(i.UART4_RX_TX_IRQHandler)
    i.__scatterload_copy                     0x00001a84   Section       14  handlers.o(i.__scatterload_copy)
    i.__scatterload_null                     0x00001a92   Section        2  handlers.o(i.__scatterload_null)
    i.__scatterload_zeroinit                 0x00001a94   Section       14  handlers.o(i.__scatterload_zeroinit)
    i.buzzer_Init                            0x00001aa2   Section        0  buzzer.o(i.buzzer_Init)
    i.buzzer_Ring                            0x00001ab0   Section        0  buzzer.o(i.buzzer_Ring)
    i.car_communication_init                 0x00001acc   Section        0  smartcar_init.o(i.car_communication_init)
    car_communication_init                   0x00001acd   Thumb Code    36  smartcar_init.o(i.car_communication_init)
    i.car_init                               0x00001b0c   Section        0  smartcar_init.o(i.car_init)
    i.car_interrupt_init                     0x00001cc8   Section        0  smartcar_init.o(i.car_interrupt_init)
    car_interrupt_init                       0x00001cc9   Thumb Code    64  smartcar_init.o(i.car_interrupt_init)
    i.dataReadAndAnalyze                     0x00001d14   Section        0  readdata.o(i.dataReadAndAnalyze)
    i.distance                               0x00001d54   Section        0  hc_sr04.o(i.distance)
    i.div_set                                0x00001e28   Section        0  system_mk66.o(i.div_set)
    i.dma_portx2buff_init_new2               0x00001e74   Section        0  dma.o(i.dma_portx2buff_init_new2)
    i.ftm_pwm_duty                           0x00001fd4   Section        0  ftm.o(i.ftm_pwm_duty)
    i.ftm_pwm_init                           0x0000203c   Section        0  ftm.o(i.ftm_pwm_init)
    i.get_clk                                0x00002158   Section        0  common.o(i.get_clk)
    i.gpio_init                              0x000021cc   Section        0  gpio.o(i.gpio_init)
    i.gpio_set                               0x00002334   Section        0  gpio.o(i.gpio_set)
    i.main                                   0x0000237c   Section        0  main.o(i.main)
    i.motorSet                               0x00002698   Section        0  smartcar_init.o(i.motorSet)
    motorSet                                 0x00002699   Thumb Code    40  smartcar_init.o(i.motorSet)
    i.pit_delay                              0x000026d0   Section        0  pit.o(i.pit_delay)
    i.pit_init                               0x00002750   Section        0  pit.o(i.pit_init)
    i.pit_time_get                           0x000027ac   Section        0  pit.o(i.pit_time_get)
    i.pit_time_start                         0x00002800   Section        0  pit.o(i.pit_time_start)
    i.port_init                              0x0000285c   Section        0  port.o(i.port_init)
    i.port_init_NoAlt                        0x000028d0   Section        0  port.o(i.port_init_NoAlt)
    i.readData                               0x00002924   Section        0  readdata.o(i.readData)
    readData                                 0x00002925   Thumb Code   150  readdata.o(i.readData)
    i.readData_init                          0x000029d0   Section        0  readdata.o(i.readData_init)
    i.sendToSlaveCar                         0x00002a58   Section        0  main.o(i.sendToSlaveCar)
    i.servoControl                           0x00002ac4   Section        0  servo.o(i.servoControl)
    i.systick_delay                          0x00002c38   Section        0  systick.o(i.systick_delay)
    i.systick_delay_ms                       0x00002c64   Section        0  systick.o(i.systick_delay_ms)
    i.uart_init                              0x00002c88   Section        0  uart.o(i.uart_init)
    .constdata                               0x00002e60   Section       10  nrf2401.o(.constdata)
    .constdata                               0x00002e6a   Section     2072  oled.o(.constdata)
    .constdata                               0x00003684   Section       16  ftm.o(.constdata)
    FTMX                                     0x00003684   Data          16  ftm.o(.constdata)
    .constdata                               0x00003694   Section       40  gpio.o(.constdata)
    PORTX                                    0x00003694   Data          20  gpio.o(.constdata)
    GPIOX                                    0x000036a8   Data          20  gpio.o(.constdata)
    .constdata                               0x000036bc   Section       40  port.o(.constdata)
    PORTX                                    0x000036bc   Data          20  port.o(.constdata)
    GPIOX                                    0x000036d0   Data          20  port.o(.constdata)
    .data                                    0x20000000   Section       24  motor.o(.data)
    .data                                    0x20000018   Section       33  servo.o(.data)
    .data                                    0x2000003c   Section       11  encoder.o(.data)
    left_cnt                                 0x20000045   Data           1  encoder.o(.data)
    right_cnt                                0x20000046   Data           1  encoder.o(.data)
    .data                                    0x20000048   Section       18  smartcar_init.o(.data)
    .data                                    0x2000005a   Section        1  nrf2401.o(.data)
    .data                                    0x2000005b   Section        1  readdata.o(.data)
    .data                                    0x2000005c   Section        8  hc_sr04.o(.data)
    .data                                    0x20000064   Section       12  isr.o(.data)
    .data                                    0x20000070   Section       18  main.o(.data)
    keydown                                  0x2000007c   Data           1  main.o(.data)
    .data                                    0x20000084   Section       12  common.o(.data)
    .data                                    0x20000090   Section        1  dmacnt.o(.data)
    .data                                    0x20000092   Section        6  ftm.o(.data)
    .data                                    0x20000098   Section       20  uart.o(.data)
    .bss                                     0x200000ac   Section       64  smartcar_init.o(.bss)
    .bss                                     0x200000ec   Section       96  nrf2401.o(.bss)
    STACK                                    0x20000150   Section     1024  startup_mk66f18.o(STACK)

    Global Symbols

    Symbol Name                              Value     Ov Type        Size  Object(Section)

    BuildAttributes$$THM_ISAv4$E$P$D$K$B$S$7EM$VFPi3$EXTD16$VFPS$VFMA$PE$A:L22UL41UL21$X:L11$S22US41US21$IEEE1$IW$USESV6$~STKCKD$USESV7$~SHL$OTIME$ROPI$EBA8$MICROLIB$REQ8$PRES8$EABIv2 0x00000000   Number         0  anon$$obj.o ABSOLUTE
    __ARM_use_no_argv                        0x00000000   Number         0  main.o ABSOLUTE
    __Vectors                                0x00000000   Data           4  startup_mk66f18.o(RESET)
    __cpp_initialize__aeabi_                  - Undefined Weak Reference
    __cxa_finalize                            - Undefined Weak Reference
    __decompress                              - Undefined Weak Reference
    _clock_init                               - Undefined Weak Reference
    _microlib_exit                            - Undefined Weak Reference
    __Vectors_End                            0x00000400   Data           0  startup_mk66f18.o(RESET)
    __Vectors_Size                           0x00000400   Number         0  startup_mk66f18.o ABSOLUTE
    __main                                   0x00000411   Thumb Code     0  entry.o(.ARM.Collect$$$$00000000)
    _main_stk                                0x00000411   Thumb Code     0  entry2.o(.ARM.Collect$$$$00000001)
    _main_scatterload                        0x00000415   Thumb Code     0  entry5.o(.ARM.Collect$$$$00000004)
    __main_after_scatterload                 0x00000419   Thumb Code     0  entry5.o(.ARM.Collect$$$$00000004)
    _main_clock                              0x00000419   Thumb Code     0  entry7b.o(.ARM.Collect$$$$00000008)
    _main_cpp_init                           0x00000419   Thumb Code     0  entry8b.o(.ARM.Collect$$$$0000000A)
    _main_init                               0x00000419   Thumb Code     0  entry9a.o(.ARM.Collect$$$$0000000B)
    __rt_final_cpp                           0x00000421   Thumb Code     0  entry10a.o(.ARM.Collect$$$$0000000D)
    __rt_final_exit                          0x00000421   Thumb Code     0  entry11a.o(.ARM.Collect$$$$0000000F)
    Reset_Handler                            0x00000425   Thumb Code    12  startup_mk66f18.o(.text)
    NMI_Handler                              0x00000431   Thumb Code     2  startup_mk66f18.o(.text)
    HardFault_Handler                        0x00000433   Thumb Code     2  startup_mk66f18.o(.text)
    MemManage_Handler                        0x00000435   Thumb Code     2  startup_mk66f18.o(.text)
    BusFault_Handler                         0x00000437   Thumb Code     2  startup_mk66f18.o(.text)
    UsageFault_Handler                       0x00000439   Thumb Code     2  startup_mk66f18.o(.text)
    SVC_Handler                              0x0000043b   Thumb Code     2  startup_mk66f18.o(.text)
    DebugMon_Handler                         0x0000043d   Thumb Code     2  startup_mk66f18.o(.text)
    PendSV_Handler                           0x0000043f   Thumb Code     2  startup_mk66f18.o(.text)
    SysTick_Handler                          0x00000441   Thumb Code     2  startup_mk66f18.o(.text)
    ADC0_IRQHandler                          0x00000443   Thumb Code     0  startup_mk66f18.o(.text)
    ADC1_IRQHandler                          0x00000443   Thumb Code     0  startup_mk66f18.o(.text)
    CAN0_Bus_Off_IRQHandler                  0x00000443   Thumb Code     0  startup_mk66f18.o(.text)
    CAN0_Error_IRQHandler                    0x00000443   Thumb Code     0  startup_mk66f18.o(.text)
    CAN0_ORed_Message_buffer_IRQHandler      0x00000443   Thumb Code     0  startup_mk66f18.o(.text)
    CAN0_Rx_Warning_IRQHandler               0x00000443   Thumb Code     0  startup_mk66f18.o(.text)
    CAN0_Tx_Warning_IRQHandler               0x00000443   Thumb Code     0  startup_mk66f18.o(.text)
    CAN0_Wake_Up_IRQHandler                  0x00000443   Thumb Code     0  startup_mk66f18.o(.text)
    CAN1_Bus_Off_IRQHandler                  0x00000443   Thumb Code     0  startup_mk66f18.o(.text)
    CAN1_Error_IRQHandler                    0x00000443   Thumb Code     0  startup_mk66f18.o(.text)
    CAN1_ORed_Message_buffer_IRQHandler      0x00000443   Thumb Code     0  startup_mk66f18.o(.text)
    CAN1_Rx_Warning_IRQHandler               0x00000443   Thumb Code     0  startup_mk66f18.o(.text)
    CAN1_Tx_Warning_IRQHandler               0x00000443   Thumb Code     0  startup_mk66f18.o(.text)
    CAN1_Wake_Up_IRQHandler                  0x00000443   Thumb Code     0  startup_mk66f18.o(.text)
    CMP0_IRQHandler                          0x00000443   Thumb Code     0  startup_mk66f18.o(.text)
    CMP1_IRQHandler                          0x00000443   Thumb Code     0  startup_mk66f18.o(.text)
    CMP2_IRQHandler                          0x00000443   Thumb Code     0  startup_mk66f18.o(.text)
    CMP3_IRQHandler                          0x00000443   Thumb Code     0  startup_mk66f18.o(.text)
    CMT_IRQHandler                           0x00000443   Thumb Code     0  startup_mk66f18.o(.text)
    DAC0_IRQHandler                          0x00000443   Thumb Code     0  startup_mk66f18.o(.text)
    DAC1_IRQHandler                          0x00000443   Thumb Code     0  startup_mk66f18.o(.text)
    DMA10_IRQHandler                         0x00000443   Thumb Code     0  startup_mk66f18.o(.text)
    DMA11_IRQHandler                         0x00000443   Thumb Code     0  startup_mk66f18.o(.text)
    DMA12_IRQHandler                         0x00000443   Thumb Code     0  startup_mk66f18.o(.text)
    DMA13_IRQHandler                         0x00000443   Thumb Code     0  startup_mk66f18.o(.text)
    DMA14_IRQHandler                         0x00000443   Thumb Code     0  startup_mk66f18.o(.text)
    DMA15_IRQHandler                         0x00000443   Thumb Code     0  startup_mk66f18.o(.text)
    DMA1_IRQHandler                          0x00000443   Thumb Code     0  startup_mk66f18.o(.text)
    DMA2_IRQHandler                          0x00000443   Thumb Code     0  startup_mk66f18.o(.text)
    DMA3_IRQHandler                          0x00000443   Thumb Code     0  startup_mk66f18.o(.text)
    DMA4_IRQHandler                          0x00000443   Thumb Code     0  startup_mk66f18.o(.text)
    DMA5_IRQHandler                          0x00000443   Thumb Code     0  startup_mk66f18.o(.text)
    DMA6_IRQHandler                          0x00000443   Thumb Code     0  startup_mk66f18.o(.text)
    DMA7_IRQHandler                          0x00000443   Thumb Code     0  startup_mk66f18.o(.text)
    DMA8_IRQHandler                          0x00000443   Thumb Code     0  startup_mk66f18.o(.text)
    DMA9_IRQHandler                          0x00000443   Thumb Code     0  startup_mk66f18.o(.text)
    DMA_Error_IRQHandler                     0x00000443   Thumb Code     0  startup_mk66f18.o(.text)
    DefaultISR                               0x00000443   Thumb Code     0  startup_mk66f18.o(.text)
    ENET_1588_Timer_IRQHandler               0x00000443   Thumb Code     0  startup_mk66f18.o(.text)
    ENET_Error_IRQHandler                    0x00000443   Thumb Code     0  startup_mk66f18.o(.text)
    ENET_Receive_IRQHandler                  0x00000443   Thumb Code     0  startup_mk66f18.o(.text)
    ENET_Transmit_IRQHandler                 0x00000443   Thumb Code     0  startup_mk66f18.o(.text)
    FTFE_IRQHandler                          0x00000443   Thumb Code     0  startup_mk66f18.o(.text)
    FTM0_IRQHandler                          0x00000443   Thumb Code     0  startup_mk66f18.o(.text)
    FTM1_IRQHandler                          0x00000443   Thumb Code     0  startup_mk66f18.o(.text)
    FTM2_IRQHandler                          0x00000443   Thumb Code     0  startup_mk66f18.o(.text)
    FTM3_IRQHandler                          0x00000443   Thumb Code     0  startup_mk66f18.o(.text)
    I2C0_IRQHandler                          0x00000443   Thumb Code     0  startup_mk66f18.o(.text)
    I2C1_IRQHandler                          0x00000443   Thumb Code     0  startup_mk66f18.o(.text)
    I2C2_IRQHandler                          0x00000443   Thumb Code     0  startup_mk66f18.o(.text)
    I2C3_IRQHandler                          0x00000443   Thumb Code     0  startup_mk66f18.o(.text)
    I2S0_Rx_IRQHandler                       0x00000443   Thumb Code     0  startup_mk66f18.o(.text)
    I2S0_Tx_IRQHandler                       0x00000443   Thumb Code     0  startup_mk66f18.o(.text)
    LLWU_IRQHandler                          0x00000443   Thumb Code     0  startup_mk66f18.o(.text)
    LPTMR0_IRQHandler                        0x00000443   Thumb Code     0  startup_mk66f18.o(.text)
    LPUART0_IRQHandler                       0x00000443   Thumb Code     0  startup_mk66f18.o(.text)
    LVD_LVW_IRQHandler                       0x00000443   Thumb Code     0  startup_mk66f18.o(.text)
    MCG_IRQHandler                           0x00000443   Thumb Code     0  startup_mk66f18.o(.text)
    MCM_IRQHandler                           0x00000443   Thumb Code     0  startup_mk66f18.o(.text)
    PDB0_IRQHandler                          0x00000443   Thumb Code     0  startup_mk66f18.o(.text)
    PIT3_IRQHandler                          0x00000443   Thumb Code     0  startup_mk66f18.o(.text)
    PORTA_IRQHandler                         0x00000443   Thumb Code     0  startup_mk66f18.o(.text)
    PORTB_IRQHandler                         0x00000443   Thumb Code     0  startup_mk66f18.o(.text)
    PORTD_IRQHandler                         0x00000443   Thumb Code     0  startup_mk66f18.o(.text)
    RNG_IRQHandler                           0x00000443   Thumb Code     0  startup_mk66f18.o(.text)
    RTC_IRQHandler                           0x00000443   Thumb Code     0  startup_mk66f18.o(.text)
    RTC_Seconds_IRQHandler                   0x00000443   Thumb Code     0  startup_mk66f18.o(.text)
    Read_Collision_IRQHandler                0x00000443   Thumb Code     0  startup_mk66f18.o(.text)
    Reserved46_IRQHandler                    0x00000443   Thumb Code     0  startup_mk66f18.o(.text)
    Reserved71_IRQHandler                    0x00000443   Thumb Code     0  startup_mk66f18.o(.text)
    Reserved84_IRQHandler                    0x00000443   Thumb Code     0  startup_mk66f18.o(.text)
    Reserved85_IRQHandler                    0x00000443   Thumb Code     0  startup_mk66f18.o(.text)
    SDHC_IRQHandler                          0x00000443   Thumb Code     0  startup_mk66f18.o(.text)
    SPI0_IRQHandler                          0x00000443   Thumb Code     0  startup_mk66f18.o(.text)
    SPI1_IRQHandler                          0x00000443   Thumb Code     0  startup_mk66f18.o(.text)
    SPI2_IRQHandler                          0x00000443   Thumb Code     0  startup_mk66f18.o(.text)
    SWI_IRQHandler                           0x00000443   Thumb Code     0  startup_mk66f18.o(.text)
    TPM1_IRQHandler                          0x00000443   Thumb Code     0  startup_mk66f18.o(.text)
    TPM2_IRQHandler                          0x00000443   Thumb Code     0  startup_mk66f18.o(.text)
    TSI0_IRQHandler                          0x00000443   Thumb Code     0  startup_mk66f18.o(.text)
    UART0_ERR_IRQHandler                     0x00000443   Thumb Code     0  startup_mk66f18.o(.text)
    UART1_ERR_IRQHandler                     0x00000443   Thumb Code     0  startup_mk66f18.o(.text)
    UART1_RX_TX_IRQHandler                   0x00000443   Thumb Code     0  startup_mk66f18.o(.text)
    UART2_ERR_IRQHandler                     0x00000443   Thumb Code     0  startup_mk66f18.o(.text)
    UART2_RX_TX_IRQHandler                   0x00000443   Thumb Code     0  startup_mk66f18.o(.text)
    UART3_ERR_IRQHandler                     0x00000443   Thumb Code     0  startup_mk66f18.o(.text)
    UART4_ERR_IRQHandler                     0x00000443   Thumb Code     0  startup_mk66f18.o(.text)
    USB0_IRQHandler                          0x00000443   Thumb Code     0  startup_mk66f18.o(.text)
    USBDCD_IRQHandler                        0x00000443   Thumb Code     0  startup_mk66f18.o(.text)
    USBHSDCD_IRQHandler                      0x00000443   Thumb Code     0  startup_mk66f18.o(.text)
    USBHS_IRQHandler                         0x00000443   Thumb Code     0  startup_mk66f18.o(.text)
    WDOG_EWM_IRQHandler                      0x00000443   Thumb Code     0  startup_mk66f18.o(.text)
    __aeabi_dadd                             0x0000044d   Thumb Code   322  dadd.o(.text)
    __aeabi_dsub                             0x0000058f   Thumb Code     6  dadd.o(.text)
    __aeabi_drsub                            0x00000595   Thumb Code     6  dadd.o(.text)
    __aeabi_dmul                             0x0000059b   Thumb Code   228  dmul.o(.text)
    __aeabi_ddiv                             0x0000067f   Thumb Code   222  ddiv.o(.text)
    __aeabi_i2d                              0x0000075d   Thumb Code    34  dflti.o(.text)
    __aeabi_ui2d                             0x0000077f   Thumb Code    26  dfltui.o(.text)
    __aeabi_d2iz                             0x00000799   Thumb Code    62  dfixi.o(.text)
    __aeabi_d2uiz                            0x000007d7   Thumb Code    50  dfixui.o(.text)
    __aeabi_d2f                              0x00000809   Thumb Code    56  d2f.o(.text)
    __aeabi_llsl                             0x00000841   Thumb Code    30  llshl.o(.text)
    _ll_shift_l                              0x00000841   Thumb Code     0  llshl.o(.text)
    __aeabi_llsr                             0x0000085f   Thumb Code    32  llushr.o(.text)
    _ll_ushift_r                             0x0000085f   Thumb Code     0  llushr.o(.text)
    __aeabi_lasr                             0x0000087f   Thumb Code    36  llsshr.o(.text)
    _ll_sshift_r                             0x0000087f   Thumb Code     0  llsshr.o(.text)
    __I$use$fp                               0x000008a3   Thumb Code     0  iusefp.o(.text)
    _float_round                             0x000008a3   Thumb Code    18  fepilogue.o(.text)
    _float_epilogue                          0x000008b5   Thumb Code    92  fepilogue.o(.text)
    _double_round                            0x00000911   Thumb Code    30  depilogue.o(.text)
    _double_epilogue                         0x0000092f   Thumb Code   156  depilogue.o(.text)
    __scatterload                            0x000009cd   Thumb Code    28  init.o(.text)
    __scatterload_rt2                        0x000009cd   Thumb Code     0  init.o(.text)
    DMA0_IRQHandler                          0x000009f1   Thumb Code    14  isr.o(i.DMA0_IRQHandler)
    DMACNT_GetValue                          0x00000a05   Thumb Code    34  dmacnt.o(i.DMACNT_GetValue)
    DMACNT_Init                              0x00000a29   Thumb Code    78  dmacnt.o(i.DMACNT_Init)
    DMA_GetCurrDataCounter                   0x00000a85   Thumb Code    16  dmacnt.o(i.DMA_GetCurrDataCounter)
    DMA_SetCurrDataCounter                   0x00000a99   Thumb Code    14  dmacnt.o(i.DMA_SetCurrDataCounter)
    Disable_Wdog                             0x00000aad   Thumb Code    22  system_mk66.o(i.Disable_Wdog)
    Encoder_Init                             0x00000ac9   Thumb Code    40  encoder.o(i.Encoder_Init)
    FTM_port_mux                             0x00000af1   Thumb Code   264  ftm.o(i.FTM_port_mux)
    HC_SR04_Init                             0x00000bfd   Thumb Code    24  hc_sr04.o(i.HC_SR04_Init)
    Key_Check                                0x00000c15   Thumb Code   206  key.o(i.Key_Check)
    Key_Init                                 0x00000ce9   Thumb Code    64  key.o(i.Key_Init)
    Motor_Control                            0x00000d29   Thumb Code   168  motor.o(i.Motor_Control)
    Motor_Init                               0x00000df5   Thumb Code    68  motor.o(i.Motor_Init)
    Motor_stop                               0x00000e49   Thumb Code    78  motor.o(i.Motor_stop)
    NRF2401_Init                             0x00000eb9   Thumb Code   116  nrf2401.o(i.NRF2401_Init)
    NRF2401_RecData                          0x00000fe1   Thumb Code    54  nrf2401.o(i.NRF2401_RecData)
    NRF2401_SendData                         0x00001019   Thumb Code    86  nrf2401.o(i.NRF2401_SendData)
    NRF2401_SetRXMode                        0x00001079   Thumb Code   100  nrf2401.o(i.NRF2401_SetRXMode)
    NRF2401_SetTXMode                        0x000010e9   Thumb Code    92  nrf2401.o(i.NRF2401_SetTXMode)
    OLED_DLY_ms                              0x0000121b   Thumb Code    28  oled.o(i.OLED_DLY_ms)
    OLED_Fill                                0x00001237   Thumb Code    58  oled.o(i.OLED_Fill)
    OLED_HEXACSII                            0x00001271   Thumb Code    48  oled.o(i.OLED_HEXACSII)
    OLED_Init                                0x000012a1   Thumb Code   314  oled.o(i.OLED_Init)
    OLED_P6x8Str                             0x000013dd   Thumb Code    96  oled.o(i.OLED_P6x8Str)
    OLED_P8x16Str                            0x00001441   Thumb Code   130  oled.o(i.OLED_P8x16Str)
    OLED_Print_Num                           0x000014c9   Thumb Code    52  oled.o(i.OLED_Print_Num)
    OLED_Print_Num1                          0x000014fd   Thumb Code    84  oled.o(i.OLED_Print_Num1)
    OLED_Set_Pos                             0x00001559   Thumb Code    40  oled.o(i.OLED_Set_Pos)
    OLED_WrCmd                               0x00001581   Thumb Code    80  oled.o(i.OLED_WrCmd)
    OLED_WrDat                               0x000015d1   Thumb Code    80  oled.o(i.OLED_WrDat)
    PID_Calc                                 0x00001621   Thumb Code   178  control.o(i.PID_Calc)
    PID_init                                 0x000016d5   Thumb Code    34  control.o(i.PID_init)
    PIT0_IRQHandler                          0x000016fd   Thumb Code    14  isr.o(i.PIT0_IRQHandler)
    PIT1_IRQHandler                          0x00001711   Thumb Code    14  isr.o(i.PIT1_IRQHandler)
    PIT2_IRQHandler                          0x00001725   Thumb Code   166  isr.o(i.PIT2_IRQHandler)
    PORTC_IRQHandler                         0x000017e9   Thumb Code   212  isr.o(i.PORTC_IRQHandler)
    PORTE_IRQHandler                         0x000018d5   Thumb Code    10  isr.o(i.PORTE_IRQHandler)
    SYSTEM_CLK                               0x000018e5   Thumb Code   170  system_mk66.o(i.SYSTEM_CLK)
    Servo_Init                               0x0000199d   Thumb Code    18  servo.o(i.Servo_Init)
    SpeedGet                                 0x000019b5   Thumb Code    94  encoder.o(i.SpeedGet)
    Start                                    0x00001a2d   Thumb Code    34  system_mk66.o(i.Start)
    UART0_RX_TX_IRQHandler                   0x00001a55   Thumb Code    10  isr.o(i.UART0_RX_TX_IRQHandler)
    UART3_RX_TX_IRQHandler                   0x00001a65   Thumb Code    10  isr.o(i.UART3_RX_TX_IRQHandler)
    UART4_RX_TX_IRQHandler                   0x00001a75   Thumb Code    10  isr.o(i.UART4_RX_TX_IRQHandler)
    __scatterload_copy                       0x00001a85   Thumb Code    14  handlers.o(i.__scatterload_copy)
    __scatterload_null                       0x00001a93   Thumb Code     2  handlers.o(i.__scatterload_null)
    __scatterload_zeroinit                   0x00001a95   Thumb Code    14  handlers.o(i.__scatterload_zeroinit)
    buzzer_Init                              0x00001aa3   Thumb Code    14  buzzer.o(i.buzzer_Init)
    buzzer_Ring                              0x00001ab1   Thumb Code    22  buzzer.o(i.buzzer_Ring)
    car_init                                 0x00001b0d   Thumb Code   376  smartcar_init.o(i.car_init)
    dataReadAndAnalyze                       0x00001d15   Thumb Code    46  readdata.o(i.dataReadAndAnalyze)
    distance                                 0x00001d55   Thumb Code   170  hc_sr04.o(i.distance)
    div_set                                  0x00001e29   Thumb Code    68  system_mk66.o(i.div_set)
    dma_portx2buff_init_new2                 0x00001e75   Thumb Code   330  dma.o(i.dma_portx2buff_init_new2)
    ftm_pwm_duty                             0x00001fd5   Thumb Code    96  ftm.o(i.ftm_pwm_duty)
    ftm_pwm_init                             0x0000203d   Thumb Code   270  ftm.o(i.ftm_pwm_init)
    get_clk                                  0x00002159   Thumb Code    94  common.o(i.get_clk)
    gpio_init                                0x000021cd   Thumb Code   346  gpio.o(i.gpio_init)
    gpio_set                                 0x00002335   Thumb Code    66  gpio.o(i.gpio_set)
    main                                     0x0000237d   Thumb Code   744  main.o(i.main)
    pit_delay                                0x000026d1   Thumb Code   116  pit.o(i.pit_delay)
    pit_init                                 0x00002751   Thumb Code    78  pit.o(i.pit_init)
    pit_time_get                             0x000027ad   Thumb Code    78  pit.o(i.pit_time_get)
    pit_time_start                           0x00002801   Thumb Code    80  pit.o(i.pit_time_start)
    port_init                                0x0000285d   Thumb Code   102  port.o(i.port_init)
    port_init_NoAlt                          0x000028d1   Thumb Code    76  port.o(i.port_init_NoAlt)
    readData_init                            0x000029d1   Thumb Code   134  readdata.o(i.readData_init)
    sendToSlaveCar                           0x00002a59   Thumb Code    98  main.o(i.sendToSlaveCar)
    servoControl                             0x00002ac5   Thumb Code   318  servo.o(i.servoControl)
    systick_delay                            0x00002c39   Thumb Code    44  systick.o(i.systick_delay)
    systick_delay_ms                         0x00002c65   Thumb Code    32  systick.o(i.systick_delay_ms)
    uart_init                                0x00002c89   Thumb Code   452  uart.o(i.uart_init)
    TX_ADDRESS                               0x00002e60   Data           5  nrf2401.o(.constdata)
    RX_ADDRESS                               0x00002e65   Data           5  nrf2401.o(.constdata)
    F6x8                                     0x00002e6a   Data         552  oled.o(.constdata)
    F8X16                                    0x00003092   Data        1520  oled.o(.constdata)
    Region$$Table$$Base                      0x000036e4   Number         0  anon$$obj.o(Region$$Table)
    Region$$Table$$Limit                     0x00003704   Number         0  anon$$obj.o(Region$$Table)
    motor_LU                                 0x20000000   Data           2  motor.o(.data)
    motor_LD                                 0x20000002   Data           2  motor.o(.data)
    motor_RU                                 0x20000004   Data           2  motor.o(.data)
    motor_RD                                 0x20000006   Data           2  motor.o(.data)
    motor_left_speed_u                       0x20000008   Data           4  motor.o(.data)
    motor_left_speed_d                       0x2000000c   Data           4  motor.o(.data)
    motor_right_speed_u                      0x20000010   Data           4  motor.o(.data)
    motor_right_speed_d                      0x20000014   Data           4  motor.o(.data)
    servo_Mid                                0x20000018   Data           4  servo.o(.data)
    servo_Min                                0x2000001c   Data           2  servo.o(.data)
    servo_Max                                0x2000001e   Data           2  servo.o(.data)
    servo_KP                                 0x20000020   Data           2  servo.o(.data)
    servo_KD                                 0x20000022   Data           2  servo.o(.data)
    SteerPwmAdd                              0x20000024   Data           4  servo.o(.data)
    servoError                               0x20000028   Data           4  servo.o(.data)
    servoLastError                           0x2000002c   Data           4  servo.o(.data)
    CenterMeanValue                          0x20000030   Data           1  servo.o(.data)
    SteerPwm                                 0x20000034   Data           4  servo.o(.data)
    turn_flag                                0x20000038   Data           1  servo.o(.data)
    Speed_Left                               0x2000003c   Data           4  encoder.o(.data)
    Speed_Right                              0x20000040   Data           4  encoder.o(.data)
    stop_flag                                0x20000044   Data           1  encoder.o(.data)
    pid_speed_R                              0x20000048   Data           4  smartcar_init.o(.data)
    pid_speed_L                              0x2000004c   Data           4  smartcar_init.o(.data)
    speed_p_L                                0x20000050   Data           2  smartcar_init.o(.data)
    speed_p_R                                0x20000052   Data           2  smartcar_init.o(.data)
    speed_i                                  0x20000054   Data           2  smartcar_init.o(.data)
    speed_d                                  0x20000056   Data           2  smartcar_init.o(.data)
    SPEED                                    0x20000058   Data           2  smartcar_init.o(.data)
    NRF2401Channel                           0x2000005a   Data           1  nrf2401.o(.data)
    sign_buf                                 0x2000005b   Data           1  readdata.o(.data)
    Distance                                 0x2000005c   Data           4  hc_sr04.o(.data)
    timevar                                  0x20000060   Data           4  hc_sr04.o(.data)
    PwmL_Forward                             0x20000064   Data           4  isr.o(.data)
    PwmR_Forward                             0x20000068   Data           4  isr.o(.data)
    scount                                   0x2000006c   Data           4  isr.o(.data)
    wanted_speed                             0x20000070   Data           4  main.o(.data)
    SpeedUpRight                             0x20000074   Data           4  main.o(.data)
    SpeedUpLeft                              0x20000078   Data           4  main.o(.data)
    signal_flag                              0x2000007d   Data           1  main.o(.data)
    stop_cnt                                 0x2000007e   Data           2  main.o(.data)
    stopsign_flag                            0x20000080   Data           1  main.o(.data)
    distance_stop                            0x20000081   Data           1  main.o(.data)
    mcgout_clk_mhz                           0x20000084   Data           4  common.o(.data)
    core_clk_mhz                             0x20000088   Data           4  common.o(.data)
    bus_clk_mhz                              0x2000008c   Data           4  common.o(.data)
    Dummy                                    0x20000090   Data           1  dmacnt.o(.data)
    period                                   0x20000092   Data           6  ftm.o(.data)
    uart                                     0x20000098   Data          20  uart.o(.data)
    speed_R                                  0x200000ac   Data          32  smartcar_init.o(.bss)
    speed_L                                  0x200000cc   Data          32  smartcar_init.o(.bss)
    NRF2401TXBuffer                          0x200000ec   Data          32  nrf2401.o(.bss)
    NRF2401RXBuffer                          0x2000010c   Data          32  nrf2401.o(.bss)
    WirelessReceiveStorage                   0x2000012c   Data          32  nrf2401.o(.bss)
    __initial_sp                             0x20000550   Data           0  startup_mk66f18.o(STACK)



==============================================================================

Memory Map of the image

  Image Entry point : 0x00000411

  Load Region LR_IROM1 (Base: 0x00000000, Size: 0x000037b0, Max: 0x00100000, ABSOLUTE)

    Execution Region ER_IROM1 (Exec base: 0x00000000, Load base: 0x00000000, Size: 0x00003704, Max: 0x00100000, ABSOLUTE)

    Exec Addr    Load Addr    Size         Type   Attr      Idx    E Section Name        Object

    0x00000000   0x00000000   0x00000400   Data   RO            3    RESET               startup_mk66f18.o
    0x00000400   0x00000400   0x00000010   Code   RO            4    .ARM.__at_0x400     startup_mk66f18.o
    0x00000410   0x00000410   0x00000000   Code   RO         1304  * .ARM.Collect$$$$00000000  mc_w.l(entry.o)
    0x00000410   0x00000410   0x00000004   Code   RO         1323    .ARM.Collect$$$$00000001  mc_w.l(entry2.o)
    0x00000414   0x00000414   0x00000004   Code   RO         1326    .ARM.Collect$$$$00000004  mc_w.l(entry5.o)
    0x00000418   0x00000418   0x00000000   Code   RO         1328    .ARM.Collect$$$$00000008  mc_w.l(entry7b.o)
    0x00000418   0x00000418   0x00000000   Code   RO         1330    .ARM.Collect$$$$0000000A  mc_w.l(entry8b.o)
    0x00000418   0x00000418   0x00000008   Code   RO         1331    .ARM.Collect$$$$0000000B  mc_w.l(entry9a.o)
    0x00000420   0x00000420   0x00000000   Code   RO         1333    .ARM.Collect$$$$0000000D  mc_w.l(entry10a.o)
    0x00000420   0x00000420   0x00000000   Code   RO         1335    .ARM.Collect$$$$0000000F  mc_w.l(entry11a.o)
    0x00000420   0x00000420   0x00000004   Code   RO         1324    .ARM.Collect$$$$00002712  mc_w.l(entry2.o)
    0x00000424   0x00000424   0x00000028   Code   RO            5    .text               startup_mk66f18.o
    0x0000044c   0x0000044c   0x0000014e   Code   RO         1307    .text               mf_w.l(dadd.o)
    0x0000059a   0x0000059a   0x000000e4   Code   RO         1309    .text               mf_w.l(dmul.o)
    0x0000067e   0x0000067e   0x000000de   Code   RO         1311    .text               mf_w.l(ddiv.o)
    0x0000075c   0x0000075c   0x00000022   Code   RO         1313    .text               mf_w.l(dflti.o)
    0x0000077e   0x0000077e   0x0000001a   Code   RO         1315    .text               mf_w.l(dfltui.o)
    0x00000798   0x00000798   0x0000003e   Code   RO         1317    .text               mf_w.l(dfixi.o)
    0x000007d6   0x000007d6   0x00000032   Code   RO         1319    .text               mf_w.l(dfixui.o)
    0x00000808   0x00000808   0x00000038   Code   RO         1321    .text               mf_w.l(d2f.o)
    0x00000840   0x00000840   0x0000001e   Code   RO         1337    .text               mc_w.l(llshl.o)
    0x0000085e   0x0000085e   0x00000020   Code   RO         1339    .text               mc_w.l(llushr.o)
    0x0000087e   0x0000087e   0x00000024   Code   RO         1341    .text               mc_w.l(llsshr.o)
    0x000008a2   0x000008a2   0x00000000   Code   RO         1343    .text               mc_w.l(iusefp.o)
    0x000008a2   0x000008a2   0x0000006e   Code   RO         1344    .text               mf_w.l(fepilogue.o)
    0x00000910   0x00000910   0x000000ba   Code   RO         1346    .text               mf_w.l(depilogue.o)
    0x000009ca   0x000009ca   0x00000002   PAD
    0x000009cc   0x000009cc   0x00000024   Code   RO         1348    .text               mc_w.l(init.o)
    0x000009f0   0x000009f0   0x00000014   Code   RO          720    i.DMA0_IRQHandler   isr.o
    0x00000a04   0x00000a04   0x00000022   Code   RO          897    i.DMACNT_GetValue   dmacnt.o
    0x00000a26   0x00000a26   0x00000002   PAD
    0x00000a28   0x00000a28   0x0000005c   Code   RO          898    i.DMACNT_Init       dmacnt.o
    0x00000a84   0x00000a84   0x00000014   Code   RO          899    i.DMA_GetCurrDataCounter  dmacnt.o
    0x00000a98   0x00000a98   0x00000014   Code   RO          900    i.DMA_SetCurrDataCounter  dmacnt.o
    0x00000aac   0x00000aac   0x0000001c   Code   RO           15    i.Disable_Wdog      system_mk66.o
    0x00000ac8   0x00000ac8   0x00000028   Code   RO          287    i.Encoder_Init      encoder.o
    0x00000af0   0x00000af0   0x0000010c   Code   RO          942    i.FTM_port_mux      ftm.o
    0x00000bfc   0x00000bfc   0x00000018   Code   RO          687    i.HC_SR04_Init      hc_sr04.o
    0x00000c14   0x00000c14   0x000000d4   Code   RO          395    i.Key_Check         key.o
    0x00000ce8   0x00000ce8   0x00000040   Code   RO          396    i.Key_Init          key.o
    0x00000d28   0x00000d28   0x000000cc   Code   RO           99    i.Motor_Control     motor.o
    0x00000df4   0x00000df4   0x00000054   Code   RO          100    i.Motor_Init        motor.o
    0x00000e48   0x00000e48   0x00000070   Code   RO          101    i.Motor_stop        motor.o
    0x00000eb8   0x00000eb8   0x00000084   Code   RO          421    i.NRF2401_Init      nrf2401.o
    0x00000f3c   0x00000f3c   0x0000003c   Code   RO          422    i.NRF2401_ReadBuffer  nrf2401.o
    0x00000f78   0x00000f78   0x00000040   Code   RO          423    i.NRF2401_ReadWriteByte  nrf2401.o
    0x00000fb8   0x00000fb8   0x00000028   Code   RO          424    i.NRF2401_ReadWriteReg  nrf2401.o
    0x00000fe0   0x00000fe0   0x00000036   Code   RO          425    i.NRF2401_RecData   nrf2401.o
    0x00001016   0x00001016   0x00000002   PAD
    0x00001018   0x00001018   0x00000060   Code   RO          426    i.NRF2401_SendData  nrf2401.o
    0x00001078   0x00001078   0x00000070   Code   RO          428    i.NRF2401_SetRXMode  nrf2401.o
    0x000010e8   0x000010e8   0x0000006c   Code   RO          429    i.NRF2401_SetTXMode  nrf2401.o
    0x00001154   0x00001154   0x0000003c   Code   RO          430    i.NRF2401_WriteBuffer  nrf2401.o
    0x00001190   0x00001190   0x00000044   Code   RO          431    i.NRF24L01_Check    nrf2401.o
    0x000011d4   0x000011d4   0x00000018   Code   RO          432    i.NVIC_DisableIRQ   nrf2401.o
    0x000011ec   0x000011ec   0x00000018   Code   RO          796    i.NVIC_DisableIRQ   main.o
    0x00001204   0x00001204   0x00000016   Code   RO          797    i.NVIC_EnableIRQ    main.o
    0x0000121a   0x0000121a   0x0000001c   Code   RO          514    i.OLED_DLY_ms       oled.o
    0x00001236   0x00001236   0x0000003a   Code   RO          515    i.OLED_Fill         oled.o
    0x00001270   0x00001270   0x00000030   Code   RO          516    i.OLED_HEXACSII     oled.o
    0x000012a0   0x000012a0   0x0000013a   Code   RO          517    i.OLED_Init         oled.o
    0x000013da   0x000013da   0x00000002   PAD
    0x000013dc   0x000013dc   0x00000064   Code   RO          518    i.OLED_P6x8Str      oled.o
    0x00001440   0x00001440   0x00000088   Code   RO          519    i.OLED_P8x16Str     oled.o
    0x000014c8   0x000014c8   0x00000034   Code   RO          520    i.OLED_Print_Num    oled.o
    0x000014fc   0x000014fc   0x0000005c   Code   RO          521    i.OLED_Print_Num1   oled.o
    0x00001558   0x00001558   0x00000028   Code   RO          523    i.OLED_Set_Pos      oled.o
    0x00001580   0x00001580   0x00000050   Code   RO          525    i.OLED_WrCmd        oled.o
    0x000015d0   0x000015d0   0x00000050   Code   RO          526    i.OLED_WrDat        oled.o
    0x00001620   0x00001620   0x000000b2   Code   RO          626    i.PID_Calc          control.o
    0x000016d2   0x000016d2   0x00000002   PAD
    0x000016d4   0x000016d4   0x00000028   Code   RO          627    i.PID_init          control.o
    0x000016fc   0x000016fc   0x00000014   Code   RO          721    i.PIT0_IRQHandler   isr.o
    0x00001710   0x00001710   0x00000014   Code   RO          722    i.PIT1_IRQHandler   isr.o
    0x00001724   0x00001724   0x000000c4   Code   RO          723    i.PIT2_IRQHandler   isr.o
    0x000017e8   0x000017e8   0x000000ec   Code   RO          724    i.PORTC_IRQHandler  isr.o
    0x000018d4   0x000018d4   0x00000010   Code   RO          725    i.PORTE_IRQHandler  isr.o
    0x000018e4   0x000018e4   0x000000b8   Code   RO           16    i.SYSTEM_CLK        system_mk66.o
    0x0000199c   0x0000199c   0x00000018   Code   RO          240    i.Servo_Init        servo.o
    0x000019b4   0x000019b4   0x00000078   Code   RO          288    i.SpeedGet          encoder.o
    0x00001a2c   0x00001a2c   0x00000028   Code   RO           17    i.Start             system_mk66.o
    0x00001a54   0x00001a54   0x00000010   Code   RO          726    i.UART0_RX_TX_IRQHandler  isr.o
    0x00001a64   0x00001a64   0x00000010   Code   RO          727    i.UART3_RX_TX_IRQHandler  isr.o
    0x00001a74   0x00001a74   0x00000010   Code   RO          728    i.UART4_RX_TX_IRQHandler  isr.o
    0x00001a84   0x00001a84   0x0000000e   Code   RO         1352    i.__scatterload_copy  mc_w.l(handlers.o)
    0x00001a92   0x00001a92   0x00000002   Code   RO         1353    i.__scatterload_null  mc_w.l(handlers.o)
    0x00001a94   0x00001a94   0x0000000e   Code   RO         1354    i.__scatterload_zeroinit  mc_w.l(handlers.o)
    0x00001aa2   0x00001aa2   0x0000000e   Code   RO          369    i.buzzer_Init       buzzer.o
    0x00001ab0   0x00001ab0   0x0000001c   Code   RO          370    i.buzzer_Ring       buzzer.o
    0x00001acc   0x00001acc   0x00000040   Code   RO          319    i.car_communication_init  smartcar_init.o
    0x00001b0c   0x00001b0c   0x000001bc   Code   RO          320    i.car_init          smartcar_init.o
    0x00001cc8   0x00001cc8   0x0000004c   Code   RO          321    i.car_interrupt_init  smartcar_init.o
    0x00001d14   0x00001d14   0x00000040   Code   RO          652    i.dataReadAndAnalyze  readdata.o
    0x00001d54   0x00001d54   0x000000d4   Code   RO          688    i.distance          hc_sr04.o
    0x00001e28   0x00001e28   0x0000004c   Code   RO           18    i.div_set           system_mk66.o
    0x00001e74   0x00001e74   0x00000160   Code   RO          864    i.dma_portx2buff_init_new2  dma.o
    0x00001fd4   0x00001fd4   0x00000068   Code   RO          946    i.ftm_pwm_duty      ftm.o
    0x0000203c   0x0000203c   0x0000011c   Code   RO          948    i.ftm_pwm_init      ftm.o
    0x00002158   0x00002158   0x00000074   Code   RO          836    i.get_clk           common.o
    0x000021cc   0x000021cc   0x00000168   Code   RO         1029    i.gpio_init         gpio.o
    0x00002334   0x00002334   0x00000048   Code   RO         1030    i.gpio_set          gpio.o
    0x0000237c   0x0000237c   0x0000031c   Code   RO          798    i.main              main.o
    0x00002698   0x00002698   0x00000038   Code   RO          322    i.motorSet          smartcar_init.o
    0x000026d0   0x000026d0   0x00000080   Code   RO         1074    i.pit_delay         pit.o
    0x00002750   0x00002750   0x0000005c   Code   RO         1075    i.pit_init          pit.o
    0x000027ac   0x000027ac   0x00000054   Code   RO         1076    i.pit_time_get      pit.o
    0x00002800   0x00002800   0x0000005c   Code   RO         1077    i.pit_time_start    pit.o
    0x0000285c   0x0000285c   0x00000074   Code   RO         1120    i.port_init         port.o
    0x000028d0   0x000028d0   0x00000054   Code   RO         1121    i.port_init_NoAlt   port.o
    0x00002924   0x00002924   0x000000ac   Code   RO          653    i.readData          readdata.o
    0x000029d0   0x000029d0   0x00000086   Code   RO          654    i.readData_init     readdata.o
    0x00002a56   0x00002a56   0x00000002   PAD
    0x00002a58   0x00002a58   0x0000006c   Code   RO          799    i.sendToSlaveCar    main.o
    0x00002ac4   0x00002ac4   0x00000174   Code   RO          242    i.servoControl      servo.o
    0x00002c38   0x00002c38   0x0000002c   Code   RO         1148    i.systick_delay     systick.o
    0x00002c64   0x00002c64   0x00000024   Code   RO         1149    i.systick_delay_ms  systick.o
    0x00002c88   0x00002c88   0x000001d8   Code   RO         1193    i.uart_init         uart.o
    0x00002e60   0x00002e60   0x0000000a   Data   RO          434    .constdata          nrf2401.o
    0x00002e6a   0x00002e6a   0x00000818   Data   RO          529    .constdata          oled.o
    0x00003682   0x00003682   0x00000002   PAD
    0x00003684   0x00003684   0x00000010   Data   RO          952    .constdata          ftm.o
    0x00003694   0x00003694   0x00000028   Data   RO         1032    .constdata          gpio.o
    0x000036bc   0x000036bc   0x00000028   Data   RO         1122    .constdata          port.o
    0x000036e4   0x000036e4   0x00000020   Data   RO         1350    Region$$Table       anon$$obj.o


    Execution Region RW_IRAM1 (Exec base: 0x20000000, Load base: 0x00003704, Size: 0x00000550, Max: 0x00030000, ABSOLUTE)

    Exec Addr    Load Addr    Size         Type   Attr      Idx    E Section Name        Object

    0x20000000   0x00003704   0x00000018   Data   RW          102    .data               motor.o
    0x20000018   0x0000371c   0x00000021   Data   RW          243    .data               servo.o
    0x20000039   0x0000373d   0x00000003   PAD
    0x2000003c   0x00003740   0x0000000b   Data   RW          289    .data               encoder.o
    0x20000047   0x0000374b   0x00000001   PAD
    0x20000048   0x0000374c   0x00000012   Data   RW          324    .data               smartcar_init.o
    0x2000005a   0x0000375e   0x00000001   Data   RW          435    .data               nrf2401.o
    0x2000005b   0x0000375f   0x00000001   Data   RW          655    .data               readdata.o
    0x2000005c   0x00003760   0x00000008   Data   RW          689    .data               hc_sr04.o
    0x20000064   0x00003768   0x0000000c   Data   RW          729    .data               isr.o
    0x20000070   0x00003774   0x00000012   Data   RW          800    .data               main.o
    0x20000082   0x00003786   0x00000002   PAD
    0x20000084   0x00003788   0x0000000c   Data   RW          837    .data               common.o
    0x20000090   0x00003794   0x00000001   Data   RW          901    .data               dmacnt.o
    0x20000091   0x00003795   0x00000001   PAD
    0x20000092   0x00003796   0x00000006   Data   RW          953    .data               ftm.o
    0x20000098   0x0000379c   0x00000014   Data   RW         1202    .data               uart.o
    0x200000ac        -       0x00000040   Zero   RW          323    .bss                smartcar_init.o
    0x200000ec        -       0x00000060   Zero   RW          433    .bss                nrf2401.o
    0x2000014c   0x000037b0   0x00000004   PAD
    0x20000150        -       0x00000400   Zero   RW            1    STACK               startup_mk66f18.o


==============================================================================

Image component sizes


      Code (inc. data)   RO Data    RW Data    ZI Data      Debug   Object Name

        42          6          0          0          0        988   buzzer.o
       116         22          0         12          0       2828   common.o
       218          6          0          0          0       1338   control.o
       352         22          0          0          0       3179   dma.o
       166         24          0          1          0      27369   dmacnt.o
       160         26          0         11          0       1385   encoder.o
       656         34         16          6          0       4038   ftm.o
       432         20         40          0          0       1831   gpio.o
       236         42          0          8          0       1381   hc_sr04.o
       556         96          0         12          0      29695   isr.o
       276          6          0          0          0       1191   key.o
       950         68          0         18          0       2969   main.o
       400         86          0         24          0     729349   motor.o
       818         90         10          1         96      32477   nrf2401.o
      1028         18       2072          0          0       8114   oled.o
       396         44          0          0          0       3039   pit.o
       200         22         40          0          0       1742   port.o
       370         40          0          1          0       2024   readdata.o
       396         60          0         33          0       1779   servo.o
       640        124          0         18         64      27987   smartcar_init.o
        56         24       1024          0       1024       1136   startup_mk66f18.o
       328         34          0          0          0     730224   system_mk66.o
        80          4          0          0          0       1103   systick.o
       472         26          0         20          0       1379   uart.o

    ----------------------------------------------------------------------
      9354        944       3236        172       1188    1618545   Object Totals
         0          0         32          0          0          0   (incl. Generated)
        10          0          2          7          4          0   (incl. Padding)

    ----------------------------------------------------------------------

      Code (inc. data)   RO Data    RW Data    ZI Data      Debug   Library Member Name

         0          0          0          0          0          0   entry.o
         0          0          0          0          0          0   entry10a.o
         0          0          0          0          0          0   entry11a.o
         8          4          0          0          0          0   entry2.o
         4          0          0          0          0          0   entry5.o
         0          0          0          0          0          0   entry7b.o
         0          0          0          0          0          0   entry8b.o
         8          4          0          0          0          0   entry9a.o
        30          0          0          0          0          0   handlers.o
        36          8          0          0          0         68   init.o
         0          0          0          0          0          0   iusefp.o
        30          0          0          0          0         68   llshl.o
        36          0          0          0          0         68   llsshr.o
        32          0          0          0          0         68   llushr.o
        56          0          0          0          0         88   d2f.o
       334          0          0          0          0        148   dadd.o
       222          0          0          0          0        100   ddiv.o
       186          0          0          0          0        176   depilogue.o
        62          0          0          0          0         80   dfixi.o
        50          0          0          0          0         76   dfixui.o
        34          0          0          0          0         76   dflti.o
        26          0          0          0          0         76   dfltui.o
       228          0          0          0          0         96   dmul.o
       110          0          0          0          0        168   fepilogue.o

    ----------------------------------------------------------------------
      1494         16          0          0          0       1356   Library Totals
         2          0          0          0          0          0   (incl. Padding)

    ----------------------------------------------------------------------

      Code (inc. data)   RO Data    RW Data    ZI Data      Debug   Library Name

       184         16          0          0          0        272   mc_w.l
      1308          0          0          0          0       1084   mf_w.l

    ----------------------------------------------------------------------
      1494         16          0          0          0       1356   Library Totals

    ----------------------------------------------------------------------

==============================================================================


      Code (inc. data)   RO Data    RW Data    ZI Data      Debug   

     10848        960       3236        172       1188    1612081   Grand Totals
     10848        960       3236        172       1188    1612081   ELF Image Totals
     10848        960       3236        172          0          0   ROM Totals

==============================================================================

    Total RO  Size (Code + RO Data)                14084 (  13.75kB)
    Total RW  Size (RW Data + ZI Data)              1360 (   1.33kB)
    Total ROM Size (Code + RO Data + RW Data)      14256 (  13.92kB)

==============================================================================

