<!doctype html public "-//w3c//dtd html 4.0 transitional//en">
<html><head>
<title>Static Call Graph - [..\OBJ\MK66_HDU.axf]</title></head>
<body><HR>
<H1>Static Call Graph for image ..\OBJ\MK66_HDU.axf</H1><HR>
<BR><P>#&#060CALLGRAPH&#062# ARM Linker, 5060750: Last Updated: Sat Sep 12 20:11:46 2020
<BR><P>
<H3>Maximum Stack Usage =        100 bytes + Unknown(Cycles, Untraceable Function Pointers)</H3><H3>
Call chain for Maximum Stack Depth:</H3>
main &rArr; car_init &rArr; car_communication_init &rArr; OLED_P6x8Str &rArr; OLED_Set_Pos &rArr; OLED_WrCmd &rArr; gpio_set
<P>
<H3>
Mutually Recursive functions
</H3> <LI><a href="#[1]">NMI_Handler</a>&nbsp;&nbsp;&nbsp;&rArr;&nbsp;&nbsp;&nbsp;<a href="#[1]">NMI_Handler</a><BR>
 <LI><a href="#[2]">HardFault_Handler</a>&nbsp;&nbsp;&nbsp;&rArr;&nbsp;&nbsp;&nbsp;<a href="#[2]">HardFault_Handler</a><BR>
 <LI><a href="#[3]">MemManage_Handler</a>&nbsp;&nbsp;&nbsp;&rArr;&nbsp;&nbsp;&nbsp;<a href="#[3]">MemManage_Handler</a><BR>
 <LI><a href="#[4]">BusFault_Handler</a>&nbsp;&nbsp;&nbsp;&rArr;&nbsp;&nbsp;&nbsp;<a href="#[4]">BusFault_Handler</a><BR>
 <LI><a href="#[5]">UsageFault_Handler</a>&nbsp;&nbsp;&nbsp;&rArr;&nbsp;&nbsp;&nbsp;<a href="#[5]">UsageFault_Handler</a><BR>
 <LI><a href="#[6]">SVC_Handler</a>&nbsp;&nbsp;&nbsp;&rArr;&nbsp;&nbsp;&nbsp;<a href="#[6]">SVC_Handler</a><BR>
 <LI><a href="#[7]">DebugMon_Handler</a>&nbsp;&nbsp;&nbsp;&rArr;&nbsp;&nbsp;&nbsp;<a href="#[7]">DebugMon_Handler</a><BR>
 <LI><a href="#[8]">PendSV_Handler</a>&nbsp;&nbsp;&nbsp;&rArr;&nbsp;&nbsp;&nbsp;<a href="#[8]">PendSV_Handler</a><BR>
 <LI><a href="#[9]">SysTick_Handler</a>&nbsp;&nbsp;&nbsp;&rArr;&nbsp;&nbsp;&nbsp;<a href="#[9]">SysTick_Handler</a><BR>
</UL>
<P>
<H3>
Function Pointers
</H3><UL>
 <LI><a href="#[31]">ADC0_IRQHandler</a> from startup_mk66f18.o(.text) referenced from startup_mk66f18.o(RESET)
 <LI><a href="#[53]">ADC1_IRQHandler</a> from startup_mk66f18.o(.text) referenced from startup_mk66f18.o(RESET)
 <LI><a href="#[4]">BusFault_Handler</a> from startup_mk66f18.o(.text) referenced from startup_mk66f18.o(RESET)
 <LI><a href="#[56]">CAN0_Bus_Off_IRQHandler</a> from startup_mk66f18.o(.text) referenced from startup_mk66f18.o(RESET)
 <LI><a href="#[57]">CAN0_Error_IRQHandler</a> from startup_mk66f18.o(.text) referenced from startup_mk66f18.o(RESET)
 <LI><a href="#[55]">CAN0_ORed_Message_buffer_IRQHandler</a> from startup_mk66f18.o(.text) referenced from startup_mk66f18.o(RESET)
 <LI><a href="#[59]">CAN0_Rx_Warning_IRQHandler</a> from startup_mk66f18.o(.text) referenced from startup_mk66f18.o(RESET)
 <LI><a href="#[58]">CAN0_Tx_Warning_IRQHandler</a> from startup_mk66f18.o(.text) referenced from startup_mk66f18.o(RESET)
 <LI><a href="#[5a]">CAN0_Wake_Up_IRQHandler</a> from startup_mk66f18.o(.text) referenced from startup_mk66f18.o(RESET)
 <LI><a href="#[69]">CAN1_Bus_Off_IRQHandler</a> from startup_mk66f18.o(.text) referenced from startup_mk66f18.o(RESET)
 <LI><a href="#[6a]">CAN1_Error_IRQHandler</a> from startup_mk66f18.o(.text) referenced from startup_mk66f18.o(RESET)
 <LI><a href="#[68]">CAN1_ORed_Message_buffer_IRQHandler</a> from startup_mk66f18.o(.text) referenced from startup_mk66f18.o(RESET)
 <LI><a href="#[6c]">CAN1_Rx_Warning_IRQHandler</a> from startup_mk66f18.o(.text) referenced from startup_mk66f18.o(RESET)
 <LI><a href="#[6b]">CAN1_Tx_Warning_IRQHandler</a> from startup_mk66f18.o(.text) referenced from startup_mk66f18.o(RESET)
 <LI><a href="#[6d]">CAN1_Wake_Up_IRQHandler</a> from startup_mk66f18.o(.text) referenced from startup_mk66f18.o(RESET)
 <LI><a href="#[32]">CMP0_IRQHandler</a> from startup_mk66f18.o(.text) referenced from startup_mk66f18.o(RESET)
 <LI><a href="#[33]">CMP1_IRQHandler</a> from startup_mk66f18.o(.text) referenced from startup_mk66f18.o(RESET)
 <LI><a href="#[50]">CMP2_IRQHandler</a> from startup_mk66f18.o(.text) referenced from startup_mk66f18.o(RESET)
 <LI><a href="#[66]">CMP3_IRQHandler</a> from startup_mk66f18.o(.text) referenced from startup_mk66f18.o(RESET)
 <LI><a href="#[37]">CMT_IRQHandler</a> from startup_mk66f18.o(.text) referenced from startup_mk66f18.o(RESET)
 <LI><a href="#[42]">DAC0_IRQHandler</a> from startup_mk66f18.o(.text) referenced from startup_mk66f18.o(RESET)
 <LI><a href="#[52]">DAC1_IRQHandler</a> from startup_mk66f18.o(.text) referenced from startup_mk66f18.o(RESET)
 <LI><a href="#[a]">DMA0_IRQHandler</a> from isr.o(i.DMA0_IRQHandler) referenced from startup_mk66f18.o(RESET)
 <LI><a href="#[14]">DMA10_IRQHandler</a> from startup_mk66f18.o(.text) referenced from startup_mk66f18.o(RESET)
 <LI><a href="#[15]">DMA11_IRQHandler</a> from startup_mk66f18.o(.text) referenced from startup_mk66f18.o(RESET)
 <LI><a href="#[16]">DMA12_IRQHandler</a> from startup_mk66f18.o(.text) referenced from startup_mk66f18.o(RESET)
 <LI><a href="#[17]">DMA13_IRQHandler</a> from startup_mk66f18.o(.text) referenced from startup_mk66f18.o(RESET)
 <LI><a href="#[18]">DMA14_IRQHandler</a> from startup_mk66f18.o(.text) referenced from startup_mk66f18.o(RESET)
 <LI><a href="#[19]">DMA15_IRQHandler</a> from startup_mk66f18.o(.text) referenced from startup_mk66f18.o(RESET)
 <LI><a href="#[b]">DMA1_IRQHandler</a> from startup_mk66f18.o(.text) referenced from startup_mk66f18.o(RESET)
 <LI><a href="#[c]">DMA2_IRQHandler</a> from startup_mk66f18.o(.text) referenced from startup_mk66f18.o(RESET)
 <LI><a href="#[d]">DMA3_IRQHandler</a> from startup_mk66f18.o(.text) referenced from startup_mk66f18.o(RESET)
 <LI><a href="#[e]">DMA4_IRQHandler</a> from startup_mk66f18.o(.text) referenced from startup_mk66f18.o(RESET)
 <LI><a href="#[f]">DMA5_IRQHandler</a> from startup_mk66f18.o(.text) referenced from startup_mk66f18.o(RESET)
 <LI><a href="#[10]">DMA6_IRQHandler</a> from startup_mk66f18.o(.text) referenced from startup_mk66f18.o(RESET)
 <LI><a href="#[11]">DMA7_IRQHandler</a> from startup_mk66f18.o(.text) referenced from startup_mk66f18.o(RESET)
 <LI><a href="#[12]">DMA8_IRQHandler</a> from startup_mk66f18.o(.text) referenced from startup_mk66f18.o(RESET)
 <LI><a href="#[13]">DMA9_IRQHandler</a> from startup_mk66f18.o(.text) referenced from startup_mk66f18.o(RESET)
 <LI><a href="#[1a]">DMA_Error_IRQHandler</a> from startup_mk66f18.o(.text) referenced from startup_mk66f18.o(RESET)
 <LI><a href="#[7]">DebugMon_Handler</a> from startup_mk66f18.o(.text) referenced from startup_mk66f18.o(RESET)
 <LI><a href="#[6e]">DefaultISR</a> from startup_mk66f18.o(.text) referenced 139 times from startup_mk66f18.o(RESET)
 <LI><a href="#[5c]">ENET_1588_Timer_IRQHandler</a> from startup_mk66f18.o(.text) referenced from startup_mk66f18.o(RESET)
 <LI><a href="#[5f]">ENET_Error_IRQHandler</a> from startup_mk66f18.o(.text) referenced from startup_mk66f18.o(RESET)
 <LI><a href="#[5e]">ENET_Receive_IRQHandler</a> from startup_mk66f18.o(.text) referenced from startup_mk66f18.o(RESET)
 <LI><a href="#[5d]">ENET_Transmit_IRQHandler</a> from startup_mk66f18.o(.text) referenced from startup_mk66f18.o(RESET)
 <LI><a href="#[1c]">FTFE_IRQHandler</a> from startup_mk66f18.o(.text) referenced from startup_mk66f18.o(RESET)
 <LI><a href="#[34]">FTM0_IRQHandler</a> from startup_mk66f18.o(.text) referenced from startup_mk66f18.o(RESET)
 <LI><a href="#[35]">FTM1_IRQHandler</a> from startup_mk66f18.o(.text) referenced from startup_mk66f18.o(RESET)
 <LI><a href="#[36]">FTM2_IRQHandler</a> from startup_mk66f18.o(.text) referenced from startup_mk66f18.o(RESET)
 <LI><a href="#[51]">FTM3_IRQHandler</a> from startup_mk66f18.o(.text) referenced from startup_mk66f18.o(RESET)
 <LI><a href="#[2]">HardFault_Handler</a> from startup_mk66f18.o(.text) referenced from startup_mk66f18.o(RESET)
 <LI><a href="#[22]">I2C0_IRQHandler</a> from startup_mk66f18.o(.text) referenced from startup_mk66f18.o(RESET)
 <LI><a href="#[23]">I2C1_IRQHandler</a> from startup_mk66f18.o(.text) referenced from startup_mk66f18.o(RESET)
 <LI><a href="#[54]">I2C2_IRQHandler</a> from startup_mk66f18.o(.text) referenced from startup_mk66f18.o(RESET)
 <LI><a href="#[65]">I2C3_IRQHandler</a> from startup_mk66f18.o(.text) referenced from startup_mk66f18.o(RESET)
 <LI><a href="#[27]">I2S0_Rx_IRQHandler</a> from startup_mk66f18.o(.text) referenced from startup_mk66f18.o(RESET)
 <LI><a href="#[26]">I2S0_Tx_IRQHandler</a> from startup_mk66f18.o(.text) referenced from startup_mk66f18.o(RESET)
 <LI><a href="#[1f]">LLWU_IRQHandler</a> from startup_mk66f18.o(.text) referenced from startup_mk66f18.o(RESET)
 <LI><a href="#[44]">LPTMR0_IRQHandler</a> from startup_mk66f18.o(.text) referenced from startup_mk66f18.o(RESET)
 <LI><a href="#[60]">LPUART0_IRQHandler</a> from startup_mk66f18.o(.text) referenced from startup_mk66f18.o(RESET)
 <LI><a href="#[1e]">LVD_LVW_IRQHandler</a> from startup_mk66f18.o(.text) referenced from startup_mk66f18.o(RESET)
 <LI><a href="#[43]">MCG_IRQHandler</a> from startup_mk66f18.o(.text) referenced from startup_mk66f18.o(RESET)
 <LI><a href="#[1b]">MCM_IRQHandler</a> from startup_mk66f18.o(.text) referenced from startup_mk66f18.o(RESET)
 <LI><a href="#[3]">MemManage_Handler</a> from startup_mk66f18.o(.text) referenced from startup_mk66f18.o(RESET)
 <LI><a href="#[1]">NMI_Handler</a> from startup_mk66f18.o(.text) referenced from startup_mk66f18.o(RESET)
 <LI><a href="#[3e]">PDB0_IRQHandler</a> from startup_mk66f18.o(.text) referenced from startup_mk66f18.o(RESET)
 <LI><a href="#[3a]">PIT0_IRQHandler</a> from isr.o(i.PIT0_IRQHandler) referenced from startup_mk66f18.o(RESET)
 <LI><a href="#[3b]">PIT1_IRQHandler</a> from isr.o(i.PIT1_IRQHandler) referenced from startup_mk66f18.o(RESET)
 <LI><a href="#[3c]">PIT2_IRQHandler</a> from isr.o(i.PIT2_IRQHandler) referenced from startup_mk66f18.o(RESET)
 <LI><a href="#[3d]">PIT3_IRQHandler</a> from startup_mk66f18.o(.text) referenced from startup_mk66f18.o(RESET)
 <LI><a href="#[45]">PORTA_IRQHandler</a> from startup_mk66f18.o(.text) referenced from startup_mk66f18.o(RESET)
 <LI><a href="#[46]">PORTB_IRQHandler</a> from startup_mk66f18.o(.text) referenced from startup_mk66f18.o(RESET)
 <LI><a href="#[47]">PORTC_IRQHandler</a> from isr.o(i.PORTC_IRQHandler) referenced from startup_mk66f18.o(RESET)
 <LI><a href="#[48]">PORTD_IRQHandler</a> from startup_mk66f18.o(.text) referenced from startup_mk66f18.o(RESET)
 <LI><a href="#[49]">PORTE_IRQHandler</a> from isr.o(i.PORTE_IRQHandler) referenced from startup_mk66f18.o(RESET)
 <LI><a href="#[8]">PendSV_Handler</a> from startup_mk66f18.o(.text) referenced from startup_mk66f18.o(RESET)
 <LI><a href="#[21]">RNG_IRQHandler</a> from startup_mk66f18.o(.text) referenced from startup_mk66f18.o(RESET)
 <LI><a href="#[38]">RTC_IRQHandler</a> from startup_mk66f18.o(.text) referenced from startup_mk66f18.o(RESET)
 <LI><a href="#[39]">RTC_Seconds_IRQHandler</a> from startup_mk66f18.o(.text) referenced from startup_mk66f18.o(RESET)
 <LI><a href="#[1d]">Read_Collision_IRQHandler</a> from startup_mk66f18.o(.text) referenced from startup_mk66f18.o(RESET)
 <LI><a href="#[28]">Reserved46_IRQHandler</a> from startup_mk66f18.o(.text) referenced from startup_mk66f18.o(RESET)
 <LI><a href="#[41]">Reserved71_IRQHandler</a> from startup_mk66f18.o(.text) referenced from startup_mk66f18.o(RESET)
 <LI><a href="#[4e]">Reserved84_IRQHandler</a> from startup_mk66f18.o(.text) referenced from startup_mk66f18.o(RESET)
 <LI><a href="#[4f]">Reserved85_IRQHandler</a> from startup_mk66f18.o(.text) referenced from startup_mk66f18.o(RESET)
 <LI><a href="#[0]">Reset_Handler</a> from startup_mk66f18.o(.text) referenced from startup_mk66f18.o(RESET)
 <LI><a href="#[5b]">SDHC_IRQHandler</a> from startup_mk66f18.o(.text) referenced from startup_mk66f18.o(RESET)
 <LI><a href="#[24]">SPI0_IRQHandler</a> from startup_mk66f18.o(.text) referenced from startup_mk66f18.o(RESET)
 <LI><a href="#[25]">SPI1_IRQHandler</a> from startup_mk66f18.o(.text) referenced from startup_mk66f18.o(RESET)
 <LI><a href="#[4b]">SPI2_IRQHandler</a> from startup_mk66f18.o(.text) referenced from startup_mk66f18.o(RESET)
 <LI><a href="#[6]">SVC_Handler</a> from startup_mk66f18.o(.text) referenced from startup_mk66f18.o(RESET)
 <LI><a href="#[4a]">SWI_IRQHandler</a> from startup_mk66f18.o(.text) referenced from startup_mk66f18.o(RESET)
 <LI><a href="#[70]">Start</a> from system_mk66.o(i.Start) referenced from startup_mk66f18.o(.text)
 <LI><a href="#[9]">SysTick_Handler</a> from startup_mk66f18.o(.text) referenced from startup_mk66f18.o(RESET)
 <LI><a href="#[62]">TPM1_IRQHandler</a> from startup_mk66f18.o(.text) referenced from startup_mk66f18.o(RESET)
 <LI><a href="#[63]">TPM2_IRQHandler</a> from startup_mk66f18.o(.text) referenced from startup_mk66f18.o(RESET)
 <LI><a href="#[61]">TSI0_IRQHandler</a> from startup_mk66f18.o(.text) referenced from startup_mk66f18.o(RESET)
 <LI><a href="#[2a]">UART0_ERR_IRQHandler</a> from startup_mk66f18.o(.text) referenced from startup_mk66f18.o(RESET)
 <LI><a href="#[29]">UART0_RX_TX_IRQHandler</a> from isr.o(i.UART0_RX_TX_IRQHandler) referenced from startup_mk66f18.o(RESET)
 <LI><a href="#[2c]">UART1_ERR_IRQHandler</a> from startup_mk66f18.o(.text) referenced from startup_mk66f18.o(RESET)
 <LI><a href="#[2b]">UART1_RX_TX_IRQHandler</a> from startup_mk66f18.o(.text) referenced from startup_mk66f18.o(RESET)
 <LI><a href="#[2e]">UART2_ERR_IRQHandler</a> from startup_mk66f18.o(.text) referenced from startup_mk66f18.o(RESET)
 <LI><a href="#[2d]">UART2_RX_TX_IRQHandler</a> from startup_mk66f18.o(.text) referenced from startup_mk66f18.o(RESET)
 <LI><a href="#[30]">UART3_ERR_IRQHandler</a> from startup_mk66f18.o(.text) referenced from startup_mk66f18.o(RESET)
 <LI><a href="#[2f]">UART3_RX_TX_IRQHandler</a> from isr.o(i.UART3_RX_TX_IRQHandler) referenced from startup_mk66f18.o(RESET)
 <LI><a href="#[4d]">UART4_ERR_IRQHandler</a> from startup_mk66f18.o(.text) referenced from startup_mk66f18.o(RESET)
 <LI><a href="#[4c]">UART4_RX_TX_IRQHandler</a> from isr.o(i.UART4_RX_TX_IRQHandler) referenced from startup_mk66f18.o(RESET)
 <LI><a href="#[3f]">USB0_IRQHandler</a> from startup_mk66f18.o(.text) referenced from startup_mk66f18.o(RESET)
 <LI><a href="#[40]">USBDCD_IRQHandler</a> from startup_mk66f18.o(.text) referenced from startup_mk66f18.o(RESET)
 <LI><a href="#[64]">USBHSDCD_IRQHandler</a> from startup_mk66f18.o(.text) referenced from startup_mk66f18.o(RESET)
 <LI><a href="#[67]">USBHS_IRQHandler</a> from startup_mk66f18.o(.text) referenced from startup_mk66f18.o(RESET)
 <LI><a href="#[5]">UsageFault_Handler</a> from startup_mk66f18.o(.text) referenced from startup_mk66f18.o(RESET)
 <LI><a href="#[20]">WDOG_EWM_IRQHandler</a> from startup_mk66f18.o(.text) referenced from startup_mk66f18.o(RESET)
 <LI><a href="#[71]">__main</a> from entry.o(.ARM.Collect$$$$00000000) referenced from startup_mk66f18.o(.text)
 <LI><a href="#[72]">fputc</a> from uart.o(i.fputc) referenced from printf1.o(i.__0printf$1)
 <LI><a href="#[6f]">main</a> from main.o(i.main) referenced from entry9a.o(.ARM.Collect$$$$0000000B)
</UL>
<P>
<H3>
Global Symbols
</H3>
<P><STRONG><a name="[71]"></a>__main</STRONG> (Thumb, 0 bytes, Stack size unknown bytes, entry.o(.ARM.Collect$$$$00000000))
<BR>[Address Reference Count : 1]<UL><LI> startup_mk66f18.o(.text)
</UL>
<P><STRONG><a name="[9d]"></a>_main_stk</STRONG> (Thumb, 0 bytes, Stack size unknown bytes, entry2.o(.ARM.Collect$$$$00000001))

<P><STRONG><a name="[73]"></a>_main_scatterload</STRONG> (Thumb, 0 bytes, Stack size unknown bytes, entry5.o(.ARM.Collect$$$$00000004))
<BR><BR>[Calls]<UL><LI><a href="#[74]">&gt;&gt;</a>&nbsp;&nbsp;&nbsp;__scatterload
</UL>

<P><STRONG><a name="[75]"></a>__main_after_scatterload</STRONG> (Thumb, 0 bytes, Stack size unknown bytes, entry5.o(.ARM.Collect$$$$00000004))
<BR><BR>[Called By]<UL><LI><a href="#[74]">&gt;&gt;</a>&nbsp;&nbsp;&nbsp;__scatterload
</UL>

<P><STRONG><a name="[9e]"></a>_main_clock</STRONG> (Thumb, 0 bytes, Stack size unknown bytes, entry7b.o(.ARM.Collect$$$$00000008))

<P><STRONG><a name="[9f]"></a>_main_cpp_init</STRONG> (Thumb, 0 bytes, Stack size unknown bytes, entry8b.o(.ARM.Collect$$$$0000000A))

<P><STRONG><a name="[a0]"></a>_main_init</STRONG> (Thumb, 0 bytes, Stack size unknown bytes, entry9a.o(.ARM.Collect$$$$0000000B))

<P><STRONG><a name="[a1]"></a>__rt_final_cpp</STRONG> (Thumb, 0 bytes, Stack size unknown bytes, entry10a.o(.ARM.Collect$$$$0000000D))

<P><STRONG><a name="[a2]"></a>__rt_final_exit</STRONG> (Thumb, 0 bytes, Stack size unknown bytes, entry11a.o(.ARM.Collect$$$$0000000F))

<P><STRONG><a name="[0]"></a>Reset_Handler</STRONG> (Thumb, 12 bytes, Stack size 0 bytes, startup_mk66f18.o(.text))
<BR>[Address Reference Count : 1]<UL><LI> startup_mk66f18.o(RESET)
</UL>
<P><STRONG><a name="[1]"></a>NMI_Handler</STRONG> (Thumb, 2 bytes, Stack size 0 bytes, startup_mk66f18.o(.text))
<BR><BR>[Calls]<UL><LI><a href="#[1]">&gt;&gt;</a>&nbsp;&nbsp;&nbsp;NMI_Handler
</UL>
<BR>[Called By]<UL><LI><a href="#[1]">&gt;&gt;</a>&nbsp;&nbsp;&nbsp;NMI_Handler
</UL>
<BR>[Address Reference Count : 1]<UL><LI> startup_mk66f18.o(RESET)
</UL>
<P><STRONG><a name="[2]"></a>HardFault_Handler</STRONG> (Thumb, 2 bytes, Stack size 0 bytes, startup_mk66f18.o(.text))
<BR><BR>[Calls]<UL><LI><a href="#[2]">&gt;&gt;</a>&nbsp;&nbsp;&nbsp;HardFault_Handler
</UL>
<BR>[Called By]<UL><LI><a href="#[2]">&gt;&gt;</a>&nbsp;&nbsp;&nbsp;HardFault_Handler
</UL>
<BR>[Address Reference Count : 1]<UL><LI> startup_mk66f18.o(RESET)
</UL>
<P><STRONG><a name="[3]"></a>MemManage_Handler</STRONG> (Thumb, 2 bytes, Stack size 0 bytes, startup_mk66f18.o(.text))
<BR><BR>[Calls]<UL><LI><a href="#[3]">&gt;&gt;</a>&nbsp;&nbsp;&nbsp;MemManage_Handler
</UL>
<BR>[Called By]<UL><LI><a href="#[3]">&gt;&gt;</a>&nbsp;&nbsp;&nbsp;MemManage_Handler
</UL>
<BR>[Address Reference Count : 1]<UL><LI> startup_mk66f18.o(RESET)
</UL>
<P><STRONG><a name="[4]"></a>BusFault_Handler</STRONG> (Thumb, 2 bytes, Stack size 0 bytes, startup_mk66f18.o(.text))
<BR><BR>[Calls]<UL><LI><a href="#[4]">&gt;&gt;</a>&nbsp;&nbsp;&nbsp;BusFault_Handler
</UL>
<BR>[Called By]<UL><LI><a href="#[4]">&gt;&gt;</a>&nbsp;&nbsp;&nbsp;BusFault_Handler
</UL>
<BR>[Address Reference Count : 1]<UL><LI> startup_mk66f18.o(RESET)
</UL>
<P><STRONG><a name="[5]"></a>UsageFault_Handler</STRONG> (Thumb, 2 bytes, Stack size 0 bytes, startup_mk66f18.o(.text))
<BR><BR>[Calls]<UL><LI><a href="#[5]">&gt;&gt;</a>&nbsp;&nbsp;&nbsp;UsageFault_Handler
</UL>
<BR>[Called By]<UL><LI><a href="#[5]">&gt;&gt;</a>&nbsp;&nbsp;&nbsp;UsageFault_Handler
</UL>
<BR>[Address Reference Count : 1]<UL><LI> startup_mk66f18.o(RESET)
</UL>
<P><STRONG><a name="[6]"></a>SVC_Handler</STRONG> (Thumb, 2 bytes, Stack size 0 bytes, startup_mk66f18.o(.text))
<BR><BR>[Calls]<UL><LI><a href="#[6]">&gt;&gt;</a>&nbsp;&nbsp;&nbsp;SVC_Handler
</UL>
<BR>[Called By]<UL><LI><a href="#[6]">&gt;&gt;</a>&nbsp;&nbsp;&nbsp;SVC_Handler
</UL>
<BR>[Address Reference Count : 1]<UL><LI> startup_mk66f18.o(RESET)
</UL>
<P><STRONG><a name="[7]"></a>DebugMon_Handler</STRONG> (Thumb, 2 bytes, Stack size 0 bytes, startup_mk66f18.o(.text))
<BR><BR>[Calls]<UL><LI><a href="#[7]">&gt;&gt;</a>&nbsp;&nbsp;&nbsp;DebugMon_Handler
</UL>
<BR>[Called By]<UL><LI><a href="#[7]">&gt;&gt;</a>&nbsp;&nbsp;&nbsp;DebugMon_Handler
</UL>
<BR>[Address Reference Count : 1]<UL><LI> startup_mk66f18.o(RESET)
</UL>
<P><STRONG><a name="[8]"></a>PendSV_Handler</STRONG> (Thumb, 2 bytes, Stack size 0 bytes, startup_mk66f18.o(.text))
<BR><BR>[Calls]<UL><LI><a href="#[8]">&gt;&gt;</a>&nbsp;&nbsp;&nbsp;PendSV_Handler
</UL>
<BR>[Called By]<UL><LI><a href="#[8]">&gt;&gt;</a>&nbsp;&nbsp;&nbsp;PendSV_Handler
</UL>
<BR>[Address Reference Count : 1]<UL><LI> startup_mk66f18.o(RESET)
</UL>
<P><STRONG><a name="[9]"></a>SysTick_Handler</STRONG> (Thumb, 2 bytes, Stack size 0 bytes, startup_mk66f18.o(.text))
<BR><BR>[Calls]<UL><LI><a href="#[9]">&gt;&gt;</a>&nbsp;&nbsp;&nbsp;SysTick_Handler
</UL>
<BR>[Called By]<UL><LI><a href="#[9]">&gt;&gt;</a>&nbsp;&nbsp;&nbsp;SysTick_Handler
</UL>
<BR>[Address Reference Count : 1]<UL><LI> startup_mk66f18.o(RESET)
</UL>
<P><STRONG><a name="[31]"></a>ADC0_IRQHandler</STRONG> (Thumb, 0 bytes, Stack size 0 bytes, startup_mk66f18.o(.text))
<BR><BR>[Calls]<UL><LI><a href="#[6e]">&gt;&gt;</a>&nbsp;&nbsp;&nbsp;DefaultISR
</UL>
<BR>[Address Reference Count : 1]<UL><LI> startup_mk66f18.o(RESET)
</UL>
<P><STRONG><a name="[53]"></a>ADC1_IRQHandler</STRONG> (Thumb, 0 bytes, Stack size 0 bytes, startup_mk66f18.o(.text))
<BR>[Address Reference Count : 1]<UL><LI> startup_mk66f18.o(RESET)
</UL>
<P><STRONG><a name="[56]"></a>CAN0_Bus_Off_IRQHandler</STRONG> (Thumb, 0 bytes, Stack size 0 bytes, startup_mk66f18.o(.text))
<BR>[Address Reference Count : 1]<UL><LI> startup_mk66f18.o(RESET)
</UL>
<P><STRONG><a name="[57]"></a>CAN0_Error_IRQHandler</STRONG> (Thumb, 0 bytes, Stack size 0 bytes, startup_mk66f18.o(.text))
<BR>[Address Reference Count : 1]<UL><LI> startup_mk66f18.o(RESET)
</UL>
<P><STRONG><a name="[55]"></a>CAN0_ORed_Message_buffer_IRQHandler</STRONG> (Thumb, 0 bytes, Stack size 0 bytes, startup_mk66f18.o(.text))
<BR>[Address Reference Count : 1]<UL><LI> startup_mk66f18.o(RESET)
</UL>
<P><STRONG><a name="[59]"></a>CAN0_Rx_Warning_IRQHandler</STRONG> (Thumb, 0 bytes, Stack size 0 bytes, startup_mk66f18.o(.text))
<BR>[Address Reference Count : 1]<UL><LI> startup_mk66f18.o(RESET)
</UL>
<P><STRONG><a name="[58]"></a>CAN0_Tx_Warning_IRQHandler</STRONG> (Thumb, 0 bytes, Stack size 0 bytes, startup_mk66f18.o(.text))
<BR>[Address Reference Count : 1]<UL><LI> startup_mk66f18.o(RESET)
</UL>
<P><STRONG><a name="[5a]"></a>CAN0_Wake_Up_IRQHandler</STRONG> (Thumb, 0 bytes, Stack size 0 bytes, startup_mk66f18.o(.text))
<BR>[Address Reference Count : 1]<UL><LI> startup_mk66f18.o(RESET)
</UL>
<P><STRONG><a name="[69]"></a>CAN1_Bus_Off_IRQHandler</STRONG> (Thumb, 0 bytes, Stack size 0 bytes, startup_mk66f18.o(.text))
<BR>[Address Reference Count : 1]<UL><LI> startup_mk66f18.o(RESET)
</UL>
<P><STRONG><a name="[6a]"></a>CAN1_Error_IRQHandler</STRONG> (Thumb, 0 bytes, Stack size 0 bytes, startup_mk66f18.o(.text))
<BR>[Address Reference Count : 1]<UL><LI> startup_mk66f18.o(RESET)
</UL>
<P><STRONG><a name="[68]"></a>CAN1_ORed_Message_buffer_IRQHandler</STRONG> (Thumb, 0 bytes, Stack size 0 bytes, startup_mk66f18.o(.text))
<BR>[Address Reference Count : 1]<UL><LI> startup_mk66f18.o(RESET)
</UL>
<P><STRONG><a name="[6c]"></a>CAN1_Rx_Warning_IRQHandler</STRONG> (Thumb, 0 bytes, Stack size 0 bytes, startup_mk66f18.o(.text))
<BR>[Address Reference Count : 1]<UL><LI> startup_mk66f18.o(RESET)
</UL>
<P><STRONG><a name="[6b]"></a>CAN1_Tx_Warning_IRQHandler</STRONG> (Thumb, 0 bytes, Stack size 0 bytes, startup_mk66f18.o(.text))
<BR>[Address Reference Count : 1]<UL><LI> startup_mk66f18.o(RESET)
</UL>
<P><STRONG><a name="[6d]"></a>CAN1_Wake_Up_IRQHandler</STRONG> (Thumb, 0 bytes, Stack size 0 bytes, startup_mk66f18.o(.text))
<BR>[Address Reference Count : 1]<UL><LI> startup_mk66f18.o(RESET)
</UL>
<P><STRONG><a name="[32]"></a>CMP0_IRQHandler</STRONG> (Thumb, 0 bytes, Stack size 0 bytes, startup_mk66f18.o(.text))
<BR>[Address Reference Count : 1]<UL><LI> startup_mk66f18.o(RESET)
</UL>
<P><STRONG><a name="[33]"></a>CMP1_IRQHandler</STRONG> (Thumb, 0 bytes, Stack size 0 bytes, startup_mk66f18.o(.text))
<BR>[Address Reference Count : 1]<UL><LI> startup_mk66f18.o(RESET)
</UL>
<P><STRONG><a name="[50]"></a>CMP2_IRQHandler</STRONG> (Thumb, 0 bytes, Stack size 0 bytes, startup_mk66f18.o(.text))
<BR>[Address Reference Count : 1]<UL><LI> startup_mk66f18.o(RESET)
</UL>
<P><STRONG><a name="[66]"></a>CMP3_IRQHandler</STRONG> (Thumb, 0 bytes, Stack size 0 bytes, startup_mk66f18.o(.text))
<BR>[Address Reference Count : 1]<UL><LI> startup_mk66f18.o(RESET)
</UL>
<P><STRONG><a name="[37]"></a>CMT_IRQHandler</STRONG> (Thumb, 0 bytes, Stack size 0 bytes, startup_mk66f18.o(.text))
<BR>[Address Reference Count : 1]<UL><LI> startup_mk66f18.o(RESET)
</UL>
<P><STRONG><a name="[42]"></a>DAC0_IRQHandler</STRONG> (Thumb, 0 bytes, Stack size 0 bytes, startup_mk66f18.o(.text))
<BR>[Address Reference Count : 1]<UL><LI> startup_mk66f18.o(RESET)
</UL>
<P><STRONG><a name="[52]"></a>DAC1_IRQHandler</STRONG> (Thumb, 0 bytes, Stack size 0 bytes, startup_mk66f18.o(.text))
<BR>[Address Reference Count : 1]<UL><LI> startup_mk66f18.o(RESET)
</UL>
<P><STRONG><a name="[14]"></a>DMA10_IRQHandler</STRONG> (Thumb, 0 bytes, Stack size 0 bytes, startup_mk66f18.o(.text))
<BR>[Address Reference Count : 1]<UL><LI> startup_mk66f18.o(RESET)
</UL>
<P><STRONG><a name="[15]"></a>DMA11_IRQHandler</STRONG> (Thumb, 0 bytes, Stack size 0 bytes, startup_mk66f18.o(.text))
<BR>[Address Reference Count : 1]<UL><LI> startup_mk66f18.o(RESET)
</UL>
<P><STRONG><a name="[16]"></a>DMA12_IRQHandler</STRONG> (Thumb, 0 bytes, Stack size 0 bytes, startup_mk66f18.o(.text))
<BR>[Address Reference Count : 1]<UL><LI> startup_mk66f18.o(RESET)
</UL>
<P><STRONG><a name="[17]"></a>DMA13_IRQHandler</STRONG> (Thumb, 0 bytes, Stack size 0 bytes, startup_mk66f18.o(.text))
<BR>[Address Reference Count : 1]<UL><LI> startup_mk66f18.o(RESET)
</UL>
<P><STRONG><a name="[18]"></a>DMA14_IRQHandler</STRONG> (Thumb, 0 bytes, Stack size 0 bytes, startup_mk66f18.o(.text))
<BR>[Address Reference Count : 1]<UL><LI> startup_mk66f18.o(RESET)
</UL>
<P><STRONG><a name="[19]"></a>DMA15_IRQHandler</STRONG> (Thumb, 0 bytes, Stack size 0 bytes, startup_mk66f18.o(.text))
<BR>[Address Reference Count : 1]<UL><LI> startup_mk66f18.o(RESET)
</UL>
<P><STRONG><a name="[b]"></a>DMA1_IRQHandler</STRONG> (Thumb, 0 bytes, Stack size 0 bytes, startup_mk66f18.o(.text))
<BR>[Address Reference Count : 1]<UL><LI> startup_mk66f18.o(RESET)
</UL>
<P><STRONG><a name="[c]"></a>DMA2_IRQHandler</STRONG> (Thumb, 0 bytes, Stack size 0 bytes, startup_mk66f18.o(.text))
<BR>[Address Reference Count : 1]<UL><LI> startup_mk66f18.o(RESET)
</UL>
<P><STRONG><a name="[d]"></a>DMA3_IRQHandler</STRONG> (Thumb, 0 bytes, Stack size 0 bytes, startup_mk66f18.o(.text))
<BR>[Address Reference Count : 1]<UL><LI> startup_mk66f18.o(RESET)
</UL>
<P><STRONG><a name="[e]"></a>DMA4_IRQHandler</STRONG> (Thumb, 0 bytes, Stack size 0 bytes, startup_mk66f18.o(.text))
<BR>[Address Reference Count : 1]<UL><LI> startup_mk66f18.o(RESET)
</UL>
<P><STRONG><a name="[f]"></a>DMA5_IRQHandler</STRONG> (Thumb, 0 bytes, Stack size 0 bytes, startup_mk66f18.o(.text))
<BR>[Address Reference Count : 1]<UL><LI> startup_mk66f18.o(RESET)
</UL>
<P><STRONG><a name="[10]"></a>DMA6_IRQHandler</STRONG> (Thumb, 0 bytes, Stack size 0 bytes, startup_mk66f18.o(.text))
<BR>[Address Reference Count : 1]<UL><LI> startup_mk66f18.o(RESET)
</UL>
<P><STRONG><a name="[11]"></a>DMA7_IRQHandler</STRONG> (Thumb, 0 bytes, Stack size 0 bytes, startup_mk66f18.o(.text))
<BR>[Address Reference Count : 1]<UL><LI> startup_mk66f18.o(RESET)
</UL>
<P><STRONG><a name="[12]"></a>DMA8_IRQHandler</STRONG> (Thumb, 0 bytes, Stack size 0 bytes, startup_mk66f18.o(.text))
<BR>[Address Reference Count : 1]<UL><LI> startup_mk66f18.o(RESET)
</UL>
<P><STRONG><a name="[13]"></a>DMA9_IRQHandler</STRONG> (Thumb, 0 bytes, Stack size 0 bytes, startup_mk66f18.o(.text))
<BR>[Address Reference Count : 1]<UL><LI> startup_mk66f18.o(RESET)
</UL>
<P><STRONG><a name="[1a]"></a>DMA_Error_IRQHandler</STRONG> (Thumb, 0 bytes, Stack size 0 bytes, startup_mk66f18.o(.text))
<BR>[Address Reference Count : 1]<UL><LI> startup_mk66f18.o(RESET)
</UL>
<P><STRONG><a name="[6e]"></a>DefaultISR</STRONG> (Thumb, 0 bytes, Stack size 0 bytes, startup_mk66f18.o(.text))
<BR><BR>[Called By]<UL><LI><a href="#[31]">&gt;&gt;</a>&nbsp;&nbsp;&nbsp;ADC0_IRQHandler
</UL>
<BR>[Address Reference Count : 1]<UL><LI> startup_mk66f18.o(RESET)
</UL>
<P><STRONG><a name="[5c]"></a>ENET_1588_Timer_IRQHandler</STRONG> (Thumb, 0 bytes, Stack size 0 bytes, startup_mk66f18.o(.text))
<BR>[Address Reference Count : 1]<UL><LI> startup_mk66f18.o(RESET)
</UL>
<P><STRONG><a name="[5f]"></a>ENET_Error_IRQHandler</STRONG> (Thumb, 0 bytes, Stack size 0 bytes, startup_mk66f18.o(.text))
<BR>[Address Reference Count : 1]<UL><LI> startup_mk66f18.o(RESET)
</UL>
<P><STRONG><a name="[5e]"></a>ENET_Receive_IRQHandler</STRONG> (Thumb, 0 bytes, Stack size 0 bytes, startup_mk66f18.o(.text))
<BR>[Address Reference Count : 1]<UL><LI> startup_mk66f18.o(RESET)
</UL>
<P><STRONG><a name="[5d]"></a>ENET_Transmit_IRQHandler</STRONG> (Thumb, 0 bytes, Stack size 0 bytes, startup_mk66f18.o(.text))
<BR>[Address Reference Count : 1]<UL><LI> startup_mk66f18.o(RESET)
</UL>
<P><STRONG><a name="[1c]"></a>FTFE_IRQHandler</STRONG> (Thumb, 0 bytes, Stack size 0 bytes, startup_mk66f18.o(.text))
<BR>[Address Reference Count : 1]<UL><LI> startup_mk66f18.o(RESET)
</UL>
<P><STRONG><a name="[34]"></a>FTM0_IRQHandler</STRONG> (Thumb, 0 bytes, Stack size 0 bytes, startup_mk66f18.o(.text))
<BR>[Address Reference Count : 1]<UL><LI> startup_mk66f18.o(RESET)
</UL>
<P><STRONG><a name="[35]"></a>FTM1_IRQHandler</STRONG> (Thumb, 0 bytes, Stack size 0 bytes, startup_mk66f18.o(.text))
<BR>[Address Reference Count : 1]<UL><LI> startup_mk66f18.o(RESET)
</UL>
<P><STRONG><a name="[36]"></a>FTM2_IRQHandler</STRONG> (Thumb, 0 bytes, Stack size 0 bytes, startup_mk66f18.o(.text))
<BR>[Address Reference Count : 1]<UL><LI> startup_mk66f18.o(RESET)
</UL>
<P><STRONG><a name="[51]"></a>FTM3_IRQHandler</STRONG> (Thumb, 0 bytes, Stack size 0 bytes, startup_mk66f18.o(.text))
<BR>[Address Reference Count : 1]<UL><LI> startup_mk66f18.o(RESET)
</UL>
<P><STRONG><a name="[22]"></a>I2C0_IRQHandler</STRONG> (Thumb, 0 bytes, Stack size 0 bytes, startup_mk66f18.o(.text))
<BR>[Address Reference Count : 1]<UL><LI> startup_mk66f18.o(RESET)
</UL>
<P><STRONG><a name="[23]"></a>I2C1_IRQHandler</STRONG> (Thumb, 0 bytes, Stack size 0 bytes, startup_mk66f18.o(.text))
<BR>[Address Reference Count : 1]<UL><LI> startup_mk66f18.o(RESET)
</UL>
<P><STRONG><a name="[54]"></a>I2C2_IRQHandler</STRONG> (Thumb, 0 bytes, Stack size 0 bytes, startup_mk66f18.o(.text))
<BR>[Address Reference Count : 1]<UL><LI> startup_mk66f18.o(RESET)
</UL>
<P><STRONG><a name="[65]"></a>I2C3_IRQHandler</STRONG> (Thumb, 0 bytes, Stack size 0 bytes, startup_mk66f18.o(.text))
<BR>[Address Reference Count : 1]<UL><LI> startup_mk66f18.o(RESET)
</UL>
<P><STRONG><a name="[27]"></a>I2S0_Rx_IRQHandler</STRONG> (Thumb, 0 bytes, Stack size 0 bytes, startup_mk66f18.o(.text))
<BR>[Address Reference Count : 1]<UL><LI> startup_mk66f18.o(RESET)
</UL>
<P><STRONG><a name="[26]"></a>I2S0_Tx_IRQHandler</STRONG> (Thumb, 0 bytes, Stack size 0 bytes, startup_mk66f18.o(.text))
<BR>[Address Reference Count : 1]<UL><LI> startup_mk66f18.o(RESET)
</UL>
<P><STRONG><a name="[1f]"></a>LLWU_IRQHandler</STRONG> (Thumb, 0 bytes, Stack size 0 bytes, startup_mk66f18.o(.text))
<BR>[Address Reference Count : 1]<UL><LI> startup_mk66f18.o(RESET)
</UL>
<P><STRONG><a name="[44]"></a>LPTMR0_IRQHandler</STRONG> (Thumb, 0 bytes, Stack size 0 bytes, startup_mk66f18.o(.text))
<BR>[Address Reference Count : 1]<UL><LI> startup_mk66f18.o(RESET)
</UL>
<P><STRONG><a name="[60]"></a>LPUART0_IRQHandler</STRONG> (Thumb, 0 bytes, Stack size 0 bytes, startup_mk66f18.o(.text))
<BR>[Address Reference Count : 1]<UL><LI> startup_mk66f18.o(RESET)
</UL>
<P><STRONG><a name="[1e]"></a>LVD_LVW_IRQHandler</STRONG> (Thumb, 0 bytes, Stack size 0 bytes, startup_mk66f18.o(.text))
<BR>[Address Reference Count : 1]<UL><LI> startup_mk66f18.o(RESET)
</UL>
<P><STRONG><a name="[43]"></a>MCG_IRQHandler</STRONG> (Thumb, 0 bytes, Stack size 0 bytes, startup_mk66f18.o(.text))
<BR>[Address Reference Count : 1]<UL><LI> startup_mk66f18.o(RESET)
</UL>
<P><STRONG><a name="[1b]"></a>MCM_IRQHandler</STRONG> (Thumb, 0 bytes, Stack size 0 bytes, startup_mk66f18.o(.text))
<BR>[Address Reference Count : 1]<UL><LI> startup_mk66f18.o(RESET)
</UL>
<P><STRONG><a name="[3e]"></a>PDB0_IRQHandler</STRONG> (Thumb, 0 bytes, Stack size 0 bytes, startup_mk66f18.o(.text))
<BR>[Address Reference Count : 1]<UL><LI> startup_mk66f18.o(RESET)
</UL>
<P><STRONG><a name="[3d]"></a>PIT3_IRQHandler</STRONG> (Thumb, 0 bytes, Stack size 0 bytes, startup_mk66f18.o(.text))
<BR>[Address Reference Count : 1]<UL><LI> startup_mk66f18.o(RESET)
</UL>
<P><STRONG><a name="[45]"></a>PORTA_IRQHandler</STRONG> (Thumb, 0 bytes, Stack size 0 bytes, startup_mk66f18.o(.text))
<BR>[Address Reference Count : 1]<UL><LI> startup_mk66f18.o(RESET)
</UL>
<P><STRONG><a name="[46]"></a>PORTB_IRQHandler</STRONG> (Thumb, 0 bytes, Stack size 0 bytes, startup_mk66f18.o(.text))
<BR>[Address Reference Count : 1]<UL><LI> startup_mk66f18.o(RESET)
</UL>
<P><STRONG><a name="[48]"></a>PORTD_IRQHandler</STRONG> (Thumb, 0 bytes, Stack size 0 bytes, startup_mk66f18.o(.text))
<BR>[Address Reference Count : 1]<UL><LI> startup_mk66f18.o(RESET)
</UL>
<P><STRONG><a name="[21]"></a>RNG_IRQHandler</STRONG> (Thumb, 0 bytes, Stack size 0 bytes, startup_mk66f18.o(.text))
<BR>[Address Reference Count : 1]<UL><LI> startup_mk66f18.o(RESET)
</UL>
<P><STRONG><a name="[38]"></a>RTC_IRQHandler</STRONG> (Thumb, 0 bytes, Stack size 0 bytes, startup_mk66f18.o(.text))
<BR>[Address Reference Count : 1]<UL><LI> startup_mk66f18.o(RESET)
</UL>
<P><STRONG><a name="[39]"></a>RTC_Seconds_IRQHandler</STRONG> (Thumb, 0 bytes, Stack size 0 bytes, startup_mk66f18.o(.text))
<BR>[Address Reference Count : 1]<UL><LI> startup_mk66f18.o(RESET)
</UL>
<P><STRONG><a name="[1d]"></a>Read_Collision_IRQHandler</STRONG> (Thumb, 0 bytes, Stack size 0 bytes, startup_mk66f18.o(.text))
<BR>[Address Reference Count : 1]<UL><LI> startup_mk66f18.o(RESET)
</UL>
<P><STRONG><a name="[28]"></a>Reserved46_IRQHandler</STRONG> (Thumb, 0 bytes, Stack size 0 bytes, startup_mk66f18.o(.text))
<BR>[Address Reference Count : 1]<UL><LI> startup_mk66f18.o(RESET)
</UL>
<P><STRONG><a name="[41]"></a>Reserved71_IRQHandler</STRONG> (Thumb, 0 bytes, Stack size 0 bytes, startup_mk66f18.o(.text))
<BR>[Address Reference Count : 1]<UL><LI> startup_mk66f18.o(RESET)
</UL>
<P><STRONG><a name="[4e]"></a>Reserved84_IRQHandler</STRONG> (Thumb, 0 bytes, Stack size 0 bytes, startup_mk66f18.o(.text))
<BR>[Address Reference Count : 1]<UL><LI> startup_mk66f18.o(RESET)
</UL>
<P><STRONG><a name="[4f]"></a>Reserved85_IRQHandler</STRONG> (Thumb, 0 bytes, Stack size 0 bytes, startup_mk66f18.o(.text))
<BR>[Address Reference Count : 1]<UL><LI> startup_mk66f18.o(RESET)
</UL>
<P><STRONG><a name="[5b]"></a>SDHC_IRQHandler</STRONG> (Thumb, 0 bytes, Stack size 0 bytes, startup_mk66f18.o(.text))
<BR>[Address Reference Count : 1]<UL><LI> startup_mk66f18.o(RESET)
</UL>
<P><STRONG><a name="[24]"></a>SPI0_IRQHandler</STRONG> (Thumb, 0 bytes, Stack size 0 bytes, startup_mk66f18.o(.text))
<BR>[Address Reference Count : 1]<UL><LI> startup_mk66f18.o(RESET)
</UL>
<P><STRONG><a name="[25]"></a>SPI1_IRQHandler</STRONG> (Thumb, 0 bytes, Stack size 0 bytes, startup_mk66f18.o(.text))
<BR>[Address Reference Count : 1]<UL><LI> startup_mk66f18.o(RESET)
</UL>
<P><STRONG><a name="[4b]"></a>SPI2_IRQHandler</STRONG> (Thumb, 0 bytes, Stack size 0 bytes, startup_mk66f18.o(.text))
<BR>[Address Reference Count : 1]<UL><LI> startup_mk66f18.o(RESET)
</UL>
<P><STRONG><a name="[4a]"></a>SWI_IRQHandler</STRONG> (Thumb, 0 bytes, Stack size 0 bytes, startup_mk66f18.o(.text))
<BR>[Address Reference Count : 1]<UL><LI> startup_mk66f18.o(RESET)
</UL>
<P><STRONG><a name="[62]"></a>TPM1_IRQHandler</STRONG> (Thumb, 0 bytes, Stack size 0 bytes, startup_mk66f18.o(.text))
<BR>[Address Reference Count : 1]<UL><LI> startup_mk66f18.o(RESET)
</UL>
<P><STRONG><a name="[63]"></a>TPM2_IRQHandler</STRONG> (Thumb, 0 bytes, Stack size 0 bytes, startup_mk66f18.o(.text))
<BR>[Address Reference Count : 1]<UL><LI> startup_mk66f18.o(RESET)
</UL>
<P><STRONG><a name="[61]"></a>TSI0_IRQHandler</STRONG> (Thumb, 0 bytes, Stack size 0 bytes, startup_mk66f18.o(.text))
<BR>[Address Reference Count : 1]<UL><LI> startup_mk66f18.o(RESET)
</UL>
<P><STRONG><a name="[2a]"></a>UART0_ERR_IRQHandler</STRONG> (Thumb, 0 bytes, Stack size 0 bytes, startup_mk66f18.o(.text))
<BR>[Address Reference Count : 1]<UL><LI> startup_mk66f18.o(RESET)
</UL>
<P><STRONG><a name="[2c]"></a>UART1_ERR_IRQHandler</STRONG> (Thumb, 0 bytes, Stack size 0 bytes, startup_mk66f18.o(.text))
<BR>[Address Reference Count : 1]<UL><LI> startup_mk66f18.o(RESET)
</UL>
<P><STRONG><a name="[2b]"></a>UART1_RX_TX_IRQHandler</STRONG> (Thumb, 0 bytes, Stack size 0 bytes, startup_mk66f18.o(.text))
<BR>[Address Reference Count : 1]<UL><LI> startup_mk66f18.o(RESET)
</UL>
<P><STRONG><a name="[2e]"></a>UART2_ERR_IRQHandler</STRONG> (Thumb, 0 bytes, Stack size 0 bytes, startup_mk66f18.o(.text))
<BR>[Address Reference Count : 1]<UL><LI> startup_mk66f18.o(RESET)
</UL>
<P><STRONG><a name="[2d]"></a>UART2_RX_TX_IRQHandler</STRONG> (Thumb, 0 bytes, Stack size 0 bytes, startup_mk66f18.o(.text))
<BR>[Address Reference Count : 1]<UL><LI> startup_mk66f18.o(RESET)
</UL>
<P><STRONG><a name="[30]"></a>UART3_ERR_IRQHandler</STRONG> (Thumb, 0 bytes, Stack size 0 bytes, startup_mk66f18.o(.text))
<BR>[Address Reference Count : 1]<UL><LI> startup_mk66f18.o(RESET)
</UL>
<P><STRONG><a name="[4d]"></a>UART4_ERR_IRQHandler</STRONG> (Thumb, 0 bytes, Stack size 0 bytes, startup_mk66f18.o(.text))
<BR>[Address Reference Count : 1]<UL><LI> startup_mk66f18.o(RESET)
</UL>
<P><STRONG><a name="[3f]"></a>USB0_IRQHandler</STRONG> (Thumb, 0 bytes, Stack size 0 bytes, startup_mk66f18.o(.text))
<BR>[Address Reference Count : 1]<UL><LI> startup_mk66f18.o(RESET)
</UL>
<P><STRONG><a name="[40]"></a>USBDCD_IRQHandler</STRONG> (Thumb, 0 bytes, Stack size 0 bytes, startup_mk66f18.o(.text))
<BR>[Address Reference Count : 1]<UL><LI> startup_mk66f18.o(RESET)
</UL>
<P><STRONG><a name="[64]"></a>USBHSDCD_IRQHandler</STRONG> (Thumb, 0 bytes, Stack size 0 bytes, startup_mk66f18.o(.text))
<BR>[Address Reference Count : 1]<UL><LI> startup_mk66f18.o(RESET)
</UL>
<P><STRONG><a name="[67]"></a>USBHS_IRQHandler</STRONG> (Thumb, 0 bytes, Stack size 0 bytes, startup_mk66f18.o(.text))
<BR>[Address Reference Count : 1]<UL><LI> startup_mk66f18.o(RESET)
</UL>
<P><STRONG><a name="[20]"></a>WDOG_EWM_IRQHandler</STRONG> (Thumb, 0 bytes, Stack size 0 bytes, startup_mk66f18.o(.text))
<BR>[Address Reference Count : 1]<UL><LI> startup_mk66f18.o(RESET)
</UL>
<P><STRONG><a name="[a3]"></a>__aeabi_uidiv</STRONG> (Thumb, 0 bytes, Stack size 12 bytes, uidiv.o(.text), UNUSED)

<P><STRONG><a name="[91]"></a>__aeabi_uidivmod</STRONG> (Thumb, 44 bytes, Stack size 12 bytes, uidiv.o(.text), UNUSED)
<BR><BR>[Called By]<UL><LI><a href="#[90]">&gt;&gt;</a>&nbsp;&nbsp;&nbsp;_printf_core
</UL>

<P><STRONG><a name="[74]"></a>__scatterload</STRONG> (Thumb, 28 bytes, Stack size 0 bytes, init.o(.text))
<BR><BR>[Calls]<UL><LI><a href="#[75]">&gt;&gt;</a>&nbsp;&nbsp;&nbsp;__main_after_scatterload
</UL>
<BR>[Called By]<UL><LI><a href="#[73]">&gt;&gt;</a>&nbsp;&nbsp;&nbsp;_main_scatterload
</UL>

<P><STRONG><a name="[a4]"></a>__scatterload_rt2</STRONG> (Thumb, 0 bytes, Stack size 0 bytes, init.o(.text), UNUSED)

<P><STRONG><a name="[a]"></a>DMA0_IRQHandler</STRONG> (Thumb, 14 bytes, Stack size 0 bytes, isr.o(i.DMA0_IRQHandler))
<BR>[Address Reference Count : 1]<UL><LI> startup_mk66f18.o(RESET)
</UL>
<P><STRONG><a name="[8e]"></a>Disable_Wdog</STRONG> (Thumb, 22 bytes, Stack size 0 bytes, system_mk66.o(i.Disable_Wdog))
<BR><BR>[Called By]<UL><LI><a href="#[70]">&gt;&gt;</a>&nbsp;&nbsp;&nbsp;Start
</UL>

<P><STRONG><a name="[76]"></a>Key_Check</STRONG> (Thumb, 228 bytes, Stack size 8 bytes, key.o(i.Key_Check))
<BR><BR>[Stack]<UL><LI>Max Depth = 12<LI>Call Chain = Key_Check &rArr; systick_delay_ms
</UL>
<BR>[Calls]<UL><LI><a href="#[77]">&gt;&gt;</a>&nbsp;&nbsp;&nbsp;systick_delay_ms
</UL>
<BR>[Called By]<UL><LI><a href="#[6f]">&gt;&gt;</a>&nbsp;&nbsp;&nbsp;main
</UL>

<P><STRONG><a name="[78]"></a>Key_Init</STRONG> (Thumb, 64 bytes, Stack size 8 bytes, key.o(i.Key_Init))
<BR><BR>[Stack]<UL><LI>Max Depth = 32<LI>Call Chain = Key_Init &rArr; gpio_init
</UL>
<BR>[Calls]<UL><LI><a href="#[79]">&gt;&gt;</a>&nbsp;&nbsp;&nbsp;gpio_init
</UL>
<BR>[Called By]<UL><LI><a href="#[95]">&gt;&gt;</a>&nbsp;&nbsp;&nbsp;car_init
</UL>

<P><STRONG><a name="[7a]"></a>NRF2401_Init</STRONG> (Thumb, 116 bytes, Stack size 8 bytes, nrf2401.o(i.NRF2401_Init))
<BR><BR>[Stack]<UL><LI>Max Depth = 48<LI>Call Chain = NRF2401_Init &rArr; NRF24L01_Check &rArr; NRF2401_WriteBuffer
</UL>
<BR>[Calls]<UL><LI><a href="#[7c]">&gt;&gt;</a>&nbsp;&nbsp;&nbsp;port_init
<LI><a href="#[7b]">&gt;&gt;</a>&nbsp;&nbsp;&nbsp;NVIC_DisableIRQ
<LI><a href="#[7d]">&gt;&gt;</a>&nbsp;&nbsp;&nbsp;NRF24L01_Check
<LI><a href="#[79]">&gt;&gt;</a>&nbsp;&nbsp;&nbsp;gpio_init
</UL>
<BR>[Called By]<UL><LI><a href="#[94]">&gt;&gt;</a>&nbsp;&nbsp;&nbsp;car_communication_init
</UL>

<P><STRONG><a name="[81]"></a>NRF2401_RecData</STRONG> (Thumb, 54 bytes, Stack size 16 bytes, nrf2401.o(i.NRF2401_RecData))
<BR><BR>[Stack]<UL><LI>Max Depth = 40<LI>Call Chain = NRF2401_RecData &rArr; NRF2401_ReadBuffer
</UL>
<BR>[Calls]<UL><LI><a href="#[80]">&gt;&gt;</a>&nbsp;&nbsp;&nbsp;NRF2401_ReadWriteReg
<LI><a href="#[7e]">&gt;&gt;</a>&nbsp;&nbsp;&nbsp;NRF2401_ReadBuffer
</UL>
<BR>[Called By]<UL><LI><a href="#[47]">&gt;&gt;</a>&nbsp;&nbsp;&nbsp;PORTC_IRQHandler
</UL>

<P><STRONG><a name="[82]"></a>NRF2401_SendData</STRONG> (Thumb, 86 bytes, Stack size 16 bytes, nrf2401.o(i.NRF2401_SendData))
<BR><BR>[Stack]<UL><LI>Max Depth = 40<LI>Call Chain = NRF2401_SendData &rArr; NRF2401_WriteBuffer
</UL>
<BR>[Calls]<UL><LI><a href="#[83]">&gt;&gt;</a>&nbsp;&nbsp;&nbsp;NRF2401_WriteBuffer
<LI><a href="#[80]">&gt;&gt;</a>&nbsp;&nbsp;&nbsp;NRF2401_ReadWriteReg
</UL>
<BR>[Called By]<UL><LI><a href="#[9b]">&gt;&gt;</a>&nbsp;&nbsp;&nbsp;sendToSlaveCar
</UL>

<P><STRONG><a name="[84]"></a>NRF2401_SetRXMode</STRONG> (Thumb, 100 bytes, Stack size 8 bytes, nrf2401.o(i.NRF2401_SetRXMode))
<BR><BR>[Stack]<UL><LI>Max Depth = 32<LI>Call Chain = NRF2401_SetRXMode &rArr; NRF2401_WriteBuffer
</UL>
<BR>[Calls]<UL><LI><a href="#[83]">&gt;&gt;</a>&nbsp;&nbsp;&nbsp;NRF2401_WriteBuffer
<LI><a href="#[80]">&gt;&gt;</a>&nbsp;&nbsp;&nbsp;NRF2401_ReadWriteReg
</UL>
<BR>[Called By]<UL><LI><a href="#[9b]">&gt;&gt;</a>&nbsp;&nbsp;&nbsp;sendToSlaveCar
<LI><a href="#[94]">&gt;&gt;</a>&nbsp;&nbsp;&nbsp;car_communication_init
</UL>

<P><STRONG><a name="[85]"></a>NRF2401_SetTXMode</STRONG> (Thumb, 92 bytes, Stack size 8 bytes, nrf2401.o(i.NRF2401_SetTXMode))
<BR><BR>[Stack]<UL><LI>Max Depth = 32<LI>Call Chain = NRF2401_SetTXMode &rArr; NRF2401_WriteBuffer
</UL>
<BR>[Calls]<UL><LI><a href="#[7b]">&gt;&gt;</a>&nbsp;&nbsp;&nbsp;NVIC_DisableIRQ
<LI><a href="#[83]">&gt;&gt;</a>&nbsp;&nbsp;&nbsp;NRF2401_WriteBuffer
<LI><a href="#[80]">&gt;&gt;</a>&nbsp;&nbsp;&nbsp;NRF2401_ReadWriteReg
</UL>
<BR>[Called By]<UL><LI><a href="#[9b]">&gt;&gt;</a>&nbsp;&nbsp;&nbsp;sendToSlaveCar
</UL>

<P><STRONG><a name="[86]"></a>OLED_P6x8Str</STRONG> (Thumb, 96 bytes, Stack size 32 bytes, oled.o(i.OLED_P6x8Str))
<BR><BR>[Stack]<UL><LI>Max Depth = 84<LI>Call Chain = OLED_P6x8Str &rArr; OLED_Set_Pos &rArr; OLED_WrCmd &rArr; gpio_set
</UL>
<BR>[Calls]<UL><LI><a href="#[88]">&gt;&gt;</a>&nbsp;&nbsp;&nbsp;OLED_WrDat
<LI><a href="#[87]">&gt;&gt;</a>&nbsp;&nbsp;&nbsp;OLED_Set_Pos
</UL>
<BR>[Called By]<UL><LI><a href="#[95]">&gt;&gt;</a>&nbsp;&nbsp;&nbsp;car_init
<LI><a href="#[94]">&gt;&gt;</a>&nbsp;&nbsp;&nbsp;car_communication_init
</UL>

<P><STRONG><a name="[87]"></a>OLED_Set_Pos</STRONG> (Thumb, 40 bytes, Stack size 16 bytes, oled.o(i.OLED_Set_Pos))
<BR><BR>[Stack]<UL><LI>Max Depth = 52<LI>Call Chain = OLED_Set_Pos &rArr; OLED_WrCmd &rArr; gpio_set
</UL>
<BR>[Calls]<UL><LI><a href="#[89]">&gt;&gt;</a>&nbsp;&nbsp;&nbsp;OLED_WrCmd
</UL>
<BR>[Called By]<UL><LI><a href="#[86]">&gt;&gt;</a>&nbsp;&nbsp;&nbsp;OLED_P6x8Str
</UL>

<P><STRONG><a name="[89]"></a>OLED_WrCmd</STRONG> (Thumb, 80 bytes, Stack size 16 bytes, oled.o(i.OLED_WrCmd))
<BR><BR>[Stack]<UL><LI>Max Depth = 36<LI>Call Chain = OLED_WrCmd &rArr; gpio_set
</UL>
<BR>[Calls]<UL><LI><a href="#[8a]">&gt;&gt;</a>&nbsp;&nbsp;&nbsp;gpio_set
</UL>
<BR>[Called By]<UL><LI><a href="#[87]">&gt;&gt;</a>&nbsp;&nbsp;&nbsp;OLED_Set_Pos
</UL>

<P><STRONG><a name="[88]"></a>OLED_WrDat</STRONG> (Thumb, 80 bytes, Stack size 16 bytes, oled.o(i.OLED_WrDat))
<BR><BR>[Stack]<UL><LI>Max Depth = 36<LI>Call Chain = OLED_WrDat &rArr; gpio_set
</UL>
<BR>[Calls]<UL><LI><a href="#[8a]">&gt;&gt;</a>&nbsp;&nbsp;&nbsp;gpio_set
</UL>
<BR>[Called By]<UL><LI><a href="#[86]">&gt;&gt;</a>&nbsp;&nbsp;&nbsp;OLED_P6x8Str
</UL>

<P><STRONG><a name="[3a]"></a>PIT0_IRQHandler</STRONG> (Thumb, 14 bytes, Stack size 0 bytes, isr.o(i.PIT0_IRQHandler))
<BR>[Address Reference Count : 1]<UL><LI> startup_mk66f18.o(RESET)
</UL>
<P><STRONG><a name="[3b]"></a>PIT1_IRQHandler</STRONG> (Thumb, 14 bytes, Stack size 0 bytes, isr.o(i.PIT1_IRQHandler))
<BR>[Address Reference Count : 1]<UL><LI> startup_mk66f18.o(RESET)
</UL>
<P><STRONG><a name="[3c]"></a>PIT2_IRQHandler</STRONG> (Thumb, 14 bytes, Stack size 0 bytes, isr.o(i.PIT2_IRQHandler))
<BR>[Address Reference Count : 1]<UL><LI> startup_mk66f18.o(RESET)
</UL>
<P><STRONG><a name="[47]"></a>PORTC_IRQHandler</STRONG> (Thumb, 68 bytes, Stack size 8 bytes, isr.o(i.PORTC_IRQHandler))
<BR><BR>[Stack]<UL><LI>Max Depth = 48<LI>Call Chain = PORTC_IRQHandler &rArr; NRF2401_RecData &rArr; NRF2401_ReadBuffer
</UL>
<BR>[Calls]<UL><LI><a href="#[81]">&gt;&gt;</a>&nbsp;&nbsp;&nbsp;NRF2401_RecData
<LI><a href="#[8b]">&gt;&gt;</a>&nbsp;&nbsp;&nbsp;__2printf
</UL>
<BR>[Address Reference Count : 1]<UL><LI> startup_mk66f18.o(RESET)
</UL>
<P><STRONG><a name="[49]"></a>PORTE_IRQHandler</STRONG> (Thumb, 10 bytes, Stack size 0 bytes, isr.o(i.PORTE_IRQHandler))
<BR>[Address Reference Count : 1]<UL><LI> startup_mk66f18.o(RESET)
</UL>
<P><STRONG><a name="[8c]"></a>SYSTEM_CLK</STRONG> (Thumb, 170 bytes, Stack size 8 bytes, system_mk66.o(i.SYSTEM_CLK))
<BR><BR>[Stack]<UL><LI>Max Depth = 8<LI>Call Chain = SYSTEM_CLK
</UL>
<BR>[Calls]<UL><LI><a href="#[8d]">&gt;&gt;</a>&nbsp;&nbsp;&nbsp;div_set
</UL>
<BR>[Called By]<UL><LI><a href="#[70]">&gt;&gt;</a>&nbsp;&nbsp;&nbsp;Start
</UL>

<P><STRONG><a name="[70]"></a>Start</STRONG> (Thumb, 34 bytes, Stack size 8 bytes, system_mk66.o(i.Start))
<BR><BR>[Stack]<UL><LI>Max Depth = 32<LI>Call Chain = Start &rArr; gpio_init
</UL>
<BR>[Calls]<UL><LI><a href="#[79]">&gt;&gt;</a>&nbsp;&nbsp;&nbsp;gpio_init
<LI><a href="#[8c]">&gt;&gt;</a>&nbsp;&nbsp;&nbsp;SYSTEM_CLK
<LI><a href="#[8e]">&gt;&gt;</a>&nbsp;&nbsp;&nbsp;Disable_Wdog
</UL>
<BR>[Address Reference Count : 1]<UL><LI> startup_mk66f18.o(.text)
</UL>
<P><STRONG><a name="[29]"></a>UART0_RX_TX_IRQHandler</STRONG> (Thumb, 10 bytes, Stack size 0 bytes, isr.o(i.UART0_RX_TX_IRQHandler))
<BR>[Address Reference Count : 1]<UL><LI> startup_mk66f18.o(RESET)
</UL>
<P><STRONG><a name="[2f]"></a>UART3_RX_TX_IRQHandler</STRONG> (Thumb, 10 bytes, Stack size 0 bytes, isr.o(i.UART3_RX_TX_IRQHandler))
<BR>[Address Reference Count : 1]<UL><LI> startup_mk66f18.o(RESET)
</UL>
<P><STRONG><a name="[4c]"></a>UART4_RX_TX_IRQHandler</STRONG> (Thumb, 10 bytes, Stack size 0 bytes, isr.o(i.UART4_RX_TX_IRQHandler))
<BR>[Address Reference Count : 1]<UL><LI> startup_mk66f18.o(RESET)
</UL>
<P><STRONG><a name="[8f]"></a>__0printf$1</STRONG> (Thumb, 22 bytes, Stack size 24 bytes, printf1.o(i.__0printf$1), UNUSED)
<BR><BR>[Calls]<UL><LI><a href="#[90]">&gt;&gt;</a>&nbsp;&nbsp;&nbsp;_printf_core
</UL>

<P><STRONG><a name="[a5]"></a>__1printf$1</STRONG> (Thumb, 0 bytes, Stack size 24 bytes, printf1.o(i.__0printf$1), UNUSED)

<P><STRONG><a name="[8b]"></a>__2printf</STRONG> (Thumb, 0 bytes, Stack size 24 bytes, printf1.o(i.__0printf$1))
<BR><BR>[Stack]<UL><LI>Max Depth = 24<LI>Call Chain = __2printf
</UL>
<BR>[Called By]<UL><LI><a href="#[9b]">&gt;&gt;</a>&nbsp;&nbsp;&nbsp;sendToSlaveCar
<LI><a href="#[47]">&gt;&gt;</a>&nbsp;&nbsp;&nbsp;PORTC_IRQHandler
</UL>

<P><STRONG><a name="[a6]"></a>__scatterload_copy</STRONG> (Thumb, 14 bytes, Stack size unknown bytes, handlers.o(i.__scatterload_copy), UNUSED)

<P><STRONG><a name="[a7]"></a>__scatterload_null</STRONG> (Thumb, 2 bytes, Stack size unknown bytes, handlers.o(i.__scatterload_null), UNUSED)

<P><STRONG><a name="[a8]"></a>__scatterload_zeroinit</STRONG> (Thumb, 14 bytes, Stack size unknown bytes, handlers.o(i.__scatterload_zeroinit), UNUSED)

<P><STRONG><a name="[92]"></a>buzzer_Init</STRONG> (Thumb, 14 bytes, Stack size 8 bytes, buzzer.o(i.buzzer_Init))
<BR><BR>[Stack]<UL><LI>Max Depth = 32<LI>Call Chain = buzzer_Init &rArr; gpio_init
</UL>
<BR>[Calls]<UL><LI><a href="#[79]">&gt;&gt;</a>&nbsp;&nbsp;&nbsp;gpio_init
</UL>
<BR>[Called By]<UL><LI><a href="#[95]">&gt;&gt;</a>&nbsp;&nbsp;&nbsp;car_init
</UL>

<P><STRONG><a name="[93]"></a>buzzer_Ring</STRONG> (Thumb, 22 bytes, Stack size 8 bytes, buzzer.o(i.buzzer_Ring))
<BR><BR>[Stack]<UL><LI>Max Depth = 12<LI>Call Chain = buzzer_Ring &rArr; systick_delay_ms
</UL>
<BR>[Calls]<UL><LI><a href="#[77]">&gt;&gt;</a>&nbsp;&nbsp;&nbsp;systick_delay_ms
</UL>
<BR>[Called By]<UL><LI><a href="#[95]">&gt;&gt;</a>&nbsp;&nbsp;&nbsp;car_init
</UL>

<P><STRONG><a name="[95]"></a>car_init</STRONG> (Thumb, 34 bytes, Stack size 8 bytes, smartcar_init.o(i.car_init))
<BR><BR>[Stack]<UL><LI>Max Depth = 100<LI>Call Chain = car_init &rArr; car_communication_init &rArr; OLED_P6x8Str &rArr; OLED_Set_Pos &rArr; OLED_WrCmd &rArr; gpio_set
</UL>
<BR>[Calls]<UL><LI><a href="#[93]">&gt;&gt;</a>&nbsp;&nbsp;&nbsp;buzzer_Ring
<LI><a href="#[92]">&gt;&gt;</a>&nbsp;&nbsp;&nbsp;buzzer_Init
<LI><a href="#[86]">&gt;&gt;</a>&nbsp;&nbsp;&nbsp;OLED_P6x8Str
<LI><a href="#[78]">&gt;&gt;</a>&nbsp;&nbsp;&nbsp;Key_Init
<LI><a href="#[96]">&gt;&gt;</a>&nbsp;&nbsp;&nbsp;car_interrupt_init
<LI><a href="#[94]">&gt;&gt;</a>&nbsp;&nbsp;&nbsp;car_communication_init
</UL>
<BR>[Called By]<UL><LI><a href="#[6f]">&gt;&gt;</a>&nbsp;&nbsp;&nbsp;main
</UL>

<P><STRONG><a name="[8d]"></a>div_set</STRONG> (Thumb, 68 bytes, Stack size 0 bytes, system_mk66.o(i.div_set))
<BR><BR>[Called By]<UL><LI><a href="#[8c]">&gt;&gt;</a>&nbsp;&nbsp;&nbsp;SYSTEM_CLK
</UL>

<P><STRONG><a name="[72]"></a>fputc</STRONG> (Thumb, 18 bytes, Stack size 8 bytes, uart.o(i.fputc))
<BR><BR>[Stack]<UL><LI>Max Depth = 8<LI>Call Chain = fputc
</UL>
<BR>[Calls]<UL><LI><a href="#[98]">&gt;&gt;</a>&nbsp;&nbsp;&nbsp;uart_putchar
</UL>
<BR>[Address Reference Count : 1]<UL><LI> printf1.o(i.__0printf$1)
</UL>
<P><STRONG><a name="[99]"></a>get_clk</STRONG> (Thumb, 94 bytes, Stack size 8 bytes, common.o(i.get_clk))
<BR><BR>[Stack]<UL><LI>Max Depth = 52<LI>Call Chain = get_clk &rArr; uart_init &rArr; port_init
</UL>
<BR>[Calls]<UL><LI><a href="#[9a]">&gt;&gt;</a>&nbsp;&nbsp;&nbsp;uart_init
</UL>
<BR>[Called By]<UL><LI><a href="#[6f]">&gt;&gt;</a>&nbsp;&nbsp;&nbsp;main
</UL>

<P><STRONG><a name="[79]"></a>gpio_init</STRONG> (Thumb, 346 bytes, Stack size 24 bytes, gpio.o(i.gpio_init))
<BR><BR>[Stack]<UL><LI>Max Depth = 24<LI>Call Chain = gpio_init
</UL>
<BR>[Called By]<UL><LI><a href="#[92]">&gt;&gt;</a>&nbsp;&nbsp;&nbsp;buzzer_Init
<LI><a href="#[7a]">&gt;&gt;</a>&nbsp;&nbsp;&nbsp;NRF2401_Init
<LI><a href="#[78]">&gt;&gt;</a>&nbsp;&nbsp;&nbsp;Key_Init
<LI><a href="#[70]">&gt;&gt;</a>&nbsp;&nbsp;&nbsp;Start
</UL>

<P><STRONG><a name="[8a]"></a>gpio_set</STRONG> (Thumb, 66 bytes, Stack size 20 bytes, gpio.o(i.gpio_set))
<BR><BR>[Stack]<UL><LI>Max Depth = 20<LI>Call Chain = gpio_set
</UL>
<BR>[Called By]<UL><LI><a href="#[88]">&gt;&gt;</a>&nbsp;&nbsp;&nbsp;OLED_WrDat
<LI><a href="#[89]">&gt;&gt;</a>&nbsp;&nbsp;&nbsp;OLED_WrCmd
</UL>

<P><STRONG><a name="[6f]"></a>main</STRONG> (Thumb, 180 bytes, Stack size 0 bytes, main.o(i.main))
<BR><BR>[Stack]<UL><LI>Max Depth = 100<LI>Call Chain = main &rArr; car_init &rArr; car_communication_init &rArr; OLED_P6x8Str &rArr; OLED_Set_Pos &rArr; OLED_WrCmd &rArr; gpio_set
</UL>
<BR>[Calls]<UL><LI><a href="#[99]">&gt;&gt;</a>&nbsp;&nbsp;&nbsp;get_clk
<LI><a href="#[9b]">&gt;&gt;</a>&nbsp;&nbsp;&nbsp;sendToSlaveCar
<LI><a href="#[76]">&gt;&gt;</a>&nbsp;&nbsp;&nbsp;Key_Check
<LI><a href="#[95]">&gt;&gt;</a>&nbsp;&nbsp;&nbsp;car_init
</UL>
<BR>[Address Reference Count : 1]<UL><LI> entry9a.o(.ARM.Collect$$$$0000000B)
</UL>
<P><STRONG><a name="[97]"></a>pit_init</STRONG> (Thumb, 78 bytes, Stack size 0 bytes, pit.o(i.pit_init))
<BR><BR>[Called By]<UL><LI><a href="#[96]">&gt;&gt;</a>&nbsp;&nbsp;&nbsp;car_interrupt_init
</UL>

<P><STRONG><a name="[7c]"></a>port_init</STRONG> (Thumb, 102 bytes, Stack size 20 bytes, port.o(i.port_init))
<BR><BR>[Stack]<UL><LI>Max Depth = 20<LI>Call Chain = port_init
</UL>
<BR>[Called By]<UL><LI><a href="#[9a]">&gt;&gt;</a>&nbsp;&nbsp;&nbsp;uart_init
<LI><a href="#[7a]">&gt;&gt;</a>&nbsp;&nbsp;&nbsp;NRF2401_Init
</UL>

<P><STRONG><a name="[9b]"></a>sendToSlaveCar</STRONG> (Thumb, 48 bytes, Stack size 8 bytes, main.o(i.sendToSlaveCar))
<BR><BR>[Stack]<UL><LI>Max Depth = 48<LI>Call Chain = sendToSlaveCar &rArr; NRF2401_SendData &rArr; NRF2401_WriteBuffer
</UL>
<BR>[Calls]<UL><LI><a href="#[85]">&gt;&gt;</a>&nbsp;&nbsp;&nbsp;NRF2401_SetTXMode
<LI><a href="#[82]">&gt;&gt;</a>&nbsp;&nbsp;&nbsp;NRF2401_SendData
<LI><a href="#[84]">&gt;&gt;</a>&nbsp;&nbsp;&nbsp;NRF2401_SetRXMode
<LI><a href="#[8b]">&gt;&gt;</a>&nbsp;&nbsp;&nbsp;__2printf
</UL>
<BR>[Called By]<UL><LI><a href="#[6f]">&gt;&gt;</a>&nbsp;&nbsp;&nbsp;main
</UL>

<P><STRONG><a name="[9c]"></a>systick_delay</STRONG> (Thumb, 44 bytes, Stack size 0 bytes, systick.o(i.systick_delay))
<BR><BR>[Called By]<UL><LI><a href="#[77]">&gt;&gt;</a>&nbsp;&nbsp;&nbsp;systick_delay_ms
</UL>

<P><STRONG><a name="[77]"></a>systick_delay_ms</STRONG> (Thumb, 32 bytes, Stack size 4 bytes, systick.o(i.systick_delay_ms))
<BR><BR>[Stack]<UL><LI>Max Depth = 4<LI>Call Chain = systick_delay_ms
</UL>
<BR>[Calls]<UL><LI><a href="#[9c]">&gt;&gt;</a>&nbsp;&nbsp;&nbsp;systick_delay
</UL>
<BR>[Called By]<UL><LI><a href="#[76]">&gt;&gt;</a>&nbsp;&nbsp;&nbsp;Key_Check
<LI><a href="#[93]">&gt;&gt;</a>&nbsp;&nbsp;&nbsp;buzzer_Ring
</UL>

<P><STRONG><a name="[9a]"></a>uart_init</STRONG> (Thumb, 452 bytes, Stack size 24 bytes, uart.o(i.uart_init))
<BR><BR>[Stack]<UL><LI>Max Depth = 44<LI>Call Chain = uart_init &rArr; port_init
</UL>
<BR>[Calls]<UL><LI><a href="#[7c]">&gt;&gt;</a>&nbsp;&nbsp;&nbsp;port_init
</UL>
<BR>[Called By]<UL><LI><a href="#[99]">&gt;&gt;</a>&nbsp;&nbsp;&nbsp;get_clk
</UL>

<P><STRONG><a name="[98]"></a>uart_putchar</STRONG> (Thumb, 28 bytes, Stack size 0 bytes, uart.o(i.uart_putchar))
<BR><BR>[Called By]<UL><LI><a href="#[72]">&gt;&gt;</a>&nbsp;&nbsp;&nbsp;fputc
</UL>
<P>
<H3>
Local Symbols
</H3>
<P><STRONG><a name="[94]"></a>car_communication_init</STRONG> (Thumb, 36 bytes, Stack size 8 bytes, smartcar_init.o(i.car_communication_init))
<BR><BR>[Stack]<UL><LI>Max Depth = 92<LI>Call Chain = car_communication_init &rArr; OLED_P6x8Str &rArr; OLED_Set_Pos &rArr; OLED_WrCmd &rArr; gpio_set
</UL>
<BR>[Calls]<UL><LI><a href="#[86]">&gt;&gt;</a>&nbsp;&nbsp;&nbsp;OLED_P6x8Str
<LI><a href="#[84]">&gt;&gt;</a>&nbsp;&nbsp;&nbsp;NRF2401_SetRXMode
<LI><a href="#[7a]">&gt;&gt;</a>&nbsp;&nbsp;&nbsp;NRF2401_Init
</UL>
<BR>[Called By]<UL><LI><a href="#[95]">&gt;&gt;</a>&nbsp;&nbsp;&nbsp;car_init
</UL>

<P><STRONG><a name="[96]"></a>car_interrupt_init</STRONG> (Thumb, 64 bytes, Stack size 8 bytes, smartcar_init.o(i.car_interrupt_init))
<BR><BR>[Stack]<UL><LI>Max Depth = 8<LI>Call Chain = car_interrupt_init
</UL>
<BR>[Calls]<UL><LI><a href="#[97]">&gt;&gt;</a>&nbsp;&nbsp;&nbsp;pit_init
</UL>
<BR>[Called By]<UL><LI><a href="#[95]">&gt;&gt;</a>&nbsp;&nbsp;&nbsp;car_init
</UL>

<P><STRONG><a name="[7e]"></a>NRF2401_ReadBuffer</STRONG> (Thumb, 56 bytes, Stack size 24 bytes, nrf2401.o(i.NRF2401_ReadBuffer))
<BR><BR>[Stack]<UL><LI>Max Depth = 24<LI>Call Chain = NRF2401_ReadBuffer
</UL>
<BR>[Calls]<UL><LI><a href="#[7f]">&gt;&gt;</a>&nbsp;&nbsp;&nbsp;NRF2401_ReadWriteByte
</UL>
<BR>[Called By]<UL><LI><a href="#[81]">&gt;&gt;</a>&nbsp;&nbsp;&nbsp;NRF2401_RecData
<LI><a href="#[7d]">&gt;&gt;</a>&nbsp;&nbsp;&nbsp;NRF24L01_Check
</UL>

<P><STRONG><a name="[7f]"></a>NRF2401_ReadWriteByte</STRONG> (Thumb, 56 bytes, Stack size 0 bytes, nrf2401.o(i.NRF2401_ReadWriteByte))
<BR><BR>[Called By]<UL><LI><a href="#[83]">&gt;&gt;</a>&nbsp;&nbsp;&nbsp;NRF2401_WriteBuffer
<LI><a href="#[80]">&gt;&gt;</a>&nbsp;&nbsp;&nbsp;NRF2401_ReadWriteReg
<LI><a href="#[7e]">&gt;&gt;</a>&nbsp;&nbsp;&nbsp;NRF2401_ReadBuffer
</UL>

<P><STRONG><a name="[80]"></a>NRF2401_ReadWriteReg</STRONG> (Thumb, 36 bytes, Stack size 16 bytes, nrf2401.o(i.NRF2401_ReadWriteReg))
<BR><BR>[Stack]<UL><LI>Max Depth = 16<LI>Call Chain = NRF2401_ReadWriteReg
</UL>
<BR>[Calls]<UL><LI><a href="#[7f]">&gt;&gt;</a>&nbsp;&nbsp;&nbsp;NRF2401_ReadWriteByte
</UL>
<BR>[Called By]<UL><LI><a href="#[85]">&gt;&gt;</a>&nbsp;&nbsp;&nbsp;NRF2401_SetTXMode
<LI><a href="#[82]">&gt;&gt;</a>&nbsp;&nbsp;&nbsp;NRF2401_SendData
<LI><a href="#[81]">&gt;&gt;</a>&nbsp;&nbsp;&nbsp;NRF2401_RecData
<LI><a href="#[84]">&gt;&gt;</a>&nbsp;&nbsp;&nbsp;NRF2401_SetRXMode
</UL>

<P><STRONG><a name="[83]"></a>NRF2401_WriteBuffer</STRONG> (Thumb, 56 bytes, Stack size 24 bytes, nrf2401.o(i.NRF2401_WriteBuffer))
<BR><BR>[Stack]<UL><LI>Max Depth = 24<LI>Call Chain = NRF2401_WriteBuffer
</UL>
<BR>[Calls]<UL><LI><a href="#[7f]">&gt;&gt;</a>&nbsp;&nbsp;&nbsp;NRF2401_ReadWriteByte
</UL>
<BR>[Called By]<UL><LI><a href="#[85]">&gt;&gt;</a>&nbsp;&nbsp;&nbsp;NRF2401_SetTXMode
<LI><a href="#[82]">&gt;&gt;</a>&nbsp;&nbsp;&nbsp;NRF2401_SendData
<LI><a href="#[7d]">&gt;&gt;</a>&nbsp;&nbsp;&nbsp;NRF24L01_Check
<LI><a href="#[84]">&gt;&gt;</a>&nbsp;&nbsp;&nbsp;NRF2401_SetRXMode
</UL>

<P><STRONG><a name="[7d]"></a>NRF24L01_Check</STRONG> (Thumb, 58 bytes, Stack size 16 bytes, nrf2401.o(i.NRF24L01_Check))
<BR><BR>[Stack]<UL><LI>Max Depth = 40<LI>Call Chain = NRF24L01_Check &rArr; NRF2401_WriteBuffer
</UL>
<BR>[Calls]<UL><LI><a href="#[83]">&gt;&gt;</a>&nbsp;&nbsp;&nbsp;NRF2401_WriteBuffer
<LI><a href="#[7e]">&gt;&gt;</a>&nbsp;&nbsp;&nbsp;NRF2401_ReadBuffer
</UL>
<BR>[Called By]<UL><LI><a href="#[7a]">&gt;&gt;</a>&nbsp;&nbsp;&nbsp;NRF2401_Init
</UL>

<P><STRONG><a name="[7b]"></a>NVIC_DisableIRQ</STRONG> (Thumb, 18 bytes, Stack size 0 bytes, nrf2401.o(i.NVIC_DisableIRQ))
<BR><BR>[Called By]<UL><LI><a href="#[85]">&gt;&gt;</a>&nbsp;&nbsp;&nbsp;NRF2401_SetTXMode
<LI><a href="#[7a]">&gt;&gt;</a>&nbsp;&nbsp;&nbsp;NRF2401_Init
</UL>

<P><STRONG><a name="[90]"></a>_printf_core</STRONG> (Thumb, 336 bytes, Stack size 88 bytes, printf1.o(i._printf_core), UNUSED)
<BR><BR>[Calls]<UL><LI><a href="#[91]">&gt;&gt;</a>&nbsp;&nbsp;&nbsp;__aeabi_uidivmod
</UL>
<BR>[Called By]<UL><LI><a href="#[8f]">&gt;&gt;</a>&nbsp;&nbsp;&nbsp;__0printf$1
</UL>
<P>
<H3>
Undefined Global Symbols
</H3><HR></body></html>
